--------- beginning of crash
05-17 16:57:39.347   966   966 I libpq_sec: mtk-brm-commit-id:f50d278717348fd9929efb64499037dfe172edba
05-17 16:57:39.347   966   966 I libpq_sec: mtk-brm-change-id:I7996f80a5c3f24cd69515255b14e6a054bc86351
05-17 16:57:39.347   966   966 I libpq_sec: mtk-brm-merge-id:none
05-17 16:57:39.908   969   969 I libpq_sec: mtk-brm-commit-id:f50d278717348fd9929efb64499037dfe172edba
05-17 16:57:39.908   969   969 I libpq_sec: mtk-brm-change-id:I7996f80a5c3f24cd69515255b14e6a054bc86351
05-17 16:57:39.908   969   969 I libpq_sec: mtk-brm-merge-id:none
05-17 16:57:40.533  1045  1279 I meow_lib: mtk-brm-commit-id:fd5bcd7aeba2f3e34241290c2e25c82f0c4e988d
05-17 16:57:40.533  1045  1279 I meow_lib: mtk-brm-change-id:Ib6376eb9f04a5b0fd3b34c055af103b87c7c80ac
05-17 16:57:40.533  1045  1279 I meow_lib: mtk-brm-merge-id:none
05-17 16:57:40.686  1045  1279 I libged  : mtk-brm-commit-id:722d4d057786ee46754f9b77939cdc75d12fa06f
05-17 16:57:40.686  1045  1279 I libged  : mtk-brm-change-id:I4573b37dc671335b64083430a22026f187852e25
05-17 16:57:40.686  1045  1279 I libged  : mtk-brm-merge-id:none
05-17 16:57:40.687  1045  1279 I libpq_sec: mtk-brm-commit-id:f50d278717348fd9929efb64499037dfe172edba
05-17 16:57:40.687  1045  1279 I libpq_sec: mtk-brm-change-id:I7996f80a5c3f24cd69515255b14e6a054bc86351
05-17 16:57:40.687  1045  1279 I libpq_sec: mtk-brm-merge-id:none
05-17 16:57:40.709  1045  1279 I libGLES_mali: mtk-brm-commit-id:a9262e6668badcea49bbe4868d5a64e0d9e29d57
05-17 16:57:40.709  1045  1279 I libGLES_mali: mtk-brm-change-id:I9dad7094379c81ec75c98c491bc9d6ca662b8957
05-17 16:57:40.709  1045  1279 I libGLES_mali: mtk-brm-merge-id:none
05-17 16:57:40.981  1336  1336 I emdlogger: mtk-brm-commit-id:04ab5bd912477cf2320dee54df9ac8b535476f2d
05-17 16:57:40.982  1336  1336 I emdlogger: mtk-brm-change-id:Ib405363e450403587f3a66bbe5b353966c086aba
05-17 16:57:40.982  1336  1336 I emdlogger: mtk-brm-merge-id:none
05-17 16:57:41.025  1045  1279 I libMEOW_gift: mtk-brm-commit-id:b59bc59925939e58e917d73bb70589903975f54a
05-17 16:57:41.025  1045  1279 I libMEOW_gift: mtk-brm-change-id:I094ebd0dbb735cad04d8464f33f48954f3e5909d
05-17 16:57:41.025  1045  1279 I libMEOW_gift: mtk-brm-merge-id:none
05-17 16:57:41.074  1244  1244 I libimsma_adapt: mtk-brm-commit-id:8783a29bae0ae84a456239f3212f27bdafa94c91
05-17 16:57:41.074  1244  1244 I libimsma_adapt: mtk-brm-change-id:Iee598bb542f5de895a4b71649fbc79b2d93bc3de
05-17 16:57:41.074  1244  1244 I libimsma_adapt: mtk-brm-merge-id:none
05-17 16:57:41.495  1408  1408 I libpq_sec: mtk-brm-commit-id:f50d278717348fd9929efb64499037dfe172edba
05-17 16:57:41.496  1408  1408 I libpq_sec: mtk-brm-change-id:I7996f80a5c3f24cd69515255b14e6a054bc86351
05-17 16:57:41.496  1408  1408 I libpq_sec: mtk-brm-merge-id:none
05-17 16:57:43.617  1374  1374 I libpq_sec: mtk-brm-commit-id:f50d278717348fd9929efb64499037dfe172edba
05-17 16:57:43.617  1374  1374 I libpq_sec: mtk-brm-change-id:I7996f80a5c3f24cd69515255b14e6a054bc86351
05-17 16:57:43.617  1374  1374 I libpq_sec: mtk-brm-merge-id:none
05-17 16:57:45.074   936   936 I libpq_sec: mtk-brm-commit-id:f50d278717348fd9929efb64499037dfe172edba
05-17 16:57:45.074   936   936 I libpq_sec: mtk-brm-change-id:I7996f80a5c3f24cd69515255b14e6a054bc86351
05-17 16:57:45.074   936   936 I libpq_sec: mtk-brm-merge-id:none
05-17 16:57:45.106   936   936 I meow_lib: mtk-brm-commit-id:fd5bcd7aeba2f3e34241290c2e25c82f0c4e988d
05-17 16:57:45.106   936   936 I meow_lib: mtk-brm-change-id:Ib6376eb9f04a5b0fd3b34c055af103b87c7c80ac
05-17 16:57:45.106   936   936 I meow_lib: mtk-brm-merge-id:none
05-17 16:57:45.156   936   936 I libMEOW_gift: mtk-brm-commit-id:b59bc59925939e58e917d73bb70589903975f54a
05-17 16:57:45.156   936   936 I libMEOW_gift: mtk-brm-change-id:I094ebd0dbb735cad04d8464f33f48954f3e5909d
05-17 16:57:45.156   936   936 I libMEOW_gift: mtk-brm-merge-id:none
05-17 16:57:49.085  1606  1791 I meow_lib: mtk-brm-commit-id:fd5bcd7aeba2f3e34241290c2e25c82f0c4e988d
05-17 16:57:49.085  1606  1791 I meow_lib: mtk-brm-change-id:Ib6376eb9f04a5b0fd3b34c055af103b87c7c80ac
05-17 16:57:49.085  1606  1791 I meow_lib: mtk-brm-merge-id:none
05-17 16:57:49.123  1606  1791 I libpq_sec: mtk-brm-commit-id:f50d278717348fd9929efb64499037dfe172edba
05-17 16:57:49.123  1606  1791 I libpq_sec: mtk-brm-change-id:I7996f80a5c3f24cd69515255b14e6a054bc86351
05-17 16:57:49.123  1606  1791 I libpq_sec: mtk-brm-merge-id:none
05-17 16:57:49.264  1606  1791 I libMEOW_gift: mtk-brm-commit-id:b59bc59925939e58e917d73bb70589903975f54a
05-17 16:57:49.264  1606  1791 I libMEOW_gift: mtk-brm-change-id:I094ebd0dbb735cad04d8464f33f48954f3e5909d
05-17 16:57:49.264  1606  1791 I libMEOW_gift: mtk-brm-merge-id:none
05-17 16:58:00.294   937   937 I libpq_sec: mtk-brm-commit-id:f50d278717348fd9929efb64499037dfe172edba
05-17 16:58:00.294   937   937 I libpq_sec: mtk-brm-change-id:I7996f80a5c3f24cd69515255b14e6a054bc86351
05-17 16:58:00.294   937   937 I libpq_sec: mtk-brm-merge-id:none
05-17 16:58:00.597   937   937 I meow_lib: mtk-brm-commit-id:fd5bcd7aeba2f3e34241290c2e25c82f0c4e988d
05-17 16:58:00.597   937   937 I meow_lib: mtk-brm-change-id:Ib6376eb9f04a5b0fd3b34c055af103b87c7c80ac
05-17 16:58:00.597   937   937 I meow_lib: mtk-brm-merge-id:none
05-17 16:58:00.684   937   937 I libMEOW_gift: mtk-brm-commit-id:b59bc59925939e58e917d73bb70589903975f54a
05-17 16:58:00.684   937   937 I libMEOW_gift: mtk-brm-change-id:I094ebd0dbb735cad04d8464f33f48954f3e5909d
05-17 16:58:00.684   937   937 I libMEOW_gift: mtk-brm-merge-id:none
05-17 17:06:43.826  1029  1029 I liboemcrypto: mtk-brm-commit-id:7ddb9ca1c55d015d9a7246c528352e15a21a24c6
05-17 17:06:43.826  1029  1029 I liboemcrypto: mtk-brm-change-id:I0e7409828a111ed2f14f3efbd155a48bebf5510c
05-17 17:06:43.826  1029  1029 I liboemcrypto: mtk-brm-merge-id:none
05-18 07:04:17.612 24752 24752 I libpq_sec: mtk-brm-commit-id:f50d278717348fd9929efb64499037dfe172edba
05-18 07:04:17.613 24752 24752 I libpq_sec: mtk-brm-change-id:I7996f80a5c3f24cd69515255b14e6a054bc86351
05-18 07:04:17.613 24752 24752 I libpq_sec: mtk-brm-merge-id:none
05-19 22:56:05.714 30751 30751 I libneuralnetworks_sl_driver: mtk-brm-commit-id:d8ba63aa84fd71ce61d80f472a5e4892c620c130
05-19 22:56:05.714 30751 30751 I libneuralnetworks_sl_driver: mtk-brm-change-id:Ib70af6811ba8559a9faeaa069247b312de8c1a3d
05-19 22:56:05.714 30751 30751 I libneuralnetworks_sl_driver: mtk-brm-merge-id:none
05-19 22:56:05.730 30751 30751 I neuralnetworks_shim: mtk-brm-commit-id:b8002b85a0614adb26fcb0a6db50b59fdf08feb0
05-19 22:56:05.730 30751 30751 I neuralnetworks_shim: mtk-brm-change-id:Ie925306a63a8c4f1324caf069ee471cd742ccfc4
05-19 22:56:05.730 30751 30751 I neuralnetworks_shim: mtk-brm-merge-id:none
05-24 21:08:55.296  1374 19159 I meow_lib: mtk-brm-commit-id:fd5bcd7aeba2f3e34241290c2e25c82f0c4e988d
05-24 21:08:55.296  1374 19159 I meow_lib: mtk-brm-change-id:Ib6376eb9f04a5b0fd3b34c055af103b87c7c80ac
05-24 21:08:55.296  1374 19159 I meow_lib: mtk-brm-merge-id:none
05-24 21:08:55.741  1374 19159 I libMEOW_gift: mtk-brm-commit-id:b59bc59925939e58e917d73bb70589903975f54a
05-24 21:08:55.741  1374 19159 I libMEOW_gift: mtk-brm-change-id:I094ebd0dbb735cad04d8464f33f48954f3e5909d
05-24 21:08:55.741  1374 19159 I libMEOW_gift: mtk-brm-merge-id:none
06-03 20:11:30.716 20340 20469 E AndroidRuntime: FATAL EXCEPTION: create_react_context
06-03 20:11:30.716 20340 20469 E AndroidRuntime: Process: com.aegisapp, PID: 20340
06-03 20:11:30.716 20340 20469 E AndroidRuntime: java.lang.UnsatisfiedLinkError: dlopen failed: library "../../../../src/main/jniLibs/arm64-v8a/libopen_face_engine.so" not found: needed by /data/app/~~bozOzm1x2_dBjH5fDRnIVg==/com.aegisapp-j2qxiMYOrTBHdInBpwrqYA==/base.apk!/lib/arm64-v8a/libopen_face_jni.so in namespace clns-7
06-03 20:11:30.716 20340 20469 E AndroidRuntime: 	at java.lang.Runtime.loadLibrary0(Runtime.java:1097)
06-03 20:11:30.716 20340 20469 E AndroidRuntime: 	at java.lang.Runtime.loadLibrary0(Runtime.java:1019)
06-03 20:11:30.716 20340 20469 E AndroidRuntime: 	at java.lang.System.loadLibrary(System.java:1765)
06-03 20:11:30.716 20340 20469 E AndroidRuntime: 	at com.OpenFace.OpenFaceModule.<clinit>(OpenFaceModule.java:34)
06-03 20:11:30.716 20340 20469 E AndroidRuntime: 	at com.OpenFace.OpenFacePackage.createNativeModules(OpenFacePackage.java:19)
06-03 20:11:30.716 20340 20469 E AndroidRuntime: 	at com.facebook.react.ReactPackageHelper.getNativeModuleIterator(ReactPackageHelper.java:35)
06-03 20:11:30.716 20340 20469 E AndroidRuntime: 	at com.facebook.react.NativeModuleRegistryBuilder.processPackage(NativeModuleRegistryBuilder.java:40)
06-03 20:11:30.716 20340 20469 E AndroidRuntime: 	at com.facebook.react.ReactInstanceManager.processPackage(ReactInstanceManager.java:1467)
06-03 20:11:30.716 20340 20469 E AndroidRuntime: 	at com.facebook.react.ReactInstanceManager.processPackages(ReactInstanceManager.java:1438)
06-03 20:11:30.716 20340 20469 E AndroidRuntime: 	at com.facebook.react.ReactInstanceManager.createReactContext(ReactInstanceManager.java:1350)
06-03 20:11:30.716 20340 20469 E AndroidRuntime: 	at com.facebook.react.ReactInstanceManager.lambda$runCreateReactContextOnNewThread$2(ReactInstanceManager.java:1121)
06-03 20:11:30.716 20340 20469 E AndroidRuntime: 	at com.facebook.react.ReactInstanceManager.$r8$lambda$AwGS8CysOZmWJw3kRVARHQvw9Ew(Unknown Source:0)
06-03 20:11:30.716 20340 20469 E AndroidRuntime: 	at com.facebook.react.ReactInstanceManager$$ExternalSyntheticLambda5.run(Unknown Source:4)
06-03 20:11:30.716 20340 20469 E AndroidRuntime: 	at java.lang.Thread.run(Thread.java:1564)
06-03 20:11:37.987 20606 20711 E AndroidRuntime: FATAL EXCEPTION: create_react_context
06-03 20:11:37.987 20606 20711 E AndroidRuntime: Process: com.aegisapp, PID: 20606
06-03 20:11:37.987 20606 20711 E AndroidRuntime: java.lang.UnsatisfiedLinkError: dlopen failed: library "../../../../src/main/jniLibs/arm64-v8a/libopen_face_engine.so" not found: needed by /data/app/~~bozOzm1x2_dBjH5fDRnIVg==/com.aegisapp-j2qxiMYOrTBHdInBpwrqYA==/base.apk!/lib/arm64-v8a/libopen_face_jni.so in namespace clns-7
06-03 20:11:37.987 20606 20711 E AndroidRuntime: 	at java.lang.Runtime.loadLibrary0(Runtime.java:1097)
06-03 20:11:37.987 20606 20711 E AndroidRuntime: 	at java.lang.Runtime.loadLibrary0(Runtime.java:1019)
06-03 20:11:37.987 20606 20711 E AndroidRuntime: 	at java.lang.System.loadLibrary(System.java:1765)
06-03 20:11:37.987 20606 20711 E AndroidRuntime: 	at com.OpenFace.OpenFaceModule.<clinit>(OpenFaceModule.java:34)
06-03 20:11:37.987 20606 20711 E AndroidRuntime: 	at com.OpenFace.OpenFacePackage.createNativeModules(OpenFacePackage.java:19)
06-03 20:11:37.987 20606 20711 E AndroidRuntime: 	at com.facebook.react.ReactPackageHelper.getNativeModuleIterator(ReactPackageHelper.java:35)
06-03 20:11:37.987 20606 20711 E AndroidRuntime: 	at com.facebook.react.NativeModuleRegistryBuilder.processPackage(NativeModuleRegistryBuilder.java:40)
06-03 20:11:37.987 20606 20711 E AndroidRuntime: 	at com.facebook.react.ReactInstanceManager.processPackage(ReactInstanceManager.java:1467)
06-03 20:11:37.987 20606 20711 E AndroidRuntime: 	at com.facebook.react.ReactInstanceManager.processPackages(ReactInstanceManager.java:1438)
06-03 20:11:37.987 20606 20711 E AndroidRuntime: 	at com.facebook.react.ReactInstanceManager.createReactContext(ReactInstanceManager.java:1350)
06-03 20:11:37.987 20606 20711 E AndroidRuntime: 	at com.facebook.react.ReactInstanceManager.lambda$runCreateReactContextOnNewThread$2(ReactInstanceManager.java:1121)
06-03 20:11:37.987 20606 20711 E AndroidRuntime: 	at com.facebook.react.ReactInstanceManager.$r8$lambda$AwGS8CysOZmWJw3kRVARHQvw9Ew(Unknown Source:0)
06-03 20:11:37.987 20606 20711 E AndroidRuntime: 	at com.facebook.react.ReactInstanceManager$$ExternalSyntheticLambda5.run(Unknown Source:4)
06-03 20:11:37.987 20606 20711 E AndroidRuntime: 	at java.lang.Thread.run(Thread.java:1564)
06-03 21:51:51.811 19237 19237 E AndroidRuntime: FATAL EXCEPTION: main
06-03 21:51:51.811 19237 19237 E AndroidRuntime: Process: com.aegisapp, PID: 19237
06-03 21:51:51.811 19237 19237 E AndroidRuntime: java.lang.ExceptionInInitializerError
06-03 21:51:51.811 19237 19237 E AndroidRuntime: 	at S1.w.b(Unknown Source:273)
06-03 21:51:51.811 19237 19237 E AndroidRuntime: 	at S1.k.onCreate(Unknown Source:501)
06-03 21:51:51.811 19237 19237 E AndroidRuntime: 	at android.app.Activity.performCreate(Activity.java:9196)
06-03 21:51:51.811 19237 19237 E AndroidRuntime: 	at android.app.Activity.performCreate(Activity.java:9168)
06-03 21:51:51.811 19237 19237 E AndroidRuntime: 	at android.app.Instrumentation.callActivityOnCreate(Instrumentation.java:1544)
06-03 21:51:51.811 19237 19237 E AndroidRuntime: 	at android.app.ActivityThread.performLaunchActivity(ActivityThread.java:4346)
06-03 21:51:51.811 19237 19237 E AndroidRuntime: 	at android.app.ActivityThread.handleLaunchActivity(ActivityThread.java:4569)
06-03 21:51:51.811 19237 19237 E AndroidRuntime: 	at android.app.servertransaction.LaunchActivityItem.execute(LaunchActivityItem.java:126)
06-03 21:51:51.811 19237 19237 E AndroidRuntime: 	at android.app.servertransaction.TransactionExecutor.executeNonLifecycleItem(TransactionExecutor.java:179)
06-03 21:51:51.811 19237 19237 E AndroidRuntime: 	at android.app.servertransaction.TransactionExecutor.executeTransactionItems(TransactionExecutor.java:114)
06-03 21:51:51.811 19237 19237 E AndroidRuntime: 	at android.app.servertransaction.TransactionExecutor.execute(TransactionExecutor.java:86)
06-03 21:51:51.811 19237 19237 E AndroidRuntime: 	at android.app.ActivityThread$H.handleMessage(ActivityThread.java:2902)
06-03 21:51:51.811 19237 19237 E AndroidRuntime: 	at android.os.Handler.dispatchMessage(Handler.java:107)
06-03 21:51:51.811 19237 19237 E AndroidRuntime: 	at android.os.Looper.loopOnce(Looper.java:282)
06-03 21:51:51.811 19237 19237 E AndroidRuntime: 	at android.os.Looper.loop(Looper.java:387)
06-03 21:51:51.811 19237 19237 E AndroidRuntime: 	at android.app.ActivityThread.main(ActivityThread.java:9500)
06-03 21:51:51.811 19237 19237 E AndroidRuntime: 	at java.lang.reflect.Method.invoke(Native Method)
06-03 21:51:51.811 19237 19237 E AndroidRuntime: 	at com.android.internal.os.RuntimeInit$MethodAndArgsCaller.run(RuntimeInit.java:600)
06-03 21:51:51.811 19237 19237 E AndroidRuntime: 	at com.android.internal.os.ZygoteInit.main(ZygoteInit.java:1005)
06-03 21:51:51.811 19237 19237 E AndroidRuntime: Caused by: java.lang.ClassNotFoundException: com.facebook.hermes.reactexecutor.HermesExecutor
06-03 21:51:51.811 19237 19237 E AndroidRuntime: 	at java.lang.Runtime.nativeLoad(Native Method)
06-03 21:51:51.811 19237 19237 E AndroidRuntime: 	at java.lang.Runtime.loadLibrary0(Runtime.java:1095)
06-03 21:51:51.811 19237 19237 E AndroidRuntime: 	at java.lang.Runtime.loadLibrary0(Runtime.java:1019)
06-03 21:51:51.811 19237 19237 E AndroidRuntime: 	at java.lang.System.loadLibrary(System.java:1765)
06-03 21:51:51.811 19237 19237 E AndroidRuntime: 	at W1.d.d(Unknown Source:0)
06-03 21:51:51.811 19237 19237 E AndroidRuntime: 	at V2.a.w(Unknown Source:8)
06-03 21:51:51.811 19237 19237 E AndroidRuntime: 	at com.facebook.soloader.SoLoader.n(Unknown Source:9)
06-03 21:51:51.811 19237 19237 E AndroidRuntime: 	at y1.a.a(Unknown Source:11)
06-03 21:51:51.811 19237 19237 E AndroidRuntime: 	at y1.a.<clinit>(Unknown Source:0)
06-03 21:51:51.811 19237 19237 E AndroidRuntime: 	... 19 more
06-03 21:51:55.970 19388 19388 E AndroidRuntime: FATAL EXCEPTION: main
06-03 21:51:55.970 19388 19388 E AndroidRuntime: Process: com.aegisapp, PID: 19388
06-03 21:51:55.970 19388 19388 E AndroidRuntime: java.lang.ExceptionInInitializerError
06-03 21:51:55.970 19388 19388 E AndroidRuntime: 	at S1.w.b(Unknown Source:273)
06-03 21:51:55.970 19388 19388 E AndroidRuntime: 	at S1.k.onCreate(Unknown Source:501)
06-03 21:51:55.970 19388 19388 E AndroidRuntime: 	at android.app.Activity.performCreate(Activity.java:9196)
06-03 21:51:55.970 19388 19388 E AndroidRuntime: 	at android.app.Activity.performCreate(Activity.java:9168)
06-03 21:51:55.970 19388 19388 E AndroidRuntime: 	at android.app.Instrumentation.callActivityOnCreate(Instrumentation.java:1544)
06-03 21:51:55.970 19388 19388 E AndroidRuntime: 	at android.app.ActivityThread.performLaunchActivity(ActivityThread.java:4346)
06-03 21:51:55.970 19388 19388 E AndroidRuntime: 	at android.app.ActivityThread.handleLaunchActivity(ActivityThread.java:4569)
06-03 21:51:55.970 19388 19388 E AndroidRuntime: 	at android.app.servertransaction.LaunchActivityItem.execute(LaunchActivityItem.java:126)
06-03 21:51:55.970 19388 19388 E AndroidRuntime: 	at android.app.servertransaction.TransactionExecutor.executeNonLifecycleItem(TransactionExecutor.java:179)
06-03 21:51:55.970 19388 19388 E AndroidRuntime: 	at android.app.servertransaction.TransactionExecutor.executeTransactionItems(TransactionExecutor.java:114)
06-03 21:51:55.970 19388 19388 E AndroidRuntime: 	at android.app.servertransaction.TransactionExecutor.execute(TransactionExecutor.java:86)
06-03 21:51:55.970 19388 19388 E AndroidRuntime: 	at android.app.ActivityThread$H.handleMessage(ActivityThread.java:2902)
06-03 21:51:55.970 19388 19388 E AndroidRuntime: 	at android.os.Handler.dispatchMessage(Handler.java:107)
06-03 21:51:55.970 19388 19388 E AndroidRuntime: 	at android.os.Looper.loopOnce(Looper.java:282)
06-03 21:51:55.970 19388 19388 E AndroidRuntime: 	at android.os.Looper.loop(Looper.java:387)
06-03 21:51:55.970 19388 19388 E AndroidRuntime: 	at android.app.ActivityThread.main(ActivityThread.java:9500)
06-03 21:51:55.970 19388 19388 E AndroidRuntime: 	at java.lang.reflect.Method.invoke(Native Method)
06-03 21:51:55.970 19388 19388 E AndroidRuntime: 	at com.android.internal.os.RuntimeInit$MethodAndArgsCaller.run(RuntimeInit.java:600)
06-03 21:51:55.970 19388 19388 E AndroidRuntime: 	at com.android.internal.os.ZygoteInit.main(ZygoteInit.java:1005)
06-03 21:51:55.970 19388 19388 E AndroidRuntime: Caused by: java.lang.ClassNotFoundException: com.facebook.hermes.reactexecutor.HermesExecutor
06-03 21:51:55.970 19388 19388 E AndroidRuntime: 	at java.lang.Runtime.nativeLoad(Native Method)
06-03 21:51:55.970 19388 19388 E AndroidRuntime: 	at java.lang.Runtime.loadLibrary0(Runtime.java:1095)
06-03 21:51:55.970 19388 19388 E AndroidRuntime: 	at java.lang.Runtime.loadLibrary0(Runtime.java:1019)
06-03 21:51:55.970 19388 19388 E AndroidRuntime: 	at java.lang.System.loadLibrary(System.java:1765)
06-03 21:51:55.970 19388 19388 E AndroidRuntime: 	at W1.d.d(Unknown Source:0)
06-03 21:51:55.970 19388 19388 E AndroidRuntime: 	at V2.a.w(Unknown Source:8)
06-03 21:51:55.970 19388 19388 E AndroidRuntime: 	at com.facebook.soloader.SoLoader.n(Unknown Source:9)
06-03 21:51:55.970 19388 19388 E AndroidRuntime: 	at y1.a.a(Unknown Source:11)
06-03 21:51:55.970 19388 19388 E AndroidRuntime: 	at y1.a.<clinit>(Unknown Source:0)
06-03 21:51:55.970 19388 19388 E AndroidRuntime: 	... 19 more
06-03 21:52:02.352 19578 19578 E AndroidRuntime: FATAL EXCEPTION: main
06-03 21:52:02.352 19578 19578 E AndroidRuntime: Process: com.aegisapp, PID: 19578
06-03 21:52:02.352 19578 19578 E AndroidRuntime: java.lang.ExceptionInInitializerError
06-03 21:52:02.352 19578 19578 E AndroidRuntime: 	at S1.w.b(Unknown Source:273)
06-03 21:52:02.352 19578 19578 E AndroidRuntime: 	at S1.k.onCreate(Unknown Source:501)
06-03 21:52:02.352 19578 19578 E AndroidRuntime: 	at android.app.Activity.performCreate(Activity.java:9196)
06-03 21:52:02.352 19578 19578 E AndroidRuntime: 	at android.app.Activity.performCreate(Activity.java:9168)
06-03 21:52:02.352 19578 19578 E AndroidRuntime: 	at android.app.Instrumentation.callActivityOnCreate(Instrumentation.java:1544)
06-03 21:52:02.352 19578 19578 E AndroidRuntime: 	at android.app.ActivityThread.performLaunchActivity(ActivityThread.java:4346)
06-03 21:52:02.352 19578 19578 E AndroidRuntime: 	at android.app.ActivityThread.handleLaunchActivity(ActivityThread.java:4569)
06-03 21:52:02.352 19578 19578 E AndroidRuntime: 	at android.app.servertransaction.LaunchActivityItem.execute(LaunchActivityItem.java:126)
06-03 21:52:02.352 19578 19578 E AndroidRuntime: 	at android.app.servertransaction.TransactionExecutor.executeNonLifecycleItem(TransactionExecutor.java:179)
06-03 21:52:02.352 19578 19578 E AndroidRuntime: 	at android.app.servertransaction.TransactionExecutor.executeTransactionItems(TransactionExecutor.java:114)
06-03 21:52:02.352 19578 19578 E AndroidRuntime: 	at android.app.servertransaction.TransactionExecutor.execute(TransactionExecutor.java:86)
06-03 21:52:02.352 19578 19578 E AndroidRuntime: 	at android.app.ActivityThread$H.handleMessage(ActivityThread.java:2902)
06-03 21:52:02.352 19578 19578 E AndroidRuntime: 	at android.os.Handler.dispatchMessage(Handler.java:107)
06-03 21:52:02.352 19578 19578 E AndroidRuntime: 	at android.os.Looper.loopOnce(Looper.java:282)
06-03 21:52:02.352 19578 19578 E AndroidRuntime: 	at android.os.Looper.loop(Looper.java:387)
06-03 21:52:02.352 19578 19578 E AndroidRuntime: 	at android.app.ActivityThread.main(ActivityThread.java:9500)
06-03 21:52:02.352 19578 19578 E AndroidRuntime: 	at java.lang.reflect.Method.invoke(Native Method)
06-03 21:52:02.352 19578 19578 E AndroidRuntime: 	at com.android.internal.os.RuntimeInit$MethodAndArgsCaller.run(RuntimeInit.java:600)
06-03 21:52:02.352 19578 19578 E AndroidRuntime: 	at com.android.internal.os.ZygoteInit.main(ZygoteInit.java:1005)
06-03 21:52:02.352 19578 19578 E AndroidRuntime: Caused by: java.lang.ClassNotFoundException: com.facebook.hermes.reactexecutor.HermesExecutor
06-03 21:52:02.352 19578 19578 E AndroidRuntime: 	at java.lang.Runtime.nativeLoad(Native Method)
06-03 21:52:02.352 19578 19578 E AndroidRuntime: 	at java.lang.Runtime.loadLibrary0(Runtime.java:1095)
06-03 21:52:02.352 19578 19578 E AndroidRuntime: 	at java.lang.Runtime.loadLibrary0(Runtime.java:1019)
06-03 21:52:02.352 19578 19578 E AndroidRuntime: 	at java.lang.System.loadLibrary(System.java:1765)
06-03 21:52:02.352 19578 19578 E AndroidRuntime: 	at W1.d.d(Unknown Source:0)
06-03 21:52:02.352 19578 19578 E AndroidRuntime: 	at V2.a.w(Unknown Source:8)
06-03 21:52:02.352 19578 19578 E AndroidRuntime: 	at com.facebook.soloader.SoLoader.n(Unknown Source:9)
06-03 21:52:02.352 19578 19578 E AndroidRuntime: 	at y1.a.a(Unknown Source:11)
06-03 21:52:02.352 19578 19578 E AndroidRuntime: 	at y1.a.<clinit>(Unknown Source:0)
06-03 21:52:02.352 19578 19578 E AndroidRuntime: 	... 19 more
06-03 21:52:06.630 19713 19713 E AndroidRuntime: FATAL EXCEPTION: main
06-03 21:52:06.630 19713 19713 E AndroidRuntime: Process: com.aegisapp, PID: 19713
06-03 21:52:06.630 19713 19713 E AndroidRuntime: java.lang.ExceptionInInitializerError
06-03 21:52:06.630 19713 19713 E AndroidRuntime: 	at S1.w.b(Unknown Source:273)
06-03 21:52:06.630 19713 19713 E AndroidRuntime: 	at S1.k.onCreate(Unknown Source:501)
06-03 21:52:06.630 19713 19713 E AndroidRuntime: 	at android.app.Activity.performCreate(Activity.java:9196)
06-03 21:52:06.630 19713 19713 E AndroidRuntime: 	at android.app.Activity.performCreate(Activity.java:9168)
06-03 21:52:06.630 19713 19713 E AndroidRuntime: 	at android.app.Instrumentation.callActivityOnCreate(Instrumentation.java:1544)
06-03 21:52:06.630 19713 19713 E AndroidRuntime: 	at android.app.ActivityThread.performLaunchActivity(ActivityThread.java:4346)
06-03 21:52:06.630 19713 19713 E AndroidRuntime: 	at android.app.ActivityThread.handleLaunchActivity(ActivityThread.java:4569)
06-03 21:52:06.630 19713 19713 E AndroidRuntime: 	at android.app.servertransaction.LaunchActivityItem.execute(LaunchActivityItem.java:126)
06-03 21:52:06.630 19713 19713 E AndroidRuntime: 	at android.app.servertransaction.TransactionExecutor.executeNonLifecycleItem(TransactionExecutor.java:179)
06-03 21:52:06.630 19713 19713 E AndroidRuntime: 	at android.app.servertransaction.TransactionExecutor.executeTransactionItems(TransactionExecutor.java:114)
06-03 21:52:06.630 19713 19713 E AndroidRuntime: 	at android.app.servertransaction.TransactionExecutor.execute(TransactionExecutor.java:86)
06-03 21:52:06.630 19713 19713 E AndroidRuntime: 	at android.app.ActivityThread$H.handleMessage(ActivityThread.java:2902)
06-03 21:52:06.630 19713 19713 E AndroidRuntime: 	at android.os.Handler.dispatchMessage(Handler.java:107)
06-03 21:52:06.630 19713 19713 E AndroidRuntime: 	at android.os.Looper.loopOnce(Looper.java:282)
06-03 21:52:06.630 19713 19713 E AndroidRuntime: 	at android.os.Looper.loop(Looper.java:387)
06-03 21:52:06.630 19713 19713 E AndroidRuntime: 	at android.app.ActivityThread.main(ActivityThread.java:9500)
06-03 21:52:06.630 19713 19713 E AndroidRuntime: 	at java.lang.reflect.Method.invoke(Native Method)
06-03 21:52:06.630 19713 19713 E AndroidRuntime: 	at com.android.internal.os.RuntimeInit$MethodAndArgsCaller.run(RuntimeInit.java:600)
06-03 21:52:06.630 19713 19713 E AndroidRuntime: 	at com.android.internal.os.ZygoteInit.main(ZygoteInit.java:1005)
06-03 21:52:06.630 19713 19713 E AndroidRuntime: Caused by: java.lang.ClassNotFoundException: com.facebook.hermes.reactexecutor.HermesExecutor
06-03 21:52:06.630 19713 19713 E AndroidRuntime: 	at java.lang.Runtime.nativeLoad(Native Method)
06-03 21:52:06.630 19713 19713 E AndroidRuntime: 	at java.lang.Runtime.loadLibrary0(Runtime.java:1095)
06-03 21:52:06.630 19713 19713 E AndroidRuntime: 	at java.lang.Runtime.loadLibrary0(Runtime.java:1019)
06-03 21:52:06.630 19713 19713 E AndroidRuntime: 	at java.lang.System.loadLibrary(System.java:1765)
06-03 21:52:06.630 19713 19713 E AndroidRuntime: 	at W1.d.d(Unknown Source:0)
06-03 21:52:06.630 19713 19713 E AndroidRuntime: 	at V2.a.w(Unknown Source:8)
06-03 21:52:06.630 19713 19713 E AndroidRuntime: 	at com.facebook.soloader.SoLoader.n(Unknown Source:9)
06-03 21:52:06.630 19713 19713 E AndroidRuntime: 	at y1.a.a(Unknown Source:11)
06-03 21:52:06.630 19713 19713 E AndroidRuntime: 	at y1.a.<clinit>(Unknown Source:0)
06-03 21:52:06.630 19713 19713 E AndroidRuntime: 	... 19 more
--------- beginning of system
06-03 23:26:19.616  1888  1960 D PowerManagerService: userActivityNoUpdateLocked: groupId=0, eventTime=718602820, event=touch, flags=0x0, uid=1000
06-03 23:26:19.691  1888  2857 I ActivityManager: Death received, pid = 27039, processName = com.oplus.romupdate for thread android.os.BinderProxy@f34e1d5
06-03 23:26:19.706  1888  1916 D DisplayManagerService: Drop pending events for gone uid 10188
06-03 23:26:19.720  1888  1960 D PowerManagerService: userActivityNoUpdateLocked: groupId=0, eventTime=718602920, event=touch, flags=0x0, uid=1000
06-03 23:26:19.819  1888  1960 D PowerManagerService: userActivityNoUpdateLocked: groupId=0, eventTime=718603026, event=touch, flags=0x0, uid=1000
06-03 23:26:20.486  1888  2232 I OplusStatusBarManagerServiceEnhance:  getTopIsFullscreen mTopIsFullscreen: false
06-03 23:26:20.487  1888  1888 D NotificationService--OplusNotificationManagerServiceExtImpl: isForwardToAssistants: false, case : Is in mMcsNotInterceptPkgList or is isSystemApp
06-03 23:26:20.487  1888  1888 D NotificationService: This application enqueue notifications is not need postDelayed
06-03 23:26:21.447   652 10200 I keystore2: system/security/keystore2/watchdog/src/lib.rs:319 - Watchdog thread idle -> terminating. Have a great day.
06-03 23:26:23.571  1888  2232 I OplusStatusBarManagerServiceEnhance:  getTopIsFullscreen mTopIsFullscreen: false
06-03 23:26:23.573  1888  1888 D NotificationService--OplusNotificationManagerServiceExtImpl: isForwardToAssistants: false, case : Is in mMcsNotInterceptPkgList or is isSystemApp
06-03 23:26:23.573  1888  1888 D NotificationService: This application enqueue notifications is not need postDelayed
06-03 23:26:26.627  1888  2232 I OplusStatusBarManagerServiceEnhance:  getTopIsFullscreen mTopIsFullscreen: false
06-03 23:26:26.629  1888  1888 D NotificationService--OplusNotificationManagerServiceExtImpl: isForwardToAssistants: false, case : Is in mMcsNotInterceptPkgList or is isSystemApp
06-03 23:26:26.629  1888  1888 D NotificationService: This application enqueue notifications is not need postDelayed
06-03 23:26:26.685  1888  6350 I ActivityManager: Killing 8991:com.heytap.htms:cloudctrl/u0a345 (adj 925): empty #7
06-03 23:26:26.703  1888  1927 D AppProfilerExtImpl: Skipped pss collection for CPU busy
06-03 23:26:26.777  1888  2959 I ActivityManager: Death received, pid = 8991, processName = com.heytap.htms:cloudctrl for thread android.os.BinderProxy@3fcb7d3
06-03 23:26:26.794  1888  1916 D DisplayManagerService: Drop pending events for gone uid 10345
06-03 23:26:28.218  1888  2964 I ActivityManager: Killing 9585:com.instagram.barcelona/u0a291 (adj 905): empty #7
06-03 23:26:28.266  1888  1942 W ActivityManager: ProcessRecord{e0bdb62 9585:com.instagram.barcelona/u0a291} is attached to a previous process
06-03 23:26:28.268  1888  1942 W ActivityManager: Existing proc ProcessRecord{e0bdb62 9585:com.instagram.barcelona/u0a291} was killed 41ms ago when adding ProcessRecord{69e6a09 0:com.instagram.barcelona/u0a291}
06-03 23:26:28.271  1888  1916 D DisplayManagerService: Drop pending events for gone uid 10291
06-03 23:26:28.383  1888  4209 I ActivityManager: Death received, pid = 9585, processName = com.instagram.barcelona for thread android.os.BinderProxy@b19600
06-03 23:26:28.388  1888  1935 W ActivityManager: Slow operation: 119ms so far, now at startProcess: asking zygote to start proc
06-03 23:26:28.437  1888  1935 W ActivityManager: Slow operation: 168ms so far, now at startProcess: returned from zygote!
06-03 23:26:28.437  1888  1935 W ActivityManager: Slow operation: 169ms so far, now at startProcess: done updating battery stats
06-03 23:26:28.438  1888  1935 W ActivityManager: Slow operation: 169ms so far, now at startProcess: building log message
06-03 23:26:28.438  1888  1935 I ActivityManager: Start proc 10274:com.instagram.barcelona/u0a291 for broadcast {com.instagram.barcelona/com.instagram.util.startup.appwarmer.KeepWarmReceiver}
06-03 23:26:28.438  1888  1935 W ActivityManager: Slow operation: 169ms so far, now at startProcess: starting to update pids map
06-03 23:26:28.438  1888  1935 W ActivityManager: Slow operation: 169ms so far, now at startProcess: done updating pids map
06-03 23:26:28.783  1888  2857 E OplusDexOptimizeManager: Start app fature is off
06-03 23:26:28.783  1888  2857 E OplusDexOptimizeManager: Start app fature is off
06-03 23:26:28.783  1888  2857 E OplusDexOptimizeManager: Start app fature is off
06-03 23:26:28.783  1888  2857 E OplusDexOptimizeManager: Start app fature is off
06-03 23:26:28.783  1888  2857 E OplusDexOptimizeManager: Start app fature is off
06-03 23:26:28.785  1888  2857 D ActivityTaskManagerServiceExtImpl: preBindApplication record is null
06-03 23:26:28.804  1888  2857 E OplusDexOptimizeManager: Start app fature is off
06-03 23:26:29.321 13521 13521 I Quality : SlowSqliteOp:close,/data/user/0/com.google.android.gms/databases/phenotype.db,false,true,20
06-03 23:26:29.419 10274 10274 I Quality : ActivityThread: createOrUpdateClassLoaderLocked delay 484 com.instagram.barcelona 10274
06-03 23:26:29.521 10274 10274 D ResourcesManagerExtImpl: applyConfigurationToAppResourcesLocked app.getDisplayId() return callback.displayId:-1
06-03 23:26:29.691  1888  2232 I OplusStatusBarManagerServiceEnhance:  getTopIsFullscreen mTopIsFullscreen: false
06-03 23:26:29.692  1888  1888 D NotificationService--OplusNotificationManagerServiceExtImpl: isForwardToAssistants: false, case : Is in mMcsNotInterceptPkgList or is isSystemApp
06-03 23:26:29.692  1888  1888 D NotificationService: This application enqueue notifications is not need postDelayed
06-03 23:26:29.982 10274 10274 I Quality : ActivityThread: makeApplication delay 467 com.instagram.barcelona 10274
06-03 23:26:31.457 13521 13521 I Quality : SlowSqliteOp:close,/data/user/0/com.google.android.gms/databases/phenotype.db,false,true,36
06-03 23:26:31.649  9681  9681 I Quality : ActivityThread: performLayout delay 518 com.google.android.apps.nbu.files 9681
06-03 23:26:31.730  1888  1927 D AppProfilerExtImpl: Skipped pss collection for CPU busy
06-03 23:26:32.303  1888  2974 W PackageManager: package com.instagram.barcelona uid 10291 pid 10274 call SetEnabledSetting(com.instagram.barcelona component = com.instagram.barcelona.widget.trends.TrendsWidgetReceiver, 2, 0)
06-03 23:26:32.323  1888  2974 W PackageManager: package com.instagram.barcelona uid 10291 pid 10274 call SetEnabledSetting(com.instagram.barcelona component = com.instagram.barcelona.widget.shortcuts.ShortcutsWidgetReceiver, 2, 0)
06-03 23:26:32.496  1888  2057 V AlarmManager: sending alarm Alarm{92f6dc4 type 2 origWhen 1492177240 whenElapsed 1492177240 com.google.android.gms} uid 10134 whenElapsed 1492177240 windowLength 7500 maxWhenElapsed 1492184740 repeatInterval 0 action com.google.android.location.ALARM_WAKEUP_ACTIVITY_DETECTION component null flags 0x0 procName com.google.android.gms.persistent
06-03 23:26:32.521  1888  2057 V AlarmManager: sending alarm Alarm{e6003e2 type 2 origWhen 1492180323 whenElapsed 1492180323 com.heytap.mcs} uid 1000 whenElapsed 1492180323 windowLength 10000 maxWhenElapsed 1492190323 repeatInterval 0 action com.heytap.mcs.action component null flags 0x8 procName com.heytap.mcs
06-03 23:26:32.577  1888  3493 D ShortcutService: rescanPackageIfNeeded 0@com.instagram.barcelona, forceRescan=false , isNewApp=false
06-03 23:26:32.598  1888  3493 D ShortcutService: rescanPackageIfNeeded 0@com.instagram.barcelona, forceRescan=false , isNewApp=false
06-03 23:26:32.612  1888  2019 D ShortcutService: rescanPackageIfNeeded 0@com.instagram.barcelona, forceRescan=false , isNewApp=false
06-03 23:26:32.721  1888  2179 D ShortcutService: Saving package item com.instagram.barcelona to /data/system_ce/0/shortcut_service/packages/com.instagram.barcelona.xml
06-03 23:26:32.725  1888  1915 D ShortcutService: Getting shortcuts for launcher= com.android.launcheruser=0 pkg=com.instagram.barcelona
06-03 23:26:32.768  1888  2232 I OplusStatusBarManagerServiceEnhance:  getTopIsFullscreen mTopIsFullscreen: false
06-03 23:26:32.776  1888  1888 D NotificationService--OplusNotificationManagerServiceExtImpl: isForwardToAssistants: false, case : Is in mMcsNotInterceptPkgList or is isSystemApp
06-03 23:26:32.776  1888  1888 D NotificationService: This application enqueue notifications is not need postDelayed
06-03 23:26:32.778  1888  1915 D ShortcutService: Getting shortcuts for launcher= com.android.systemuiuser=0 pkg=com.instagram.barcelona
06-03 23:26:32.833  1888  4209 D ShortcutService: Getting shortcuts for launcher= com.android.launcheruser=0 pkg=com.instagram.barcelona
06-03 23:26:32.945  1888  1960 D PowerManagerService: userActivityNoUpdateLocked: groupId=0, eventTime=718616131, event=touch, flags=0x0, uid=1000
06-03 23:26:33.033  1888  1960 D PowerManagerService: userActivityNoUpdateLocked: groupId=0, eventTime=718616236, event=touch, flags=0x0, uid=1000
06-03 23:26:33.069 10274 10274 I Quality : ActivityThread: callApplicationOnCreate delay 2837 com.instagram.barcelona 10274
06-03 23:26:33.073  1888  2857 I ActivityManager: Flag disabled. Ignoring finishAttachApplication from uid: 10291. pid: 10274
06-03 23:26:33.122  1888  3493 D VRR [OPlusExternalRefreshRateManager]: isPkgTfcEnable: pkgName = com.instagram.barcelona, enable = false
06-03 23:26:33.123  1888  3493 D VRR [OPlusExternalRefreshRateManager]: getTfcMinFramerate: pkgName = com.instagram.barcelona, min framerate = 0
06-03 23:26:33.132  1888  1960 D PowerManagerService: userActivityNoUpdateLocked: groupId=0, eventTime=718616341, event=touch, flags=0x0, uid=1000
06-03 23:26:33.244  7265  7265 I Quality : SlowSqliteOp:close,/data/user/999/com.google.android.gms/databases/phenotype.db,false,false,33
06-03 23:26:33.247  1888  1960 D PowerManagerService: userActivityNoUpdateLocked: groupId=0, eventTime=718616441, event=touch, flags=0x0, uid=1000
06-03 23:26:33.249  1888  2857 W AppOps  : Noting op not finished: uid 10134 pkg com.google.android.gms code 79 startTime of in progress event=1780507437045
06-03 23:26:33.287  1888  2021 W PackageManager: package com.instagram.barcelona uid 10291 pid 10274 call SetEnabledSetting(com.instagram.barcelona component = com.instagram.push.FbnsInitBroadcastReceiver, 1, 0)
06-03 23:26:33.300  1888  2021 W PackageManager: package com.instagram.barcelona uid 10291 pid 10274 call SetEnabledSetting(com.instagram.barcelona component = com.facebook.rti.pushv2.inapp.InappFbnsService, 1, 0)
06-03 23:26:33.356  1888  2857 W ActivityManager: Background start not allowed: service Intent { act=Orca.START cmp=com.instagram.barcelona/com.facebook.rti.pushv2.inapp.InappFbnsService (has extras) mCallingUid=10291 } to com.instagram.barcelona/com.facebook.rti.pushv2.inapp.InappFbnsService from pid=10274 uid=10291 pkg=com.instagram.barcelona startFg?=false
06-03 23:26:33.387  1888  1960 D PowerManagerService: userActivityNoUpdateLocked: groupId=0, eventTime=718616548, event=touch, flags=0x0, uid=1000
06-03 23:26:33.461  1888  1960 D PowerManagerService: userActivityNoUpdateLocked: groupId=0, eventTime=718616664, event=touch, flags=0x0, uid=1000
06-03 23:26:33.483  1888  4209 E OplusDexOptimizeManager: Start app fature is off
06-03 23:26:33.509  1888  4209 W AppOps  : Noting op not finished: uid 10134 pkg com.google.android.gms code 113 startTime of in progress event=1780507437045
06-03 23:26:33.561  1888  1960 D PowerManagerService: userActivityNoUpdateLocked: groupId=0, eventTime=718616769, event=touch, flags=0x0, uid=1000
06-03 23:26:33.634  1888  2970 W AppOps  : Noting op not finished: uid 10134 pkg com.google.android.gms code 113 startTime of in progress event=1780507437045
06-03 23:26:33.691  1888  1960 D PowerManagerService: userActivityNoUpdateLocked: groupId=0, eventTime=718616874, event=touch, flags=0x0, uid=1000
06-03 23:26:33.741  1888  3498 W AppOps  : Noting op not finished: uid 10134 pkg com.google.android.gms code 113 startTime of in progress event=1780507437045
06-03 23:26:33.751  1888  2974 W AppOps  : Noting op not finished: uid 10134 pkg com.google.android.gms code 113 startTime of in progress event=1780507437045
06-03 23:26:33.782  1888  1960 D PowerManagerService: userActivityNoUpdateLocked: groupId=0, eventTime=718616980, event=touch, flags=0x0, uid=1000
06-03 23:26:33.987  1888  1960 D PowerManagerService: userActivityNoUpdateLocked: groupId=0, eventTime=718617180, event=touch, flags=0x0, uid=1000
06-03 23:26:34.090  1888  1960 D PowerManagerService: userActivityNoUpdateLocked: groupId=0, eventTime=718617290, event=touch, flags=0x0, uid=1000
06-03 23:26:35.835  1888  2232 I OplusStatusBarManagerServiceEnhance:  getTopIsFullscreen mTopIsFullscreen: false
06-03 23:26:35.837  1888  1888 D NotificationService--OplusNotificationManagerServiceExtImpl: isForwardToAssistants: false, case : Is in mMcsNotInterceptPkgList or is isSystemApp
06-03 23:26:35.837  1888  1888 D NotificationService: This application enqueue notifications is not need postDelayed
06-03 23:26:37.250  7265  7265 I Quality : SlowSqliteOp:close,/data/user/999/com.google.android.gms/databases/phenotype.db,false,false,29
06-03 23:26:38.899  1888  2232 I OplusStatusBarManagerServiceEnhance:  getTopIsFullscreen mTopIsFullscreen: false
06-03 23:26:38.900  1888  1888 D NotificationService--OplusNotificationManagerServiceExtImpl: isForwardToAssistants: false, case : Is in mMcsNotInterceptPkgList or is isSystemApp
06-03 23:26:38.900  1888  1888 D NotificationService: This application enqueue notifications is not need postDelayed
06-03 23:26:39.262  1888  1960 D PowerManagerService: userActivityNoUpdateLocked: groupId=0, eventTime=718622460, event=touch, flags=0x0, uid=1000
06-03 23:26:39.356  1888  1960 D PowerManagerService: userActivityNoUpdateLocked: groupId=0, eventTime=718622565, event=touch, flags=0x0, uid=1000
06-03 23:26:39.462  1888  1960 D PowerManagerService: userActivityNoUpdateLocked: groupId=0, eventTime=718622670, event=touch, flags=0x0, uid=1000
06-03 23:26:39.568  1888  1960 D PowerManagerService: userActivityNoUpdateLocked: groupId=0, eventTime=718622776, event=touch, flags=0x0, uid=1000
06-03 23:26:39.672  1888  1960 D PowerManagerService: userActivityNoUpdateLocked: groupId=0, eventTime=718622881, event=touch, flags=0x0, uid=1000
06-03 23:26:39.789  1888  1960 D PowerManagerService: userActivityNoUpdateLocked: groupId=0, eventTime=718622987, event=touch, flags=0x0, uid=1000
06-03 23:26:39.886  1888  1960 D PowerManagerService: userActivityNoUpdateLocked: groupId=0, eventTime=718623093, event=touch, flags=0x0, uid=1000
06-03 23:26:39.984  1888  1960 D PowerManagerService: userActivityNoUpdateLocked: groupId=0, eventTime=718623193, event=touch, flags=0x0, uid=1000
06-03 23:26:40.446  1888  1960 D PowerManagerService: userActivityNoUpdateLocked: groupId=0, eventTime=718623653, event=touch, flags=0x0, uid=1000
06-03 23:26:40.551  1888  1960 D PowerManagerService: userActivityNoUpdateLocked: groupId=0, eventTime=718623759, event=touch, flags=0x0, uid=1000
06-03 23:26:40.667  1888  1960 D PowerManagerService: userActivityNoUpdateLocked: groupId=0, eventTime=718623875, event=touch, flags=0x0, uid=1000
06-03 23:26:40.999   652 10335 I keystore2: system/security/keystore2/watchdog/src/lib.rs:319 - Watchdog thread idle -> terminating. Have a great day.
06-03 23:26:41.278  1888  1960 D PowerManagerService: userActivityNoUpdateLocked: groupId=0, eventTime=718624485, event=touch, flags=0x0, uid=1000
06-03 23:26:41.385  1888  1960 D PowerManagerService: userActivityNoUpdateLocked: groupId=0, eventTime=718624591, event=touch, flags=0x0, uid=1000
06-03 23:26:41.982  1888  2232 I OplusStatusBarManagerServiceEnhance:  getTopIsFullscreen mTopIsFullscreen: false
06-03 23:26:41.984  1888  1888 D NotificationService--OplusNotificationManagerServiceExtImpl: isForwardToAssistants: false, case : Is in mMcsNotInterceptPkgList or is isSystemApp
06-03 23:26:41.984  1888  1888 D NotificationService: This application enqueue notifications is not need postDelayed
06-03 23:26:42.107  1888  2019 E OplusDexOptimizeManager: Start app fature is off
06-03 23:26:42.154  1888  1960 D PowerManagerService: userActivityNoUpdateLocked: groupId=0, eventTime=718625357, event=touch, flags=0x0, uid=1000
06-03 23:26:42.253  1888  1960 D PowerManagerService: userActivityNoUpdateLocked: groupId=0, eventTime=718625462, event=touch, flags=0x0, uid=1000
06-03 23:26:44.353  1888  1960 D PowerManagerService: userActivityNoUpdateLocked: groupId=0, eventTime=718627559, event=touch, flags=0x0, uid=1000
06-03 23:26:44.519  1888  4209 E OplusDexOptimizeManager: Start app fature is off
06-03 23:26:44.814  1888  3498 D WindowManager: NFW_findFocusedWindowIfNeeded:Window{414a82d u0 com.google.android.apps.nbu.files/com.google.android.apps.nbu.files.documentbrowser.filebrowser.FileBrowserRegularActivity} mCurrentFocus:Window{44050d4 u0 com.google.android.apps.nbu.files/com.google.android.apps.nbu.files.documentbrowser.filebrowser.FileBrowserRegularActivity}
06-03 23:26:44.821  1888  2225 E UAH-Framework: invalid window type -1, return
06-03 23:26:44.829  1888  3498 V WindowManager: Changing focus from Window{44050d4 u0 com.google.android.apps.nbu.files/com.google.android.apps.nbu.files.documentbrowser.filebrowser.FileBrowserRegularActivity} to Window{414a82d u0 com.google.android.apps.nbu.files/com.google.android.apps.nbu.files.documentbrowser.filebrowser.FileBrowserRegularActivity},diplayid=0
06-03 23:26:44.847  1888  3498 D WindowManager: setFrameRateStart invalid typeId return!
06-03 23:26:44.853  1888  3498 D WindowManager: setFrameRateStart invalid typeId return!
06-03 23:26:44.855  1888  3498 I WindowManager: addWindow: New client android.os.BinderProxy@d844f44 : window=Window{414a82d u0 com.google.android.apps.nbu.files/com.google.android.apps.nbu.files.documentbrowser.filebrowser.FileBrowserRegularActivity}
06-03 23:26:44.899  9681  9681 W AnrLogEnhancementHelperImpl: app side detected 9681 deliverInputEvent cost time = 503
06-03 23:26:44.909  1888  4209 D CoreBackPreview: Window{414a82d u0 com.google.android.apps.nbu.files/com.google.android.apps.nbu.files.documentbrowser.filebrowser.FileBrowserRegularActivity}: Setting back callback OnBackInvokedCallbackInfo{mCallback=android.window.IOnBackInvokedCallback$Stub$Proxy@41fafe5, mPriority=0, mIsAnimationCallback=true}
06-03 23:26:44.932  1888  2974 V WindowManager: Relayout Window{414a82d u0 com.google.android.apps.nbu.files/com.google.android.apps.nbu.files.documentbrowser.filebrowser.FileBrowserRegularActivity}: viewVisibility=0, oldvis=0, req=1027x949, vsysui=, x=0, y=0
06-03 23:26:44.953  1888  2974 I WindowManager: Window{414a82d u0 com.google.android.apps.nbu.files/com.google.android.apps.nbu.files.documentbrowser.filebrowser.FileBrowserRegularActivity} state from NO_SURFACE to DRAW_PENDING; reason: resetDrawState
06-03 23:26:44.973  1888  2974 D WindowManager: NFW_findFocusedWindowIfNeeded:Window{414a82d u0 com.google.android.apps.nbu.files/com.google.android.apps.nbu.files.documentbrowser.filebrowser.FileBrowserRegularActivity} mCurrentFocus:Window{414a82d u0 com.google.android.apps.nbu.files/com.google.android.apps.nbu.files.documentbrowser.filebrowser.FileBrowserRegularActivity}
06-03 23:26:45.032  9681  9681 I Quality : UISlowBinder:304231616
06-03 23:26:45.058  1888  3493 I WindowManager: Window{414a82d u0 com.google.android.apps.nbu.files/com.google.android.apps.nbu.files.documentbrowser.filebrowser.FileBrowserRegularActivity} state from DRAW_PENDING to COMMIT_DRAW_PENDING; reason: finishDrawingLocked
06-03 23:26:45.064  9681  9681 I Quality : UISlowBinder:304231616
06-03 23:26:45.071  1888  1920 I WindowManager: Window{414a82d u0 com.google.android.apps.nbu.files/com.google.android.apps.nbu.files.documentbrowser.filebrowser.FileBrowserRegularActivity} state from COMMIT_DRAW_PENDING to READY_TO_SHOW; reason: commitFinishDrawingLocked
06-03 23:26:45.071  1888  1920 D ActivityTaskManager: Clearing startingData for activity=ActivityRecord{c57134e u0 com.google.android.apps.nbu.files/.documentbrowser.filebrowser.FileBrowserRegularActivity t758} mStartingData=null mStartingSurface=null
06-03 23:26:45.090  1888  1916 V WindowOrientationListener: onSensorChanged mDesiredRotation = 4
06-03 23:26:45.102  1888  1920 D WindowManager: setFrameRateStart invalid typeId return!
06-03 23:26:45.105  1888  1920 I WindowManager: Window{414a82d u0 com.google.android.apps.nbu.files/com.google.android.apps.nbu.files.documentbrowser.filebrowser.FileBrowserRegularActivity} state from READY_TO_SHOW to HAS_DRAWN; reason: performShowLocked
06-03 23:26:45.116  1888  2021 V WindowManager: Relayout Window{414a82d u0 com.google.android.apps.nbu.files/com.google.android.apps.nbu.files.documentbrowser.filebrowser.FileBrowserRegularActivity}: viewVisibility=0, oldvis=0, req=1027x743, vsysui=
06-03 23:26:45.158  1888  1921 D SurfaceAnimationRunner: onAnimationStart:Surface(name=Surface(name=414a82d com.google.android.apps.nbu.files/com.google.android.apps.nbu.files.documentbrowser.filebrowser.FileBrowserRegularActivity)/@0x31cf69d - animation-leash of window_animation)/@0xe70712
06-03 23:26:45.205  1888  1921 D SurfaceAnimationRunner: onAnimationStart:Surface(name=Dim Layer for - Task=758)/@0x7355c55
06-03 23:26:45.271  9681  9681 W VRI[FileBrowserRegularActivity]: handleResized abandoned!
06-03 23:26:45.285  1888  2232 I OplusStatusBarManagerServiceEnhance:  getTopIsFullscreen mTopIsFullscreen: false
06-03 23:26:45.286  1888  1888 D NotificationService--OplusNotificationManagerServiceExtImpl: isForwardToAssistants: false, case : Is in mMcsNotInterceptPkgList or is isSystemApp
06-03 23:26:45.287  1888  1888 D NotificationService: This application enqueue notifications is not need postDelayed
06-03 23:26:45.384  1888  2019 V WindowManager: Relayout Window{414a82d u0 com.google.android.apps.nbu.files/com.google.android.apps.nbu.files.documentbrowser.filebrowser.FileBrowserRegularActivity}: viewVisibility=0, oldvis=0, req=1027x865, vsysui=
06-03 23:26:45.435  1888  2974 D PackageInstallerSessionExtImpl: no pre: undesired name
06-03 23:26:45.490  1888  2019 D SurfaceAnimationRunner: onAnimationCancelled:Surface(name=Surface(name=414a82d com.google.android.apps.nbu.files/com.google.android.apps.nbu.files.documentbrowser.filebrowser.FileBrowserRegularActivity)/@0x31cf69d - animation-leash of window_animation)/@0xe70712 com.android.server.wm.LocalAnimationAdapter.onAnimationCancelled:72 com.android.server.wm.SurfaceAnimator.cancelAnimation:457 com.android.server.wm.SurfaceAnimator.startAnimation:216 com.android.server.wm.WindowContainer.startAnimation:3328 com.android.server.wm.WindowContainer.startAnimation:3335 
06-03 23:26:45.493  1888  2019 D WindowManager: setFrameRateStart invalid typeId return!
06-03 23:26:45.510  1888  1921 D SurfaceAnimationRunner: onAnimationEnd:Surface(name=Surface(name=414a82d com.google.android.apps.nbu.files/com.google.android.apps.nbu.files.documentbrowser.filebrowser.FileBrowserRegularActivity)/@0x31cf69d - animation-leash of window_animation)/@0xe70712
06-03 23:26:45.513  1888  1921 D SurfaceAnimationRunner: onAnimationStart:Surface(name=Surface(name=414a82d com.google.android.apps.nbu.files/com.google.android.apps.nbu.files.documentbrowser.filebrowser.FileBrowserRegularActivity)/@0x31cf69d - animation-leash of window_animation)/@0x7ddb327
06-03 23:26:45.516  1888  3498 E OplusDexOptimizeManager: Start app fature is off
06-03 23:26:45.528  9681  9681 I Quality : UISlowBinder:116252307
06-03 23:26:45.545  9681  9681 I Quality : UISlowBinder:116252307
06-03 23:26:45.590  9681  9681 W VRI[FileBrowserRegularActivity]: handleResized abandoned!
06-03 23:26:45.622  1888  1921 D SurfaceAnimationRunner: onAnimationEnd:Surface(name=Dim Layer for - Task=758)/@0x7355c55
