06-03 23:27:09.919  1888  1968 W PackageSettings: writeFreezeToXml ustate isn't instance of PackageUserStateImpl
06-03 23:27:09.919  1888  1968 W PackageSettings: writeFreezeToXml ustate isn't instance of PackageUserStateImpl
06-03 23:27:09.919  1888  1968 W PackageSettings: writeFreezeToXml ustate isn't instance of PackageUserStateImpl
06-03 23:27:09.919  1888  1968 W PackageSettings: writeFreezeToXml ustate isn't instance of PackageUserStateImpl
06-03 23:27:09.919  1888  1968 W PackageSettings: writeFreezeToXml ustate isn't instance of PackageUserStateImpl
06-03 23:27:09.920  1888  1968 W PackageSettings: writeFreezeToXml ustate isn't instance of PackageUserStateImpl
06-03 23:27:09.920  1888  1968 W PackageSettings: writeFreezeToXml ustate isn't instance of PackageUserStateImpl
06-03 23:27:09.920  1888  1968 W PackageSettings: writeFreezeToXml ustate isn't instance of PackageUserStateImpl
06-03 23:27:09.920  1888  1968 W PackageSettings: writeFreezeToXml ustate isn't instance of PackageUserStateImpl
06-03 23:27:09.920  1888  1968 W PackageSettings: writeFreezeToXml ustate isn't instance of PackageUserStateImpl
06-03 23:27:09.920  1888  1968 W PackageSettings: writeFreezeToXml ustate isn't instance of PackageUserStateImpl
06-03 23:27:09.920  1888  1968 W PackageSettings: writeFreezeToXml ustate isn't instance of PackageUserStateImpl
06-03 23:27:09.920  1888  1968 W PackageSettings: writeFreezeToXml ustate isn't instance of PackageUserStateImpl
06-03 23:27:09.920  1888  1968 W PackageSettings: writeFreezeToXml ustate isn't instance of PackageUserStateImpl
06-03 23:27:09.922  1888  1968 W PackageSettings: writeFreezeToXml ustate isn't instance of PackageUserStateImpl
06-03 23:27:09.922  1888  1968 W PackageSettings: writeFreezeToXml ustate isn't instance of PackageUserStateImpl
06-03 23:27:09.922  1888  1968 W PackageSettings: writeFreezeToXml ustate isn't instance of PackageUserStateImpl
06-03 23:27:09.922  1888  1968 W PackageSettings: writeFreezeToXml ustate isn't instance of PackageUserStateImpl
06-03 23:27:09.923  1888  1968 W PackageSettings: writeFreezeToXml ustate isn't instance of PackageUserStateImpl
06-03 23:27:09.923  1888  1968 W PackageSettings: writeFreezeToXml ustate isn't instance of PackageUserStateImpl
06-03 23:27:09.927  1888  1968 W PackageSettings: writeFreezeToXml ustate isn't instance of PackageUserStateImpl
06-03 23:27:09.928  1888  1968 W PackageSettings: writeFreezeToXml ustate isn't instance of PackageUserStateImpl
06-03 23:27:09.928  1888  1968 W PackageSettings: writeFreezeToXml ustate isn't instance of PackageUserStateImpl
06-03 23:27:09.929  1888  1968 W PackageSettings: writeFreezeToXml ustate isn't instance of PackageUserStateImpl
06-03 23:27:09.929  1888  1968 W PackageSettings: writeFreezeToXml ustate isn't instance of PackageUserStateImpl
06-03 23:27:09.930  1888  1968 W PackageSettings: writeFreezeToXml ustate isn't instance of PackageUserStateImpl
06-03 23:27:09.930  1888  1968 W PackageSettings: writeFreezeToXml ustate isn't instance of PackageUserStateImpl
06-03 23:27:09.930  1888  1968 W PackageSettings: writeFreezeToXml ustate isn't instance of PackageUserStateImpl
06-03 23:27:09.930  1888  1968 W PackageSettings: writeFreezeToXml ustate isn't instance of PackageUserStateImpl
06-03 23:27:09.930  1888  1968 W PackageSettings: writeFreezeToXml ustate isn't instance of PackageUserStateImpl
06-03 23:27:09.930  1888  1968 W PackageSettings: writeFreezeToXml ustate isn't instance of PackageUserStateImpl
06-03 23:27:09.931  1888  1968 W PackageSettings: writeFreezeToXml ustate isn't instance of PackageUserStateImpl
06-03 23:27:09.932  1888  2232 I OplusStatusBarManagerServiceEnhance:  getTopIsFullscreen mTopIsFullscreen: false
06-03 23:27:09.933  1888  1888 D NotificationService--OplusNotificationManagerServiceExtImpl: isForwardToAssistants: false, case : Is in mMcsNotInterceptPkgList or is isSystemApp
06-03 23:27:09.933  1888  1888 D NotificationService: This application enqueue notifications is not need postDelayed
06-03 23:27:09.964  1888  1990 D OplusDexSceneManager: Starting attach context  for  com.aegisapp reason: install
06-03 23:27:10.042  1888  1990 D OplusDexSceneManager: isTopAppFront =======com.google.android.apps.nbu.files:false
06-03 23:27:10.043  1888  1990 D OplusDexSceneManager: OplusDex Framework didnot works!
06-03 23:27:10.043  1888  1990 W OplusSingleDexoptContainerImpl: oplus checkAndSetBeforeStart success: packageName= com.aegisapp priority= 60 compilerFilter= speed-profile
06-03 23:27:10.118  1888  3018 I NativeFreezeManager: getCPULoad cpu Loading: 75
06-03 23:27:11.712  1888  1935 I ActivityManager: Start proc 10966:com.oplus.camera/u0a227 for service {com.oplus.camera/com.oplus.camera.bgs.BackgroundServiceManager}
06-03 23:27:11.878  1888  1901 E OplusDexOptimizeManager: Start app fature is off
06-03 23:27:11.878  1888  1901 E OplusDexOptimizeManager: Start app fature is off
06-03 23:27:11.878  1888  1901 E OplusDexOptimizeManager: Start app fature is off
06-03 23:27:11.878  1888  1901 E OplusDexOptimizeManager: Start app fature is off
06-03 23:27:11.878  1888  1901 E OplusDexOptimizeManager: Start app fature is off
06-03 23:27:11.878  1888  1901 E OplusDexOptimizeManager: Start app fature is off
06-03 23:27:11.879  1888  1901 E OplusDexOptimizeManager: Start app fature is off
06-03 23:27:11.881  1888  1901 D ActivityTaskManagerServiceExtImpl: preBindApplication record is null
06-03 23:27:11.894  1888  1901 E OplusDexOptimizeManager: Start app fature is off
06-03 23:27:11.956  1888  1990 D OplusDexoptStatisticHelper: dexopt notify to athena: com.aegisapp
06-03 23:27:12.003  1888  1990 W OplusDexoptStatisticHelper: recordDex2oatInfo: time:1780509432003,pid:0,alt:1694,cpt:2230,rea:install,flt:verify,rlt:20,path:/data/app/~~CZOx3-D6Xo-QENtwi9CGMA==/com.aegisapp-a8dQhe3fmwoATRvh6l42PA==/base.apk
06-03 23:27:12.090  1888  1990 V BackupManagerService: [UserID:0] restoreAtInstall pkg=com.aegisapp token=71 restoreSet=0
06-03 23:27:12.093  1888  1990 V BackupManagerService: [UserID:0] Finishing install immediately
06-03 23:27:12.118  1888  1990 I AppsFilter: interaction: PackageSetting{d664e1e com.android.microdroid.empty_payload/10311} -> PackageSetting{8d73a30 com.aegisapp/10321} BLOCKED
06-03 23:27:12.118  1888  1990 I AppsFilter: interaction: PackageSetting{8cc2ccc com.oplus.locationproxy/10181} -> PackageSetting{8d73a30 com.aegisapp/10321} BLOCKED
06-03 23:27:12.118  1888  1990 I AppsFilter: interaction: PackageSetting{65d6b15 com.android.certinstaller/10214} -> PackageSetting{8d73a30 com.aegisapp/10321} BLOCKED
06-03 23:27:12.122  1888  1942 E OplusDexOptimizeManager: Start app fature is off
06-03 23:27:12.134  1888  1990 E AppOps  : Trying to set mode for unknown uid 10321.
06-03 23:27:12.140 10966 10966 I Quality : GetResourcesInfo:78311077,/my_product/non_overlay/app/OplusCamera/OplusCamera.apk
06-03 23:27:12.164  1888  1990 E AppOpService: Blocked setUidMode call for runtime permission app op: uid = 10321, code = CAMERA, mode = ignore, callingUid = 1000, oldMode = allow
06-03 23:27:12.164  1888  1990 E AppOpService: java.lang.RuntimeException
06-03 23:27:12.164  1888  1990 E AppOpService: 	at com.android.server.permission.access.appop.AppOpService.setUidMode(AppOpService.kt:268)
06-03 23:27:12.164  1888  1990 E AppOpService: 	at com.android.server.appop.AppOpsCheckingServiceTracingDecorator.setUidMode(AppOpsCheckingServiceTracingDecorator.java:120)
06-03 23:27:12.164  1888  1990 E AppOpService: 	at com.android.server.appop.AppOpsService.setUidMode(AppOpsService.java:2204)
06-03 23:27:12.164  1888  1990 E AppOpService: 	at com.android.server.appop.AppOpsService.-$$Nest$msetUidMode(Unknown Source:0)
06-03 23:27:12.164  1888  1990 E AppOpService: 	at com.android.server.appop.AppOpsService$AppOpsManagerInternalImpl.setUidModeFromPermissionPolicy(AppOpsService.java:7473)
06-03 23:27:12.164  1888  1990 E AppOpService: 	at com.android.server.policy.PermissionPolicyService$PermissionToOpSynchroniser.setUidMode(PermissionPolicyService.java:1184)
06-03 23:27:12.164  1888  1990 E AppOpService: 	at com.android.server.policy.PermissionPolicyService$PermissionToOpSynchroniser.setUidModeIgnored(PermissionPolicyService.java:1162)
06-03 23:27:12.164  1888  1990 E AppOpService: 	at com.android.server.policy.PermissionPolicyService$PermissionToOpSynchroniser.syncPackages(PermissionPolicyService.java:965)
06-03 23:27:12.164  1888  1990 E AppOpService: 	at com.android.server.policy.PermissionPolicyService$PermissionToOpSynchroniser.-$$Nest$msyncPackages(Unknown Source:0)
06-03 23:27:12.164  1888  1990 E AppOpService: 	at com.android.server.policy.PermissionPolicyService.synchronizeUidPermissionsAndAppOps(PermissionPolicyService.java:757)
06-03 23:27:12.164  1888  1990 E AppOpService: 	at com.android.server.policy.PermissionPolicyService.-$$Nest$msynchronizeUidPermissionsAndAppOps(Unknown Source:0)
06-03 23:27:12.164  1888  1990 E AppOpService: 	at com.android.server.policy.PermissionPolicyService$1.onPackageAdded(PermissionPolicyService.java:231)
06-03 23:27:12.164  1888  1990 E AppOpService: 	at com.android.server.pm.PackageList.onPackageAdded(PackageList.java:51)
06-03 23:27:12.164  1888  1990 E AppOpService: 	at com.android.server.pm.PackageObserverHelper.notifyAdded(PackageObserverHelper.java:61)
06-03 23:27:12.164  1888  1990 E AppOpService: 	at com.android.server.pm.PackageManagerService.notifyPackageAdded(PackageManagerService.java:3435)
06-03 23:27:12.164  1888  1990 E AppOpService: 	at com.android.server.pm.InstallPackageHelper.handlePackagePostInstall(InstallPackageHelper.java:3109)
06-03 23:27:12.164  1888  1990 E AppOpService: 	at com.android.server.pm.PackageManagerService.handlePackagePostInstall(PackageManagerService.java:8577)
06-03 23:27:12.164  1888  1990 E AppOpService: 	at com.android.server.pm.PackageHandler.doHandleMessage(PackageHandler.java:108)
06-03 23:27:12.164  1888  1990 E AppOpService: 	at com.android.server.pm.PackageHandler.handleMessage(PackageHandler.java:72)
06-03 23:27:12.164  1888  1990 E AppOpService: 	at android.os.Handler.dispatchMessage(Handler.java:107)
06-03 23:27:12.164  1888  1990 E AppOpService: 	at android.os.Looper.loopOnce(Looper.java:282)
06-03 23:27:12.164  1888  1990 E AppOpService: 	at android.os.Looper.loop(Looper.java:387)
06-03 23:27:12.164  1888  1990 E AppOpService: 	at android.os.HandlerThread.run(HandlerThread.java:85)
06-03 23:27:12.164  1888  1990 E AppOpService: 	at com.android.server.ServiceThread.run(ServiceThread.java:46)
06-03 23:27:12.173 10966 10966 D ResourcesManagerExtImpl: applyConfigurationToAppResourcesLocked app.getDisplayId() return callback.displayId:-1
06-03 23:27:12.178  1888  1990 D PackageManager: initiatingPackageName is not in white list
06-03 23:27:12.185  1888  1990 D PackageInstallerSessionExtImpl: recordSotaAppResult stagedSession is null
06-03 23:27:12.192  1888  1990 D PackageInstallerSession: Marking session 1492057420 as applied
06-03 23:27:12.193  1888  1990 D InstallerExtImpl: Avoid to hold lock when rmPackageDir
06-03 23:27:12.217  1888  1990 D OplusInstallAccelerateManager: stopAccelerate()
06-03 23:27:12.218  1888  1990 D OplusInstallAccelerateManager: operateCpuBouncingIfNeeded()
06-03 23:27:12.218  1888  1990 D OplusInstallAccelerateManager: originatingPackageName = unknown
06-03 23:27:12.218  1888  1990 D OplusInstallAccelerateManager: initiatingPackageName = com.google.android.apps.nbu.files
06-03 23:27:12.218  1888  1990 D OplusInstallAccelerateManager: installerPackageName = com.google.android.apps.nbu.files
06-03 23:27:12.221  1888  1984 D OplusInstallAccelerateManager: handleMessage(1000)
06-03 23:27:12.221  1888  1984 D OplusInstallAccelerateManager: recoveryCpuBouncingIfNeeded(1492057420, false)
06-03 23:27:12.221  1888  1984 D OplusInstallAccelerateManager: remove message 1492057420
06-03 23:27:12.222  1888  1984 D OplusInstallAccelerateManager: recoveryCpuBouncing()
06-03 23:27:12.227  1888  1942 E OplusDexOptimizeManager: Start app fature is off
06-03 23:27:12.235  1888  1990 D PackageManager: Not in white list, Remove result's package name: com.oplus.stdsp
06-03 23:27:12.311  1888  1935 W ActivityManager: Slow operation: 57ms so far, now at startProcess: returned from zygote!
06-03 23:27:12.405  1888  2274 D CoreBackPreview: Window{414a82d u0 com.google.android.apps.nbu.files/com.google.android.apps.nbu.files.documentbrowser.filebrowser.FileBrowserRegularActivity}: Setting back callback null
06-03 23:27:12.449  1888  2274 D WindowManager: setFrameRateStart invalid typeId return!
06-03 23:27:12.450  1888  2274 D WindowManager: NFW_findFocusedWindowIfNeeded:Window{44050d4 u0 com.google.android.apps.nbu.files/com.google.android.apps.nbu.files.documentbrowser.filebrowser.FileBrowserRegularActivity} mCurrentFocus:Window{414a82d u0 com.google.android.apps.nbu.files/com.google.android.apps.nbu.files.documentbrowser.filebrowser.FileBrowserRegularActivity EXITING}
06-03 23:27:12.453  1888  2274 V WindowManager: Changing focus from Window{414a82d u0 com.google.android.apps.nbu.files/com.google.android.apps.nbu.files.documentbrowser.filebrowser.FileBrowserRegularActivity EXITING} to Window{44050d4 u0 com.google.android.apps.nbu.files/com.google.android.apps.nbu.files.documentbrowser.filebrowser.FileBrowserRegularActivity},diplayid=0
06-03 23:27:12.456  1888  2274 D WindowManager: setFrameRateStart invalid typeId return!
06-03 23:27:12.460  1888  2274 D WindowManager: setFrameRateStart invalid typeId return!
06-03 23:27:12.466  1888  1921 D SurfaceAnimationRunner: onAnimationStart:Surface(name=Surface(name=414a82d com.google.android.apps.nbu.files/com.google.android.apps.nbu.files.documentbrowser.filebrowser.FileBrowserRegularActivity)/@0x31cf69d - animation-leash of window_animation)/@0x6c130ea
06-03 23:27:12.497  1888  1919 V WindowManager: Unknown focus tokens, dropping reportFocusChanged
06-03 23:27:12.504  1888  1921 D SurfaceAnimationRunner: onAnimationStart:Surface(name=Dim Layer for - Task=758)/@0x7355c55
06-03 23:27:12.535  1888  1901 D CoreBackPreview: Window{44050d4 u0 com.google.android.apps.nbu.files/com.google.android.apps.nbu.files.documentbrowser.filebrowser.FileBrowserRegularActivity}: Setting back callback OnBackInvokedCallbackInfo{mCallback=android.window.IOnBackInvokedCallback$Stub$Proxy@5189d89, mPriority=0, mIsAnimationCallback=true}
06-03 23:27:12.554  1888  2958 D CoreBackPreview: Window{44050d4 u0 com.google.android.apps.nbu.files/com.google.android.apps.nbu.files.documentbrowser.filebrowser.FileBrowserRegularActivity}: Setting back callback OnBackInvokedCallbackInfo{mCallback=android.window.IOnBackInvokedCallback$Stub$Proxy@c71018e, mPriority=-1, mIsAnimationCallback=false}
06-03 23:27:12.559  1888  2179 D ShortcutService: received package broadcast intent: Intent { act=android.intent.action.PACKAGE_ADDED dat=package: flg=0x4000010 (has extras) }
06-03 23:27:12.559  1888  2179 D ShortcutService: adding package: com.aegisapp userId0
06-03 23:27:12.566  1888  2179 D ShortcutService: handlePackageAdded: com.aegisapp user=0
06-03 23:27:12.568  1888  2179 D ShortcutService: rescanPackageIfNeeded 0@com.aegisapp, forceRescan=true , isNewApp=true
06-03 23:27:12.630  1888  1921 D SurfaceAnimationRunner: onAnimationEnd:Surface(name=Surface(name=414a82d com.google.android.apps.nbu.files/com.google.android.apps.nbu.files.documentbrowser.filebrowser.FileBrowserRegularActivity)/@0x31cf69d - animation-leash of window_animation)/@0x6c130ea
06-03 23:27:12.632  1888  1920 I WindowManager: Window{414a82d u0 com.google.android.apps.nbu.files/com.google.android.apps.nbu.files.documentbrowser.filebrowser.FileBrowserRegularActivity EXITING} state from HAS_DRAWN to NO_SURFACE; reason: destroySurface
06-03 23:27:12.660  1888  2179 D ShortcutService: Package com.aegisapp has 0 manifest shortcut(s), and 0 share target(s)
06-03 23:27:12.667  1888  1921 D SurfaceAnimationRunner: onAnimationEnd:Surface(name=Dim Layer for - Task=758)/@0x7355c55
06-03 23:27:12.667  1888  1915 D LauncherAppsService: onPackageAdded, packageName: com.aegisapp/UserHandle{0} uid: 10321 notify to: com.android.launcher
06-03 23:27:12.695  1888  2196 W LoadedApk: System took : 228ms in onReceive of class com.android.server.sdksandbox.SdkSandboxManagerService$1 for action : android.intent.action.PACKAGE_ADDED
06-03 23:27:12.698  1888  1915 D LauncherAppsService: onPackageAdded, packageName: com.aegisapp/UserHandle{0} uid: 10321 notify to: com.android.systemui
06-03 23:27:12.717  1888  1915 W PackageManager: Failed registering loading progress callback. Package is fully loaded.
06-03 23:27:12.717  1888  1915 W Looper  : Slow dispatch took 336ms android.fg h=android.os.Handler c=com.android.internal.content.PackageMonitor$$ExternalSyntheticLambda0@9091af3 m=0
06-03 23:27:12.718  1888  1915 W Looper  : Slow delivery took 348ms android.fg h=android.os.Handler c=com.android.internal.content.PackageMonitor$$ExternalSyntheticLambda0@a08b3b0 m=0
06-03 23:27:12.720  1888  1888 W LoadedApk: System took : 350ms in onReceive of class com.android.server.compat.PlatformCompat$1 for action : android.intent.action.PACKAGE_ADDED
06-03 23:27:12.720  1888  1888 W Looper  : Slow dispatch took 350ms main h=android.app.ActivityThread$H c=android.app.LoadedApk$ReceiverDispatcher$Args$$ExternalSyntheticLambda0@6945229 m=0
06-03 23:27:12.739  1888  1888 W Looper  : Slow delivery took 352ms main h=android.os.Handler c=com.android.internal.content.PackageMonitor$$ExternalSyntheticLambda0@2e5a9ae m=0
06-03 23:27:12.739  1888  1888 D OplusCustomizeService: mCoreAppIsEnable = false
06-03 23:27:12.739  1888  1888 D OplusCustomizeService: pkgName = com.aegisapp
06-03 23:27:12.740  1888  1888 D OplusCustomizeService: Add packages name is :com.aegisapp;dir:/data/app/~~CZOx3-D6Xo-QENtwi9CGMA==/com.aegisapp-a8dQhe3fmwoATRvh6l42PA==/base.apk
06-03 23:27:12.796  1888  2163 W LoadedApk: System took : 333ms in onReceive of class com.android.server.appwidget.AppWidgetServiceImpl$1 for action : android.intent.action.PACKAGE_ADDED
06-03 23:27:12.826  1888  2240 W Looper  : Slow dispatch took 451ms location.minor h=android.os.Handler c=com.android.internal.content.PackageMonitor$$ExternalSyntheticLambda0@68af56b m=0
06-03 23:27:12.831  1888  2362 W LoadedApk: System took : 166ms in onReceive of class com.android.server.oplus.osense.resource.ResourceCallback$AppStatusReceiver for action : android.intent.action.PACKAGE_ADDED
06-03 23:27:12.851 10966 10966 I Quality : ActivityThread: makeApplication delay 684 com.oplus.camera 10966
06-03 23:27:12.853  1888  2137 W LoadedApk: System took : 258ms in onReceive of class com.android.server.VpnManagerService$1 for action : android.intent.action.PACKAGE_ADDED
06-03 23:27:12.854  1888  2192 W LoadedApk: System took : 166ms in onReceive of class com.android.server.stats.StatsCompanionService$AppUpdateReceiver for action : android.intent.action.PACKAGE_ADDED
06-03 23:27:12.954  1888  1915 W ActivityTaskManager: updateAssetConfigurationForSwitchUser assetSeq = 4; updateFrameworkRes = false; fromSwitchUser = false; mMaterialColor = 38654967830;
06-03 23:27:12.954  1888  1915 W ActivityTaskManager:  callers:com.android.server.am.ProcessList.updateApplicationInfoLOSP:5449 com.android.server.am.ActivityManagerService.updateApplicationInfoLOSP:22117 com.android.server.am.ActivityManagerService.scheduleApplicationInfoChanged:22084 com.android.server.om.OverlayManagerService.updateActivityManager:1602 com.android.server.om.OverlayManagerService.lambda$updateTargetPackagesLocked$3:1525 com.android.server.om.OverlayManagerService.$r8$lambda$-loJgVeyalyOvPByrzH6Bt5zYww:0 com.android.server.om.OverlayManagerService$$ExternalSyntheticLambda3.run:0 android.os.Handler.handleCallback:973 android.os.Handler.dispatchMessage:100 android.os.Looper.loopOnce:282 android.os.Looper.loop:387 android.os.HandlerThread.run:85 com.android.server.ServiceThread.run:46 <bottom of call stack> <bottom of call stack> <bottom of call stack> <bottom of call stack> <bottom of call stack> <bottom of call stack> <bottom of call stack> <bottom of call stack> <bottom of call stack> <bottom of call stack> <bottom of call stack> <bottom of call stack> <bottom of call stack> <bottom of call stack> <bottom of call stack> <bottom of call stack> <bottom of call stack> <bottom of call stack> <bottom of call stack> <bottom of call stack> <bottom of call stack> <bottom of call stack> <bottom of call stack> <bottom of call stack> <bottom of call stack> <bottom of call stack> <bottom of call stack> <bottom of call stack> <bottom of call stack> <bottom of call stack> <bottom of call stack> <bottom of call stack> <bottom of call stack> <bottom of call stack> <bottom of call stack> <bottom of call stack> <bottom of call stack> 
06-03 23:27:12.998  1888  3498 D ShortcutService: Getting shortcuts for launcher= com.android.launcheruser=0 pkg=com.aegisapp
06-03 23:27:13.009  1888  2302 W LoadedApk: System took : 370ms in onReceive of class com.android.server.healthconnect.permission.PermissionPackageChangesOrchestrator for action : android.intent.action.PACKAGE_ADDED
06-03 23:27:13.015  1888  1888 W LoadedApk: System took : 182ms in onReceive of class com.android.server.notification.NotificationManagerService$6 for action : android.intent.action.PACKAGE_ADDED
06-03 23:27:13.016  1888  1888 W Looper  : Slow dispatch took 183ms main h=android.app.ActivityThread$H c=android.app.LoadedApk$ReceiverDispatcher$Args$$ExternalSyntheticLambda0@49ace3f m=0
06-03 23:27:13.037  1888  1948 W LoadedApk: System took : 258ms in onReceive of class com.android.server.am.AppRestrictionController$1 for action : android.intent.action.PACKAGE_ADDED
06-03 23:27:13.045  1888  1888 D MBrainLocalService: isVendorFreezeConditionPass is false
06-03 23:27:13.045  1888  1888 E AppStateIntentReceiver: notifyChange failed
06-03 23:27:13.109  1888  1942 E OplusDexOptimizeManager: Start app fature is off
06-03 23:27:13.145  1888  1888 D MultiApp-DataService: handlePackageChange: android.intent.action.PACKAGE_ADDED for: com.aegisapp
06-03 23:27:13.181  1888  2274 W ActivityManager: Slow operation: 62ms so far, now at startProcess: done starting proc!
06-03 23:27:13.188  1888  1935 W ActivityManager: Slow operation: 934ms so far, now at startProcess: done updating battery stats
06-03 23:27:13.188  1888  1935 W ActivityManager: Slow operation: 934ms so far, now at startProcess: building log message
06-03 23:27:13.188  1888  1935 I ActivityManager: Start proc 10986:com.coloros.phonemanager/u0a128 for broadcast {com.coloros.phonemanager/com.oplus.phonemanager.virusdetect.receiver.RealTimeMonitorReceiver}
06-03 23:27:13.188  1888  1935 W ActivityManager: Slow operation: 934ms so far, now at startProcess: starting to update pids map
06-03 23:27:13.188  1888  1935 W ActivityManager: Slow operation: 934ms so far, now at startProcess: done updating pids map
06-03 23:27:13.213  1888  2138 W LoadedApk: System took : 741ms in onReceive of class com.android.server.VcnManagementService$VcnBroadcastReceiver for action : android.intent.action.PACKAGE_ADDED
06-03 23:27:13.235  1888  2970 E OplusDexOptimizeManager: Start app fature is off
06-03 23:27:13.261  1888  2970 E OplusDexOptimizeManager: Start app fature is off
06-03 23:27:13.261  1888  2970 E OplusDexOptimizeManager: Start app fature is off
06-03 23:27:13.261  1888  2970 E OplusDexOptimizeManager: Start app fature is off
06-03 23:27:13.261  1888  2970 E OplusDexOptimizeManager: Start app fature is off
06-03 23:27:13.261  1888  2970 E OplusDexOptimizeManager: Start app fature is off
06-03 23:27:13.261  1888  2970 E OplusDexOptimizeManager: Start app fature is off
06-03 23:27:13.261  1888  2970 E OplusDexOptimizeManager: Start app fature is off
06-03 23:27:13.261  1888  2970 E OplusDexOptimizeManager: Start app fature is off
06-03 23:27:13.262  1888  2970 E OplusDexOptimizeManager: Start app fature is off
06-03 23:27:13.262  1888  2970 E OplusDexOptimizeManager: Start app fature is off
06-03 23:27:13.262  1888  2970 E OplusDexOptimizeManager: Start app fature is off
06-03 23:27:13.262  1888  2970 E OplusDexOptimizeManager: Start app fature is off
06-03 23:27:13.262  1888  2970 E OplusDexOptimizeManager: Start app fature is off
06-03 23:27:13.262  1888  2970 E OplusDexOptimizeManager: Start app fature is off
06-03 23:27:13.262  1888  2970 E OplusDexOptimizeManager: Start app fature is off
06-03 23:27:13.262  1888  2970 E OplusDexOptimizeManager: Start app fature is off
06-03 23:27:13.262  1888  2970 E OplusDexOptimizeManager: Start app fature is off
06-03 23:27:13.262  1888  2970 E OplusDexOptimizeManager: Start app fature is off
06-03 23:27:13.262  1888  2970 E OplusDexOptimizeManager: Start app fature is off
06-03 23:27:13.262  1888  2970 E OplusDexOptimizeManager: Start app fature is off
06-03 23:27:13.262  1888  2970 E OplusDexOptimizeManager: Start app fature is off
06-03 23:27:13.262  1888  2970 E OplusDexOptimizeManager: Start app fature is off
06-03 23:27:13.262  1888  2970 E OplusDexOptimizeManager: Start app fature is off
06-03 23:27:13.262  1888  2970 E OplusDexOptimizeManager: Start app fature is off
06-03 23:27:13.262  1888  2970 E OplusDexOptimizeManager: Start app fature is off
06-03 23:27:13.262  1888  2970 E OplusDexOptimizeManager: Start app fature is off
06-03 23:27:13.262  1888  2970 E OplusDexOptimizeManager: Start app fature is off
06-03 23:27:13.262  1888  2970 W ActivityManager: Slow operation: 55ms so far, now at attachApplicationLocked: before bindApplication
06-03 23:27:13.264  1888  2970 W ActivityManager: Slow operation: 57ms so far, now at attachApplicationLocked: immediately before bindApplication
06-03 23:27:13.264  1888  2970 D ActivityTaskManagerServiceExtImpl: preBindApplication record is null
06-03 23:27:13.276  1888  2970 W ActivityManager: Slow operation: 69ms so far, now at attachApplicationLocked: immediately after bindApplication
06-03 23:27:13.276  1888  2970 W ActivityManager: Slow operation: 69ms so far, now at attachApplicationLocked: after updateLruProcessLocked
06-03 23:27:13.288  1888  2970 W ActivityManager: Slow operation: 79ms so far, now at attachApplicationLocked: after updateOomAdjLocked
06-03 23:27:13.295  1888  2970 E OplusDexOptimizeManager: Start app fature is off
06-03 23:27:13.306  1888  1901 W PackageConfigPersister: App-specific configuration not found for packageName: com.google.android.apps.nbu.files and userId: 0
06-03 23:27:13.314  1888  1935 W ActivityManager: Slow operation: 157ms so far, now at startProcess: returned from zygote!
06-03 23:27:13.326  1888  1931 W UserAwareMgr: can not find match thread: TemporaryThread for process com.oplus.camera
06-03 23:27:13.326  1888  1931 W UserAwareMgr: can not find match thread: CameraHandlerThread for process com.oplus.camera
06-03 23:27:13.326  1888  1931 W UserAwareMgr: can not find match thread: UIBoosterUx for process com.oplus.camera
06-03 23:27:13.331 10986 10986 I Quality : ActivityThread: attach delay 526 attach 10986
06-03 23:27:13.335 10986 10986 I Quality : ActivityThread: activityThreadMain delay 652 activityThreadMain 10986
06-03 23:27:13.338  1888  1931 W UserAwareMgr: can not find match thread: ApsUxThread for process com.oplus.camera
06-03 23:27:13.338  1888  1931 W UserAwareMgr: can not find match thread: ImageProcessThread for process com.oplus.camera
06-03 23:27:13.338  1888  1931 W UserAwareMgr: can not find match thread: CaptureImageThread for process com.oplus.camera
06-03 23:27:13.338  1888  1931 W UserAwareMgr: can not find match thread: ConfigInitThread for process com.oplus.camera
06-03 23:27:13.338  1888  1931 W UserAwareMgr: can not find match thread: UnitHandlerThread for process com.oplus.camera
06-03 23:27:13.338  1888  1931 W UserAwareMgr: can not find match thread: PreviewProcessThread for process com.oplus.camera
06-03 23:27:13.338  1888  1931 W UserAwareMgr: can not find match thread: PreviewImageThread for process com.oplus.camera
06-03 23:27:13.338  1888  1931 W UserAwareMgr: can not find match thread: PictureMetaArriveThread for process com.oplus.camera
06-03 23:27:13.338  1888  1931 W UserAwareMgr: can not find match thread: PreviewFrameThread for process com.oplus.camera
06-03 23:27:13.348  1888  1915 W Looper  : Slow dispatch took 603ms android.fg h=android.os.Handler c=com.android.server.om.OverlayManagerService$$ExternalSyntheticLambda3@ea779e6 m=0
06-03 23:27:13.391  1888  2281 W Looper  : Slow dispatch took 212ms android.perm h=android.os.Handler c=com.android.internal.infra.ServiceConnector$Impl$$ExternalSyntheticLambda2@76839ca m=0
06-03 23:27:13.428  1888  1935 W ActivityManager: Slow operation: 272ms so far, now at startProcess: done updating battery stats
06-03 23:27:13.428  1888  1935 W ActivityManager: Slow operation: 272ms so far, now at startProcess: building log message
06-03 23:27:13.428  1888  1935 I ActivityManager: Start proc 11012:com.oplus.uxdesign/u0a223 for service {com.oplus.uxdesign/com.oplus.uxdesign.icon.service.LaunchIconService}
06-03 23:27:13.428  1888  1935 W ActivityManager: Slow operation: 272ms so far, now at startProcess: starting to update pids map
06-03 23:27:13.429  1888  1935 W ActivityManager: Slow operation: 273ms so far, now at startProcess: done updating pids map
06-03 23:27:13.507  1888  1935 W ActivityManager: Slow operation: 127ms so far, now at startProcess: returned from zygote!
06-03 23:27:13.507  1888  1935 W ActivityManager: Slow operation: 127ms so far, now at startProcess: done updating battery stats
06-03 23:27:13.508  1888  1935 W ActivityManager: Slow operation: 128ms so far, now at startProcess: building log message
06-03 23:27:13.508  1888  1935 I ActivityManager: Start proc 11018:com.google.android.permissioncontroller/u0a242 for service {com.google.android.permissioncontroller/com.android.permissioncontroller.permission.service.PermissionControllerServiceImpl}
06-03 23:27:13.508  1888  1935 W ActivityManager: Slow operation: 128ms so far, now at startProcess: starting to update pids map
06-03 23:27:13.508  1888  1935 W ActivityManager: Slow operation: 128ms so far, now at startProcess: done updating pids map
06-03 23:27:13.522 15730 15875 W ContextImpl: Calling a method in the system process without a qualified user: android.app.ContextImpl.startService:1958 android.content.ContextWrapper.startService:837 com.heytap.mcs.pkginstall.a.a:24 com.heytap.mcs.pkginstall.a.a:10 com.heytap.mcs.pkginstall.a.d:0 
06-03 23:27:13.656  1888  1935 W ActivityManager: Slow operation: 112ms so far, now at startProcess: returned from zygote!
06-03 23:27:13.853  1888  2302 W LoadedApk: System took : 843ms in onReceive of class com.android.server.healthconnect.migration.MigratorPackageChangesReceiver for action : android.intent.action.PACKAGE_ADDED
06-03 23:27:13.868  1888  1888 W LoadedApk: System took : 723ms in onReceive of class com.android.server.pm.OplusMultiAppDataManager$2 for action : android.intent.action.PACKAGE_ADDED
06-03 23:27:13.869  1888  1888 W Looper  : Slow dispatch took 724ms main h=android.app.ActivityThread$H c=android.app.LoadedApk$ReceiverDispatcher$Args$$ExternalSyntheticLambda0@b7ccfe9 m=0
06-03 23:27:13.875  1888  1935 W ActivityManager: Slow operation: 331ms so far, now at startProcess: done updating battery stats
06-03 23:27:13.875  1888  1935 W ActivityManager: Slow operation: 332ms so far, now at startProcess: building log message
06-03 23:27:13.875  1888  1935 I ActivityManager: Start proc 11019:com.heytap.market/u0a97 for service {com.heytap.market/com.cdo.oaps.host.old.WebBridgeService}
06-03 23:27:13.876  1888  1935 W ActivityManager: Slow operation: 332ms so far, now at startProcess: starting to update pids map
06-03 23:27:13.876  1888  1935 W ActivityManager: Slow operation: 332ms so far, now at startProcess: done updating pids map
06-03 23:27:13.944  1888  2123 D CompatChangeReporter: Compat change id reported: 262645982; UID 10321; state: ENABLED
06-03 23:27:13.959  1888  1901 D CompatChangeReporter: Compat change id reported: 151861875; UID 1000; state: ENABLED
06-03 23:27:13.979  1888  1919 W AnrLogEnhancementHelperImpl: app side detected 1888 dynamic_receiver cost time = 1234
06-03 23:27:13.980  1888  1919 W LoadedApk: System took : 1235ms in onReceive of class com.android.server.input.KeyboardLayoutManager$1 for action : android.intent.action.PACKAGE_ADDED
06-03 23:27:13.982  1888  1901 W ActivityManager: Slow operation: 64ms so far, now at startProcess: done starting proc!
06-03 23:27:13.982  1888  1901 W ContentProviderHelper: Slow operation: 100ms so far, now at getContentProviderImpl: after start process
06-03 23:27:13.987  1888  1901 W ContentProviderHelper: Slow operation: 105ms so far, now at getContentProviderImpl: updating data structures
06-03 23:27:13.987  1888  1901 W ContentProviderHelper: Slow operation: 105ms so far, now at getContentProviderImpl: done!
06-03 23:27:13.994  1888  2123 W AnrLogEnhancementHelperImpl: app side detected 1888 dynamic_receiver cost time = 1261
06-03 23:27:13.994  1888  2123 W LoadedApk: System took : 1261ms in onReceive of class com.android.server.net.NetworkPolicyManagerService$6 for action : android.intent.action.PACKAGE_ADDED
06-03 23:27:13.999  1888  2970 E OplusDexOptimizeManager: Start app fature is off
06-03 23:27:13.999  1888  2970 E OplusDexOptimizeManager: Start app fature is off
06-03 23:27:13.999  1888  2970 E OplusDexOptimizeManager: Start app fature is off
06-03 23:27:13.999  1888  2970 E OplusDexOptimizeManager: Start app fature is off
06-03 23:27:13.999  1888  2970 E OplusDexOptimizeManager: Start app fature is off
06-03 23:27:13.999  1888  2970 E OplusDexOptimizeManager: Start app fature is off
06-03 23:27:14.010  1888  2970 D ActivityTaskManagerServiceExtImpl: preBindApplication record is null
06-03 23:27:14.040  1888  1915 W Looper  : Drained
06-03 23:27:14.042  1888  2970 E OplusDexOptimizeManager: Start app fature is off
06-03 23:27:14.062  1888  1888 D CompatChangeReporter: Compat change id reported: 151861875; UID 10168; state: ENABLED
06-03 23:27:14.082  1888  1935 W ActivityManager: Slow operation: 123ms so far, now at startProcess: returned from zygote!
06-03 23:27:14.083  1888  1935 W ActivityManager: Slow operation: 124ms so far, now at startProcess: done updating battery stats
06-03 23:27:14.083  1888  1935 W ActivityManager: Slow operation: 124ms so far, now at startProcess: building log message
06-03 23:27:14.083  1888  1935 I ActivityManager: Start proc 11059:com.heytap.mcs.statistics/1000 for content provider {com.heytap.mcs/com.heytap.mcs.biz.statistics.provider.StatisticsContentProvider}
06-03 23:27:14.084  1888  1935 W ActivityManager: Slow operation: 124ms so far, now at startProcess: starting to update pids map
06-03 23:27:14.084  1888  1935 W ActivityManager: Slow operation: 125ms so far, now at startProcess: done updating pids map
06-03 23:27:14.115 10986 10986 I Quality : ActivityThread: createClassLoader delay 505 /data/app/~~wY3VLK-Zq38V3_wYWTCZlw==/com.coloros.phonemanager-xYI7LDNtjt1bdYcHYsOzDA==/base.apk:/data/app/~~wY3VLK-Zq38V3_wYWTCZlw==/com.coloros.phonemanager-xYI7LDNtjt1bdYcHYsOzDA==/split_Dynamic_Ad_Excl_EU_US.apk 10986
06-03 23:27:14.174  1888  1888 W LoadedApk: System took : 303ms in onReceive of class com.android.server.app.GameManagerService$4 for action : android.intent.action.PACKAGE_ADDED
06-03 23:27:14.174  1888  1888 W Looper  : Slow dispatch took 303ms main h=android.app.ActivityThread$H c=android.app.LoadedApk$ReceiverDispatcher$Args$$ExternalSyntheticLambda0@a531294 m=0
06-03 23:27:14.195  1888  2973 E OplusDexOptimizeManager: Start app fature is off
06-03 23:27:14.195  1888  2973 E OplusDexOptimizeManager: Start app fature is off
06-03 23:27:14.195  1888  2973 E OplusDexOptimizeManager: Start app fature is off
06-03 23:27:14.195  1888  2973 E OplusDexOptimizeManager: Start app fature is off
06-03 23:27:14.195  1888  2973 E OplusDexOptimizeManager: Start app fature is off
06-03 23:27:14.195  1888  2973 E OplusDexOptimizeManager: Start app fature is off
06-03 23:27:14.214  1888  2973 W ActivityManager: Slow operation: 60ms so far, now at attachApplicationLocked: immediately before bindApplication
06-03 23:27:14.215  1888  2973 D ActivityTaskManagerServiceExtImpl: preBindApplication record is null
06-03 23:27:14.242  1888  2973 W ActivityManager: Slow operation: 88ms so far, now at attachApplicationLocked: immediately after bindApplication
06-03 23:27:14.242  1888  2973 W ActivityManager: Slow operation: 88ms so far, now at attachApplicationLocked: after updateLruProcessLocked
06-03 23:27:14.257  1888 10985 D OplusOsPackageManager: uploadInstallAppInfos:{installerPkg=com.google.android.apps.nbu.files, code=1, abi1=arm64-v8a, abi2=null, update=0, cert=FAC61745DC;, targetSdkVersion=34, source=com.google.android.apps.nbu.files, app_pkg=com.aegisapp, version=1.0, initiatingPkg=com.google.android.apps.nbu.files, md5=dd1569e45877f51ec398183060c1c6b3}
06-03 23:27:14.291  1888  2973 W ActivityManager: Slow operation: 136ms so far, now at attachApplicationLocked: after updateOomAdjLocked
06-03 23:27:14.292  1888  1935 W ActivityManager: Slow operation: 225ms so far, now at startProcess: returned from zygote!
06-03 23:27:14.302  1888  1961 D OplusSmartBrightnessController: CtsTest = false
06-03 23:27:14.302  1888  1961 D OplusDisplayBrightnessBroadcastReceiver: onReceive action = android.intent.action.PACKAGE_ADDED , listeners = [com.android.server.display.OplusSmartBrightnessController$SmartBroadcastReceiver@f27e724]
06-03 23:27:14.323  1888  2973 E OplusDexOptimizeManager: Start app fature is off
06-03 23:27:14.346  1888  2973 E OplusDexOptimizeManager: Start app fature is off
06-03 23:27:14.357  1888  2973 W ActivityManager: Slow operation: 62ms so far, now at finishAttachApplicationInner: after dispatching broadcasts
06-03 23:27:14.377 11018 11018 I Quality : ActivityThread: activityThreadMain delay 575 activityThreadMain 11018
06-03 23:27:14.408  1888  1888 W LoadedApk: System took : 154ms in onReceive of class com.android.server.backup.UserBackupManagerService$2 for action : android.intent.action.PACKAGE_ADDED
06-03 23:27:14.408  1888  1888 W Looper  : Slow dispatch took 154ms main h=android.app.ActivityThread$H c=android.app.LoadedApk$ReceiverDispatcher$Args$$ExternalSyntheticLambda0@bc3a439 m=0
06-03 23:27:14.409 10986 10986 I Quality : ActivityThread: createOrUpdateClassLoaderLocked delay 819 com.coloros.phonemanager 10986
06-03 23:27:14.502  1888  1935 W ActivityManager: Slow operation: 435ms so far, now at startProcess: done updating battery stats
06-03 23:27:14.502  1888  1935 W ActivityManager: Slow operation: 435ms so far, now at startProcess: building log message
06-03 23:27:14.502  1888  1935 I ActivityManager: Start proc 11064:com.oplus.cosa/u0a168 for service {com.oplus.cosa/com.oplus.cosa.service.GameDaemonService}
06-03 23:27:14.502  1888  1935 W ActivityManager: Slow operation: 435ms so far, now at startProcess: starting to update pids map
06-03 23:27:14.502  1888  1935 W ActivityManager: Slow operation: 435ms so far, now at startProcess: done updating pids map
06-03 23:27:14.524  1888  1942 D CompatChangeReporter: Compat change id reported: 151861875; UID 10229; state: ENABLED
06-03 23:27:14.524  1888  2232 I OplusStatusBarManagerServiceEnhance:  getTopIsFullscreen mTopIsFullscreen: false
06-03 23:27:14.561  1888  1960 D PowerManagerService: userActivityNoUpdateLocked: groupId=0, eventTime=718657746, event=touch, flags=0x0, uid=1000
06-03 23:27:14.616  1888  1935 W ActivityManager: Slow operation: 92ms so far, now at startProcess: returned from zygote!
06-03 23:27:14.644  1888  1916 D WindowManager: request show transient bar, navigationBar already visible
06-03 23:27:14.658  1888  1960 D PowerManagerService: userActivityNoUpdateLocked: groupId=0, eventTime=718657851, event=touch, flags=0x0, uid=1000
06-03 23:27:14.698  1888  2089 W AccessibilitySecurityPolicy: Skipping accessibility service com.lenskart.app/io.cobrowse.CobrowseAccessibilityService: it does not require the permission android.permission.BIND_ACCESSIBILITY_SERVICE
06-03 23:27:14.702  1888  2958 E OplusDexOptimizeManager: Start app fature is off
06-03 23:27:14.703  1888  1888 W Looper  : Slow dispatch took 178ms main h=com.android.server.notification.NotificationManagerService$WorkerHandler c=null m=8
06-03 23:27:14.704  1888  1888 I AppsFilter: interaction: PackageSetting{63754bd com.android.microdroid.empty_payload/10311} -> PackageSetting{88edab2 com.aegisapp/10321} BLOCKED
06-03 23:27:14.704  1888  1888 I AppsFilter: interaction: PackageSetting{3218a03 com.oplus.locationproxy/10181} -> PackageSetting{88edab2 com.aegisapp/10321} BLOCKED
06-03 23:27:14.705  1888  1888 I AppsFilter: interaction: PackageSetting{ea6dd80 com.android.certinstaller/10214} -> PackageSetting{88edab2 com.aegisapp/10321} BLOCKED
06-03 23:27:14.707  1888  1888 D NotificationService--OplusNotificationManagerServiceExtImpl: isForwardToAssistants: false, case : Is in mMcsNotInterceptPkgList or is isSystemApp
06-03 23:27:14.707  1888  1888 D NotificationService: This application enqueue notifications is not need postDelayed
06-03 23:27:14.714  1888  2958 E OplusDexOptimizeManager: Start app fature is off
06-03 23:27:14.714  1888  2958 E OplusDexOptimizeManager: Start app fature is off
06-03 23:27:14.714  1888  2958 E OplusDexOptimizeManager: Start app fature is off
06-03 23:27:14.714  1888  2958 E OplusDexOptimizeManager: Start app fature is off
06-03 23:27:14.714  1888  2958 E OplusDexOptimizeManager: Start app fature is off
06-03 23:27:14.715  1888  2958 E OplusDexOptimizeManager: Start app fature is off
06-03 23:27:14.715  1888  2958 E OplusDexOptimizeManager: Start app fature is off
06-03 23:27:14.715  1888  2958 E OplusDexOptimizeManager: Start app fature is off
06-03 23:27:14.715  1888  2958 E OplusDexOptimizeManager: Start app fature is off
06-03 23:27:14.715  1888  2958 E OplusDexOptimizeManager: Start app fature is off
06-03 23:27:14.715  1888  2958 E OplusDexOptimizeManager: Start app fature is off
06-03 23:27:14.715  1888  2958 E OplusDexOptimizeManager: Start app fature is off
06-03 23:27:14.715  1888  2958 E OplusDexOptimizeManager: Start app fature is off
06-03 23:27:14.715  1888  2958 E OplusDexOptimizeManager: Start app fature is off
06-03 23:27:14.715  1888  2958 E OplusDexOptimizeManager: Start app fature is off
06-03 23:27:14.715  1888  2958 E OplusDexOptimizeManager: Start app fature is off
06-03 23:27:14.715  1888  2958 E OplusDexOptimizeManager: Start app fature is off
06-03 23:27:14.715  1888  2958 E OplusDexOptimizeManager: Start app fature is off
06-03 23:27:14.715  1888  2958 E OplusDexOptimizeManager: Start app fature is off
06-03 23:27:14.715  1888  2958 E OplusDexOptimizeManager: Start app fature is off
06-03 23:27:14.715  1888  2958 E OplusDexOptimizeManager: Start app fature is off
06-03 23:27:14.715  1888  2958 E OplusDexOptimizeManager: Start app fature is off
06-03 23:27:14.715  1888  2958 E OplusDexOptimizeManager: Start app fature is off
06-03 23:27:14.715  1888  2958 E OplusDexOptimizeManager: Start app fature is off
06-03 23:27:14.715  1888  2958 E OplusDexOptimizeManager: Start app fature is off
06-03 23:27:14.715  1888  2958 E OplusDexOptimizeManager: Start app fature is off
06-03 23:27:14.715  1888  2958 E OplusDexOptimizeManager: Start app fature is off
06-03 23:27:14.715  1888  2958 E OplusDexOptimizeManager: Start app fature is off
06-03 23:27:14.715  1888  2958 E OplusDexOptimizeManager: Start app fature is off
06-03 23:27:14.715  1888  2958 W ActivityManager: Slow operation: 141ms so far, now at attachApplicationLocked: before bindApplication
06-03 23:27:14.717  1888  2958 W ActivityManager: Slow operation: 143ms so far, now at attachApplicationLocked: immediately before bindApplication
06-03 23:27:14.717  1888  2958 D ActivityTaskManagerServiceExtImpl: preBindApplication record is null
06-03 23:27:14.727  1888  2958 W ActivityManager: Slow operation: 153ms so far, now at attachApplicationLocked: immediately after bindApplication
06-03 23:27:14.727  1888  2958 W ActivityManager: Slow operation: 153ms so far, now at attachApplicationLocked: after updateLruProcessLocked
06-03 23:27:14.732  1888  2958 W ActivityManager: Slow operation: 158ms so far, now at attachApplicationLocked: after updateOomAdjLocked
06-03 23:27:14.734  1888  2958 E OplusDexOptimizeManager: Start app fature is off
06-03 23:27:14.737  1888  2958 E OplusDexOptimizeManager: Start app fature is off
06-03 23:27:14.747 11019 11019 I Quality : ActivityThread: attach delay 857 attach 11019
06-03 23:27:14.753 11019 11019 I Quality : ActivityThread: activityThreadMain delay 939 activityThreadMain 11019
06-03 23:27:14.767  1888  1935 W ActivityManager: Slow operation: 243ms so far, now at startProcess: done updating battery stats
06-03 23:27:14.767  1888  1935 W ActivityManager: Slow operation: 243ms so far, now at startProcess: building log message
06-03 23:27:14.767  1888  1935 I ActivityManager: Start proc 11081:com.google.android.packageinstaller/u0a229 for broadcast {com.google.android.packageinstaller/com.android.packageinstaller.PackageInstalledReceiver}
06-03 23:27:14.767  1888  1935 W ActivityManager: Slow operation: 244ms so far, now at startProcess: starting to update pids map
06-03 23:27:14.768  1888  1935 W ActivityManager: Slow operation: 244ms so far, now at startProcess: done updating pids map
06-03 23:27:14.775  1888  1888 W Looper  : Drained
06-03 23:27:14.779  1888  2811 W AppOpService: Ignored setUidMode call for runtime permission app op: uid = 10092, code = FINE_LOCATION, mode = allow, callingUid = 1000, oldMode = allow
06-03 23:27:14.829 10966 10966 I Quality : ActivityThread: callApplicationOnCreate delay 1552 com.oplus.camera 10966
06-03 23:27:14.854  1888  2958 I ActivityManager: Flag disabled. Ignoring finishAttachApplication from uid: 10227. pid: 10966
06-03 23:27:14.872  1888  3493 D ShortcutService: Getting shortcuts for launcher= com.android.launcheruser=0 pkg=com.aegisapp
06-03 23:27:14.919  1888  1888 W Looper  : Slow dispatch took 144ms main h=com.android.server.notification.NotificationManagerService$WorkerHandler c=com.android.server.notification.NotificationManagerService$$ExternalSyntheticLambda0@faf424f m=0
06-03 23:27:14.949 10986 10986 I Quality : GetResourcesInfo:527113308,/data/app/~~wY3VLK-Zq38V3_wYWTCZlw==/com.coloros.phonemanager-xYI7LDNtjt1bdYcHYsOzDA==/base.apk
06-03 23:27:14.965  5252  5356 I Quality : BitmapCompressInfo:180,180,1,100,785955615
06-03 23:27:14.990 11018 11018 I Quality : ActivityThread: createClassLoader delay 415 /apex/com.android.permission/priv-app/GooglePermissionController@361524160/GooglePermissionController.apk 11018
06-03 23:27:15.102  1888  2970 E OplusDexOptimizeManager: Start app fature is off
06-03 23:27:15.102  1888  2970 E OplusDexOptimizeManager: Start app fature is off
06-03 23:27:15.102  1888  2970 E OplusDexOptimizeManager: Start app fature is off
06-03 23:27:15.102  1888  2970 E OplusDexOptimizeManager: Start app fature is off
06-03 23:27:15.102  1888  2970 E OplusDexOptimizeManager: Start app fature is off
06-03 23:27:15.102  1888  2970 E OplusDexOptimizeManager: Start app fature is off
06-03 23:27:15.104  1888  2970 D ActivityTaskManagerServiceExtImpl: preBindApplication record is null
06-03 23:27:15.115  1888  2970 E OplusDexOptimizeManager: Start app fature is off
06-03 23:27:15.121 11018 11018 I Quality : ActivityThread: createOrUpdateClassLoaderLocked delay 555 com.google.android.permissioncontroller 11018
06-03 23:27:15.127  1888  3493 E OplusDexOptimizeManager: Start app fature is off
06-03 23:27:15.127  1888  3493 E OplusDexOptimizeManager: Start app fature is off
06-03 23:27:15.143  1888  3493 D ActivityTaskManagerServiceExtImpl: preBindApplication record is null
06-03 23:27:15.166 11368 11569 V ShellRecents: RecentsTransitionHandler.startRecentsTransition
06-03 23:27:15.230 10986 10986 D ResourcesManagerExtImpl: applyConfigurationToAppResourcesLocked app.getDisplayId() return callback.displayId:-1
06-03 23:27:15.252 11368 11569 V WindowManagerShell: Directly starting a new transition type=3 wct=WindowContainerTransaction { changes = {} hops = [{PendingIntent: options=Bundle[mParcelledData.dataSize=648]}] errorCallbackToken=null taskFragmentOrganizer=null } handler=com.android.wm.shell.recents.RecentsTransitionHandler@8278b0
06-03 23:27:15.276  1888  2089 V AccessibilityManagerService: onUserStateChangedLocked for user 0 with forceUpdate: false mEnabledServices = [] mCrashedServices = []
06-03 23:27:15.309  1888  2574 D FlexibleTaskController: hideZoomWindow flag = 12 ,caller = 5252
06-03 23:27:15.325  1888  4287 D OplusAppQuickStart_AppQuickStartController: set SyncGroup 4558 TransitionLaunch true.
06-03 23:27:15.348 11012 11012 I Quality : ActivityThread: createClassLoader delay 564 /system_ext/app/UXDesign/UXDesign.apk 11012
06-03 23:27:15.369  1888  4287 I OplusAccessController: enter isIgnoreAppSwitchActivity
06-03 23:27:15.369  1888  4287 I OplusAccessController: enter isIgnoreAppSwitchActivity and intent != null
06-03 23:27:15.369  1888  4287 I OplusAccessController: enter isIgnoreAppSwitchActivity and componentName != null
06-03 23:27:15.369  1888  4287 I OplusAccessController: enter isIgnoreAppSwitchActivity and packageName&activity is not Empty
06-03 23:27:15.369  1888  4287 D RefreshRate: don't do app switch boost,arDisplayId:0 mDisplayId:0 currentSettingMode:2 hasAppSwitchBoostPriority:false is supportRefreshRateSwitch:true
06-03 23:27:15.370  1888  4287 D ActivityTaskManager: setAppVisibility(Token{4691508 ActivityRecord{52367ee u0 com.android.launcher/.Launcher t5}}, visible=true): mNextAppTransitionRequests=[], mNextAppTransitionFlags=,mAppTransitionState=APP_STATE_IDLE visible=false mVisibleRequested=false
