06-03 23:27:26.693  1888  2973 D WindowManagerServiceExtImpl: extractConfigInfoAndRealFlags rotation=0, screenDp=424, residentWS:1, win=Window{e639d87 u0 com.android.launcher/com.android.launcher.Launcher}
06-03 23:27:26.694  1888  2973 V WindowManager: Relayout Window{e639d87 u0 com.android.launcher/com.android.launcher.Launcher}: viewVisibility=0, oldvis=0, req=1080x2400, vsysui=LAYOUT_STABLE LAYOUT_HIDE_NAVIGATION LAYOUT_FULLSCREEN
06-03 23:27:26.713 11368 11569 V WindowManagerShell:  try handler com.oplus.flexibleactivity.FlexibleActivityTransitionHandler@562d8e5
06-03 23:27:26.713  1888  1916 W Looper  : Slow dispatch took 131ms android.ui h=android.os.Handler c=com.android.server.wm.OplusCompactWindowTrigger$$ExternalSyntheticLambda0@e2b3e5d m=0
06-03 23:27:26.714 11368 11569 V WindowManagerShell:  try handler com.android.wm.shell.flexiblewindow.FlexibleWindowTransitionHandler@f4a4fba
06-03 23:27:26.714 11368 11569 V WindowManagerShell:  try handler OnePuttTransitionHandler
06-03 23:27:26.714 11368 11569 V WindowManagerShell:  try handler com.android.wm.shell.flexibletask.FlexibleTaskTransitionHandler@23dad86
06-03 23:27:26.716 11368 11569 V WindowManagerShell:  try handler com.android.wm.shell.transition.RemoteTransitionHandler@ac5e647
06-03 23:27:26.716 11368 11569 V WindowManagerShell: Transition doesn't have explicit remote, search filters for match for {id=4561 t=CLOSE f=0x10 trk=0 r=[0@Point(0, 0)] c=[{WCT{android.window.IWindowContainerToken$Stub$Proxy@d0b7dcb} m=TO_FRONT f=SHOW_WALLPAPER|MOVE_TO_TOP leash=Surface(name=Task=1)/@0x77735af sb=Rect(0, 0 - 1080, 2400) eb=Rect(0, 0 - 1080, 2400) d=0 taskParent=-1},{WCT{android.window.IWindowContainerToken$Stub$Proxy@43a99a8} m=CLOSE f=NONE leash=Surface(name=Task=759)/@0x4775dbc sb=Rect(0, 0 - 1080, 2400) eb=Rect(0, 0 - 1080, 2400) d=0 taskParent=-1},{null m=TO_FRONT f=IS_WALLPAPER leash=Surface(name=WallpaperWindowToken{8cf4d5e token=android.os.Binder@548df56 showWhenLocked=false})/@0xca6145 sb=Rect(0, 0 - 1080, 2400) eb=Rect(0, 0 - 1080, 2400) d=0}] extendInfo=[OplusTransitionExtendedInfo{mTmpFinishT=null, mInOplusCompatMode=false, mIsProcessRunning=false, mHasMismatchBoundsTarget=false, mRecentsController=null, mIsTranslucentActivityToHome=false, mAvoidInterceptKeyEventToHome=false, mIsFromHome=false, mParentLeash=null, mIsOplusAnimRes=false, mIsFromOverlay=false, mIsBalAllow=false, mTaskNotInRecent=false, mIsLaunchFromSpruce=false, mIsLaunchFromDrive=false, mAssistScreenShowing=false, mUserIdTransition=0, mInRemoteScene=false, mInPreReady=false, mPreStart=false, mToken=null, mShellApplyToken=null, mRequestTransitionTaskId=-1, mAbortTransitionOnShell=0, mTransitionId=4561, mAnimStartingPosition=[0, 0, 0, 0], mIsOpeningStkDialogActivity=false}]}
06-03 23:27:26.717 11368 11569 V WindowManagerShell:  Checking filter Pair{{types=[] flags=0x0] notFlags=0x100 checks=[{atype=home independent=true modes=[OPEN,TO_FRONT] flags=NONE mustBeTask=false order=TOP topActivity=ComponentInfo{com.android.launcher/com.android.launcher.Launcher} launchCookie=null},{atype=standard independent=true modes=[CLOSE,TO_BACK] flags=NONE mustBeTask=false order=ANY topActivity=null launchCookie=null}]} RemoteTransition { remoteTransition = android.window.IRemoteTransition$Stub$Proxy@9b54d1b, recentAnimRunner = null, appThread = android.app.IApplicationThread$Stub$Proxy@d923eb8, debugName = QuickstepLaunchHome }}
06-03 23:27:26.717 11368 11569 D RemoteTransitionHandler: Found filterPair{{types=[] flags=0x0] notFlags=0x100 checks=[{atype=home independent=true modes=[OPEN,TO_FRONT] flags=NONE mustBeTask=false order=TOP topActivity=ComponentInfo{com.android.launcher/com.android.launcher.Launcher} launchCookie=null},{atype=standard independent=true modes=[CLOSE,TO_BACK] flags=NONE mustBeTask=false order=ANY topActivity=null launchCookie=null}]} RemoteTransition { remoteTransition = android.window.IRemoteTransition$Stub$Proxy@9b54d1b, recentAnimRunner = null, appThread = android.app.IApplicationThread$Stub$Proxy@d923eb8, debugName = QuickstepLaunchHome }}
06-03 23:27:26.737  1888  1916 I ActivityManager: hookHandleApplicationCrashBeforeInner do not showErrorDialog shouldThottle= false
06-03 23:27:26.745  1888  2974 D OplusTransitionAnimationManager: skipFinishDrawingIfNeed clientRotation=0, currentRotation=0, hasFixedRotationApp=false, requestedOrientation=5, win=Window{e639d87 u0 com.android.launcher/com.android.launcher.Launcher}, activity=ActivityRecord{52367ee u0 com.android.launcher/.Launcher t5}, currentConfig={0.9 ??mcc??mnc [en_GB] ldltr sw424dp w424dp h941dp 408dpi nrml long port night finger -keyb/v/h -nav/h winConfig={ mBounds=Rect(0, 0 - 1080, 2400) mAppBounds=Rect(0, 0 - 1080, 2400) mMaxBounds=Rect(0, 0 - 1080, 2400) mDisplayRotation=ROTATION_0 mWindowingMode=fullscreen mActivityType=home mAlwaysOnTop=undefined mRotation=ROTATION_0} s.47 fontWeightAdjustment=0mThemeChanged= 0, mThemeChangedFlags= 0, mFlipFont= 0, mScenario= 0, mAccessibleChanged= 1, mUxIconConfig= 3468914793113469009, mMaterialColor= 40016, mUserId= 0, mFontUserId= 0, mFontVariationSettings= 31a8, mFoldingAngle = -1.0, mIconPackName= com.italiano.pureessence, mDarkModeBackgroundMaxL= 0.0, mDarkModeDialogBgMaxL= 27.0, mDarkModeForegroundMinL= 100.0, mOplusConfigType= 1, mOplusChangedConfigs= 0, OpSans= -1, mBurmeseFontFlag= 2, mFlag= 0, mFlexibleActivitySuitable= -1, mPuttDisplayFlag= -1}
06-03 23:27:26.753  5252  5252 W VRI[Launcher]: handleResized abandoned!
06-03 23:27:26.756 11368 11569 V WindowManagerShell:  Delegate animation for (#4561) to RemoteTransition { remoteTransition = android.window.IRemoteTransition$Stub$Proxy@9b54d1b, recentAnimRunner = null, appThread = android.app.IApplicationThread$Stub$Proxy@d923eb8, debugName = QuickstepLaunchHome }
06-03 23:27:26.759 11368 11368 W VRI[StatusBar]: handleResized abandoned!
06-03 23:27:26.759 11368 11368 W VRI[NavigationBar_displayId_0]: handleResized abandoned!
06-03 23:27:26.763 11368 11569 V WindowManagerShell:  animated by com.android.wm.shell.transition.RemoteTransitionHandler@ac5e647
06-03 23:27:26.788  1888  2744 I BLASTSyncEngine: onCommitted syncId: 4561, timeout: falseran: false
06-03 23:27:26.896  1888  2970 I ActivityManager: Death received, pid = 11588, processName = com.aegisapp for thread android.os.BinderProxy@534efb9
06-03 23:27:26.945  1888  8890 D CompatChangeReporter: Compat change id reported: 151861875; UID 1000; state: ENABLED
06-03 23:27:26.993  7067  7067 I AppWidgetManager: updateAppWidgetIds, mPackageName: com.coloros.alarmclock, appWidgetIds: [36], views:android.widget.RemoteViews@7a65841
06-03 23:27:27.084 11464 11464 I Quality : ActivityThread: createClassLoader delay 1939 /data/app/~~Dv5q7xp1naim_uVuxk7PmA==/com.android.vending-8bnJX1Yq1dJU9yjJcmISVw==/base.apk:/data/app/~~Dv5q7xp1naim_uVuxk7PmA==/com.android.vending-8bnJX1Yq1dJU9yjJcmISVw==/split_config.arm64_v8a.apk:/data/app/~~Dv5q7xp1naim_uVuxk7PmA==/com.android.vending-8bnJX1Yq1dJU9yjJcmISVw==/split_config.en.apk:/data/app/~~Dv5q7xp1naim_uVuxk7PmA==/com.android.vending-8bnJX1Yq1dJU9yjJcmISVw==/split_phonesky_data_loader.apk:/data/app/~~Dv5q7xp1naim_uVuxk7PmA==/com.android.vending-8bnJX1Yq1dJU9yjJcmISVw==/split_phonesky_data_loader.config.arm64_v8a.apk:/data/app/~~Dv5q7xp1naim_uVuxk7PmA==/com.android.vending-8bnJX1Yq1dJU9yjJcmISVw==/split_phonesky_webrtc_native_lib.apk:/data/app/~~Dv5q7xp1naim_uVuxk7PmA==/com.android.vending-8bnJX1Yq1dJU9yjJcmISVw==/split_phonesky_webrtc_native_lib.config.arm64_v8a.apk 11464
06-03 23:27:27.131  1888  2281 I ServiceConnector.Impl: unbindJobThread: connection = ServiceConnector@601(Intent { act=android.permission.PermissionControllerService cmp=com.google.android.permissioncontroller/com.android.permissioncontroller.permission.service.PermissionControllerServiceImpl mCallingUid=1000 }, user: 0)[Unbinding...]service = android.permission.IPermissionController$Stub$Proxy@5ba4bb7 mBinding = false
06-03 23:27:27.146  1888  2163 I AppWidgetServiceImpl: handleNotifyUpdateAppWidget,appWidgetId: 36,packageName:com.coloros.alarmclock
06-03 23:27:27.147  1888  2163 D AppWidgetServiceImpl: Trying to notify widget update for package com.coloros.alarmclock with widget id: 36
06-03 23:27:27.156 11464 11464 I Quality : ActivityThread: createOrUpdateClassLoaderLocked delay 2129 com.android.vending 11464
06-03 23:27:27.167  1888  8890 W ActivityManager: Slow operation: 195ms so far, now at startProcess: building args
06-03 23:27:27.181  1888  1935 W ActivityManager: Slow operation: 212ms so far, now at startProcess: asking zygote to start proc
06-03 23:27:27.183  1888  8890 W ActivityManager: Slow operation: 248ms so far, now at startProcess: done starting proc!
06-03 23:27:27.221  1888  1916 W Looper  : Slow dispatch took 507ms android.ui h=com.android.server.am.ActivityManagerService$UiHandler c=null m=1
06-03 23:27:27.223  1888  1935 W ActivityManager: Slow operation: 253ms so far, now at startProcess: returned from zygote!
06-03 23:27:27.227  1888  1916 W Looper  : Slow delivery took 623ms android.ui h=com.android.server.am.ActivityManagerService$UiHandler c=com.android.server.am.UidObserverController$$ExternalSyntheticLambda0@6dd9dd m=0
06-03 23:27:27.243  1888  2542 I ActivityManager: Process com.aegisapp (pid 11588) has died: fg  TOP 
06-03 23:27:27.246  1888  1916 W Looper  : Drained
06-03 23:27:27.257  1888  1931 I UserAwareMgr: process killed: {pkgName='com.aegisapp', processName='com.aegisapp', pid=11588, uid=10321, flags='fg1', renderTid=0, hwuiTids=null, glTids=null, threadInfos=null}
06-03 23:27:27.258  1888  1916 D DisplayManagerService: Drop pending events for gone uid 10321
06-03 23:27:27.258  1888  1931 I UserAwareMgr: handleProcessKilled, pkgName: com.aegisapp, pid: 11588
06-03 23:27:27.291 11368 11569 V WindowManagerShell: Transition animation finished (aborted=false), notifying core (#4561) android.os.BinderProxy@a3e798e@0
06-03 23:27:27.291 11368 11569 D SplitScreen-->AppLockManager: setStartFromSafeControl mStartFromSafeControl=false
06-03 23:27:27.336  1888  2542 D SnapshotCache: removeRunningEntry id: 759, callers=com.android.server.wm.SnapshotCache.onAppRemoved:80 com.android.server.wm.AbsAppSnapshotController.onAppRemoved:677 com.android.server.wm.SnapshotController.onAppRemoved:69 
06-03 23:27:27.337  1888  2542 D ActivityTaskManager: removeAppToken: ActivityRecord{a426e83 u0 com.aegisapp/.MainActivity t759 f}} delayed=true parent=Task{47c3839 #759 type=standard A=10321:com.aegisapp} animating=true Callers=com.android.server.wm.DisplayContent.removeAppToken:1734 com.android.server.wm.ActivityRecord.removeFromHistory:5062 com.android.server.wm.ActivityRecord.handleAppDied:5405 com.android.server.wm.WindowProcessController.handleAppDied:1622 
06-03 23:27:27.337  1888  2542 D ActivityTaskManager: removeStartingWindowAnimation starting ActivityRecord{a426e83 u0 com.aegisapp/.MainActivity t759 f}} startingWindow=null ,startingView=com.android.server.wm.StartingSurfaceController$StartingSurface@6089ff0,Callers=com.android.server.wm.ActivityRecord.removeStartingWindow:3563 com.android.server.wm.ActivityRecord.onRemovedFromDisplay:5530 com.android.server.wm.DisplayContent.removeAppToken:1734 com.android.server.wm.ActivityRecord.removeFromHistory:5062 com.android.server.wm.ActivityRecord.handleAppDied:5405 
06-03 23:27:27.338  1888  2542 D OplusStartingWindowManager: interceptRemoveStartingWindow: packageName=com.aegisapp,  componentName=com.aegisapp/.MainActivity, isSnapshot=false, startingSurfaceRunnable=null, isDrawCompleted=false, hasSurfaceView=false, inTransition=true
06-03 23:27:27.338  1888  2542 D OplusSplitScreenManagerService: notifyRemoveStartingWindow mOplusSpiltScreenDnDUI is null, just return!
06-03 23:27:27.339  1888  2036 D IntervalStats: Unable to parse usage stats packages: [2130]
06-03 23:27:27.342  1888  2542 D OplusStartingWindowManager: interceptRemoveStartingWindow: hasSplashWindowFlag() return false for activity=ActivityRecord{a426e83 u0 com.aegisapp/.MainActivity t759 f}}
06-03 23:27:27.342  1888  2542 D adaptiveSmoothAnim_Main: updateStartingWindowRemovalInfo, quickSurface=OplusAppQuickStartingSurface{mSurfaceControl=null, mActivityRecord=ActivityRecord{a426e83 u0 com.aegisapp/.MainActivity t759 f}}, mTask=Task{47c3839 #759 type=standard A=10321:com.aegisapp}, mStartFromRecents=false, mStartFromSlide=false, mIsMovingToBack=true}, task=Task{47c3839 #759 type=standard A=10321:com.aegisapp}
06-03 23:27:27.347  1888  1931 I UserAwareMgr: event is already released: SceneEvent{id=5004, maxWorkDurationMs=2000, caller='[android]', eventFlags=0, fbPriority=1, keyThreads=[KeyThread{name=ll.splashscreen, owner=systemui, schedPolicy=ux, priority=ANIMATOR}, KeyThread{name=ll.splashworker, owner=systemui, schedPolicy=ux, priority=ANIMATOR}, KeyThread{name=HwUiTask, owner=systemui, schedPolicy=ux, priority=LIGHT}, KeyThread{name=RenderThread, owner=systemui, schedPolicy=ux, priority=HEAVY}], vipBinderGroup=null}, callingPid: 1888, appPid: 0
06-03 23:27:27.347  1888  2036 D UsageStatsService: User[0] type=0 b=1779904646179 e=1780509446179 cb=1780508520804 ce=1780509446173 disk=0 all=2
06-03 23:27:27.354  1888  2542 D FlexibleWindowManagerService: [resetSiblingEmbeddedTasksToFullScreen] return as is home or recent
06-03 23:27:27.365  1888  2964 D Transition: finishTransition ar ActivityRecord{52367ee u0 com.android.launcher/.Launcher t5}, isVisibleRequested=true, state=RESUMED, visibleAtTransitionEndTokens={ActivityRecord{52367ee u0 com.android.launcher/.Launcher t5}, WallpaperWindowToken{8cf4d5e token=android.os.Binder@548df56 showWhenLocked=false}}, this=TransitionRecord{18ed3c id=4561 track=0 type=CLOSE flags=0x10 state=2}
06-03 23:27:27.366  1888  2964 D Transition: finishTransition ar ActivityRecord{a426e83 u0 com.aegisapp/.MainActivity t759 f} isExiting}, isVisibleRequested=false, state=DESTROYED, visibleAtTransitionEndTokens={ActivityRecord{52367ee u0 com.android.launcher/.Launcher t5}, WallpaperWindowToken{8cf4d5e token=android.os.Binder@548df56 showWhenLocked=false}}, this=TransitionRecord{18ed3c id=4561 track=0 type=CLOSE flags=0x10 state=2}
06-03 23:27:27.367  1888  2964 D ActivityTaskManager: commitVisibility: ActivityRecord{a426e83 u0 com.aegisapp/.MainActivity t759 f} isExiting}: visible=false visibleRequested=false, isInTransition=false, runningAnimation=false 
06-03 23:27:27.368  1888  2964 D WindowManager: NFW_setClientVisible:ActivityRecord{a426e83 u0 com.aegisapp/.MainActivity t759 f} isExiting} clientVisible:false
06-03 23:27:27.368  1888  2964 I OplusAppSwitchManagerService:  handleAppVisible , r = ActivityRecord{52367ee u0 com.android.launcher/.Launcher t5}
06-03 23:27:27.374  1888  2964 I WindowStateExtImpl: onSurfaceShowChange show = false mPackageName = com.aegisapp parentPkgName = com.aegisapp
06-03 23:27:27.374  1888  2964 I WindowManager: Window{b4344dc u0 Splash Screen com.aegisapp} state from HAS_DRAWN to NO_SURFACE; reason: destroySurface
06-03 23:27:27.379  1888  2964 I TaskOrganizerController: onTaskInfoChanged taskid 759 config { mBounds=Rect(0, 0 - 1080, 2400) mAppBounds=Rect(0, 0 - 1080, 2400) mMaxBounds=Rect(0, 0 - 1080, 2400) mDisplayRotation=ROTATION_0 mWindowingMode=fullscreen mActivityType=standard mAlwaysOnTop=undefined mRotation=ROTATION_0}
06-03 23:27:27.380  1888  2964 D OplusFlexibleWindowMinimizedManagerHelper: onTaskInfoChanged taskInfo:TaskInfo{userId=0 taskId=759 displayId=0 isRunning=false baseIntent=Intent { act=android.intent.action.MAIN cat=[android.intent.category.LAUNCHER] flg=0x10200000 cmp=com.aegisapp/.MainActivity mCallingUid=10207 } baseActivity=null topActivity=null origActivity=null realActivity=ComponentInfo{com.aegisapp/com.aegisapp.MainActivity} numActivities=0 lastActiveTime=1492238824 supportsSplitScreenMultiWindow=true supportsMultiWindow=true supportsPocketStudioMultiWindow=true isInFlexibleEmbedded = false uid = -1 pid = -1 resizeMode=1 isResizeable=true minWidth=-1 minHeight=-1 defaultMinSize=220 token=WCT{RemoteToken{189be05 Task{47c3839 #759 type=standard A=10321:com.aegisapp}}} topActivityType=1 pictureInPictureParams=null shouldDockBigOverlays=false launchIntoPipHostTaskId=-1 lastParentTaskIdBeforePip=-1 displayCutoutSafeInsets=Rect(0, 110 - 0, 0) topActivityInfo=null launchCookies=[android.os.BinderProxy@c1b03ae] positionInParent=Point(0, 0) parentTaskId=-1 isFocused=false isVisible=false isVisibleRequested=false isSleeping=false locusId=null displayAreaFeatureId=1 isTopActivityTransparent=false appCompatTaskInfo=AppCompatTaskInfo { topActivityInSizeCompat=false topActivityInOplusCompatMode=false topActivityEligibleForLetterboxEducation= falseisLetterboxEducationEnabled= false isLetterboxDoubleTapEnabled= false topActivityEligibleForUserAspectRatioButton= false topActivityBoundsLetterboxed= false isFromLetterboxDoubleTap= false topActivityLetterboxVerticalPosition= -1 topActivityLetterboxHorizontalPosition= -1 topActivityLetterboxWidth=-1 topActivityLetterboxHeight=-1 isUserFullscreenOverrideEnabled=false isSystemFullscreenOverrideEnabled=false cameraCompatTaskInfo=CameraCompatTaskInfo { cameraCompatControlState=hidden freeformCameraCompatMode=inactive}} topActivityLetterboxInsets=Rect(0, 0 - 0, 0) mOplusExtraBundle = Bundle[{androidx.flexible.taskFrame=Rect(0, 0 - 0, 0), key_flexible_task_state=0, androidx.activity.LaunchScenario=0, androidx.activity.LaunchScale=1.0}]} task:Task{47c3839 #759 type=standard A=10321:com.aegisapp}
06-03 23:27:27.380  1888  2964 D OplusFlexibleDragToSplitAnimController: visibleFlexibleTaskInfos delete:759
06-03 23:27:27.385  1888  2964 D QuickBackInputPolicy: hasMultiChildrenInTask: false
06-03 23:27:27.385  1888  2964 D WindowManager: NFW_findFocusedWindowIfNeeded:Window{e639d87 u0 com.android.launcher/com.android.launcher.Launcher} mCurrentFocus:Window{e639d87 u0 com.android.launcher/com.android.launcher.Launcher}
06-03 23:27:27.390  1888  2964 D ActivityTaskManager: removeAppToken: ActivityRecord{a426e83 u0 com.aegisapp/.MainActivity t759 f}} delayed=false parent=Task{47c3839 #759 type=standard A=10321:com.aegisapp} animating=false Callers=com.android.server.wm.ActivityRecord.removeImmediately:5420 com.android.server.wm.ActivityRecord.removeIfPossible:5435 com.android.server.wm.ActivityRecord.handleCompleteDeferredRemoval:5441 com.android.server.wm.WindowContainer.handleCompleteDeferredRemoval:1623 
06-03 23:27:27.397  1888  2964 D OplusMirageWindowManagerService: onTaskRemoved displayid:0 taskId:759 callers:com.android.server.wm.MirageWindowManagerExtImpl.onTaskRemoved:47 com.android.server.wm.TaskDisplayArea.removeChildTask:394 com.android.server.wm.TaskDisplayArea.removeChild:383 com.android.server.wm.WindowContainer.removeImmediately:1017 com.android.server.wm.TaskFragment.removeImmediately:3644 
06-03 23:27:27.399  1888  2964 I OplusScreenSecurityMask: onStackRemoved task = Task{47c3839 #759 type=standard A=10321:com.aegisapp} record = null displayId = 0
06-03 23:27:27.409  1888  2964 D OplusTransitionController: finishTransition, transition: TransitionRecord{18ed3c id=4561 track=0 type=CLOSE flags=0x10 state=4}
06-03 23:27:27.409  1888  2964 D adaptiveSmoothAnim_FadeAnimController: fadeAllWindowToken show=true, transition=TransitionRecord{18ed3c id=4561 track=0 type=CLOSE flags=0x10 state=4} ,this= com.android.server.wm.LightOSFadeAnimController@4c37c1a
06-03 23:27:27.417  1888  2964 D TransitionController: NFW_send RECOMPUTE_FOCUS in finishTransition
06-03 23:27:27.419 11368 11569 D ShellTaskOrganizer: onTransitionFinish, isRecent:false
06-03 23:27:27.423 11368 11569 V WindowManagerShell: Track 0 became idle
06-03 23:27:27.423 11368 11569 V WindowManagerShell: All active transition animations finished
06-03 23:27:27.428  1888  1920 D OplusFlexibleWindowMinimizedManagerHelper: onTaskVanished taskInfo:759 task:Task{47c3839 #759 type=standard A=10321:com.aegisapp}
06-03 23:27:27.428  1888  1920 D OplusFlexibleDragToSplitAnimController: visibleFlexibleTaskInfos delete:759
06-03 23:27:27.428  1888  1920 D FlexibleTaskController: no need releaseFlexibleCaptionView or destroyFlexibleDragLeash when non-caption-view-task vanished, task=Task{47c3839 #759 type=standard A=10321:com.aegisapp}
06-03 23:27:27.430  1888  1920 D FlexibleWindowManagerService: notifyFlexibleTaskVanish taskId : 759 is not taskEmbedded
06-03 23:27:27.431  1888  1920 D FlexibleWindowManagerService: onFlexibleWindowTaskVanished: task = 759,size:0
06-03 23:27:27.431  1888  1921 D SurfaceAnimationRunner: onAnimationStart:Surface(name=Surface(name=WindowToken{f9147c0 type=2000 android.os.BinderProxy@21a2af2})/@0x709cc1 - animation-leash of token_transform)/@0x28e2805
06-03 23:27:27.432  1888  1920 D OplusFlexibleWindowMinimizedManagerHelper: onTaskVanished taskInfo:759 task:Task{47c3839 #759 type=standard A=10321:com.aegisapp}
06-03 23:27:27.432  1888  1920 D OplusFlexibleDragToSplitAnimController: visibleFlexibleTaskInfos delete:759
06-03 23:27:27.432  1888  1920 D FlexibleTaskController: no need releaseFlexibleCaptionView or destroyFlexibleDragLeash when non-caption-view-task vanished, task=Task{47c3839 #759 type=standard A=10321:com.aegisapp}
06-03 23:27:27.432  1888  1920 D FlexibleWindowManagerService: notifyFlexibleTaskVanish taskId : 759 is not taskEmbedded
06-03 23:27:27.432  1888  1920 D FlexibleWindowManagerService: onFlexibleWindowTaskVanished: task = 759,size:0
06-03 23:27:27.433  1888  3147 D ActivityTaskManager: Skipping, invisible task: Task{3034aab #5 type=home I=com.android.launcher/.Launcher}
06-03 23:27:27.433  1888  3147 D ActivityTaskManager: pre-Filtered:com.aegisapp # com.google.android.apps.nbu.files # 
06-03 23:27:27.433  1888  3147 D ActivityTaskManager: after skip size 2
06-03 23:27:27.440  1888  2552 W UserManagerService: Requested status bar icon for non-badged user 0
06-03 23:27:27.458  1888  1921 D SurfaceAnimationRunner: onAnimationStart:Surface(name=Surface(name=WindowToken{4b3d6e8 type=2019 android.os.BinderProxy@e97cbda})/@0x3fdb854 - animation-leash of token_transform)/@0x167828b
06-03 23:27:27.458  1888  2021 E OplusDexOptimizeManager: Start app fature is off
06-03 23:27:27.472  1888  2021 E OplusDexOptimizeManager: Start app fature is off
06-03 23:27:27.474 11292 11292 I Quality : ActivityThread: callApplicationOnCreate delay 1929 com.oplus.securitypermission 11292
06-03 23:27:27.476  1888  2021 E OplusDexOptimizeManager: Start app fature is off
06-03 23:27:27.479  1888  1921 D SurfaceAnimationRunner: onAnimationEnd:Surface(name=Surface(name=WindowToken{f9147c0 type=2000 android.os.BinderProxy@21a2af2})/@0x709cc1 - animation-leash of token_transform)/@0x28e2805
06-03 23:27:27.480  1888  1921 D SurfaceAnimationRunner: onAnimationEnd:Surface(name=Surface(name=WindowToken{4b3d6e8 type=2019 android.os.BinderProxy@e97cbda})/@0x3fdb854 - animation-leash of token_transform)/@0x167828b
06-03 23:27:27.488 11464 11464 I Quality : GetResourcesInfo:331028615,/data/app/~~Dv5q7xp1naim_uVuxk7PmA==/com.android.vending-8bnJX1Yq1dJU9yjJcmISVw==/base.apk
06-03 23:27:27.498  1888  1902 I ActivityManager: Flag disabled. Ignoring finishAttachApplication from uid: 1000. pid: 11292
06-03 23:27:27.506  1888  2021 E OplusDexOptimizeManager: Start app fature is off
06-03 23:27:27.506  1888  2021 E OplusDexOptimizeManager: Start app fature is off
06-03 23:27:27.506  1888  2021 E OplusDexOptimizeManager: Start app fature is off
06-03 23:27:27.506  1888  2021 E OplusDexOptimizeManager: Start app fature is off
06-03 23:27:27.508  1888  2970 W PackageConfigPersister: App-specific configuration not found for packageName: com.android.launcher and userId: 0
06-03 23:27:27.511  1888  2021 E OplusDexOptimizeManager: Start app fature is off
06-03 23:27:27.511  1888  2021 E OplusDexOptimizeManager: Start app fature is off
06-03 23:27:27.512  1888  2021 E OplusDexOptimizeManager: Start app fature is off
06-03 23:27:27.512  1888  2021 E OplusDexOptimizeManager: Start app fature is off
06-03 23:27:27.512  1888  2021 E OplusDexOptimizeManager: Start app fature is off
06-03 23:27:27.512  1888  2021 E OplusDexOptimizeManager: Start app fature is off
06-03 23:27:27.512  1888  2021 E OplusDexOptimizeManager: Start app fature is off
06-03 23:27:27.512  1888  2021 E OplusDexOptimizeManager: Start app fature is off
06-03 23:27:27.512  1888  2021 E OplusDexOptimizeManager: Start app fature is off
06-03 23:27:27.512  1888  2021 E OplusDexOptimizeManager: Start app fature is off
06-03 23:27:27.512  1888  2021 E OplusDexOptimizeManager: Start app fature is off
06-03 23:27:27.512  1888  2021 E OplusDexOptimizeManager: Start app fature is off
06-03 23:27:27.512  1888  2021 E OplusDexOptimizeManager: Start app fature is off
06-03 23:27:27.512  1888  2021 E OplusDexOptimizeManager: Start app fature is off
06-03 23:27:27.512  1888  2021 E OplusDexOptimizeManager: Start app fature is off
06-03 23:27:27.512  1888  2021 E OplusDexOptimizeManager: Start app fature is off
06-03 23:27:27.512  1888  2021 E OplusDexOptimizeManager: Start app fature is off
06-03 23:27:27.512  1888  2021 E OplusDexOptimizeManager: Start app fature is off
06-03 23:27:27.512  1888  2021 E OplusDexOptimizeManager: Start app fature is off
06-03 23:27:27.512  1888  2021 E OplusDexOptimizeManager: Start app fature is off
06-03 23:27:27.512  1888  2021 E OplusDexOptimizeManager: Start app fature is off
06-03 23:27:27.512  1888  2021 W ActivityManager: Slow operation: 114ms so far, now at attachApplicationLocked: before bindApplication
06-03 23:27:27.520  1888  2974 W WindowManager: Failed looking up window session=Session{a8f483 11368:u0a10210} callers=com.android.server.wm.WindowManagerService.windowForClientLocked:6793 com.android.server.wm.Session.setOnBackInvokedCallbackInfo:1064 android.view.IWindowSession$Stub.onTransact:1199 
06-03 23:27:27.520  1888  2974 I WindowManager: setOnBackInvokedCallback(): No window state for package:com.android.systemui
06-03 23:27:27.533  1888  2021 W ActivityManager: Slow operation: 135ms so far, now at attachApplicationLocked: immediately before bindApplication
06-03 23:27:27.534  1888  2021 D ActivityTaskManagerServiceExtImpl: preBindApplication record is null
06-03 23:27:27.538 11292 11292 W ContextImpl: Calling a method in the system process without a qualified user: android.app.ContextImpl.startService:1958 android.content.ContextWrapper.startService:837 android.content.ContextWrapper.startService:837 com.oplusos.securitypermission.permission.OplusPermissionReceiver.l:92 com.oplusos.securitypermission.permission.OplusPermissionReceiver.onReceive:168 
06-03 23:27:27.543  1888  2019 W WindowManager: Failed looking up window session=Session{a8f483 11368:u0a10210} callers=com.android.server.wm.WindowManagerService.removeClientToken:2214 com.android.server.wm.Session.remove:292 android.view.IWindowSession$Stub.onTransact:685 
06-03 23:27:27.545  1888  2964 W UserManagerService: Requested status bar icon for non-badged user 0
06-03 23:27:27.561  1888  2021 W ActivityManager: Slow operation: 163ms so far, now at attachApplicationLocked: immediately after bindApplication
06-03 23:27:27.561  1888  2021 W ActivityManager: Slow operation: 163ms so far, now at attachApplicationLocked: after updateLruProcessLocked
06-03 23:27:27.570  1888  1902 W UserManagerService: Requested status bar icon for non-badged user 0
06-03 23:27:27.571  1888  2021 W ActivityManager: Slow operation: 172ms so far, now at attachApplicationLocked: after updateOomAdjLocked
06-03 23:27:27.580  1888  2021 E OplusDexOptimizeManager: Start app fature is off
06-03 23:27:27.589  1888  2857 E OplusDexOptimizeManager: Start app fature is off
06-03 23:27:27.621 11614 11614 I Quality : ActivityThread: attach delay 724 attach 11614
06-03 23:27:27.623 11614 11614 I Quality : ActivityThread: activityThreadMain delay 1184 activityThreadMain 11614
06-03 23:27:27.625  1888  2882 E OplusDexOptimizeManager: Start app fature is off
06-03 23:27:27.640  1888  1935 W ActivityManager: Slow operation: 671ms so far, now at startProcess: done updating battery stats
06-03 23:27:27.641  1888  1935 W ActivityManager: Slow operation: 672ms so far, now at startProcess: building log message
06-03 23:27:27.641  1888  1935 I ActivityManager: Start proc 11660:com.oplus.crashbox/1000 for service {com.oplus.crashbox/com.oplus.crashbox.ExceptionMonitorService}
06-03 23:27:27.641  1888  1935 W ActivityManager: Slow operation: 672ms so far, now at startProcess: starting to update pids map
06-03 23:27:27.641  1888  1935 W ActivityManager: Slow operation: 672ms so far, now at startProcess: done updating pids map
06-03 23:27:27.644  1888  1919 D adaptiveSmoothAnim_FadeAnimController: Start transaction is committed
06-03 23:27:27.651  1888  1919 W ActivityTaskManager: Activity top resumed state loss timeout for ActivityRecord{a426e83 u0 com.aegisapp/.MainActivity t-1 f}}
06-03 23:27:27.652  1888  1919 I OplusJoystickManager: handleApplicationSwitch deprecated!
06-03 23:27:27.653  1888  3097 D OplusAppSwitchListener: Detect com.aegisapp switch to background
06-03 23:27:27.654  1888  3097 D OplusFeatureReduceBrightness: onAppExit , info = com.aegisapp
06-03 23:27:27.654  1888  3097 D OplusEapManager: mTargetExitName :com.aegisapp
06-03 23:27:27.660  5252  5252 D ResourcesManagerExtImpl: applyConfigurationToAppResourcesLocked app.getDisplayId() return callback.displayId:0
06-03 23:27:27.662  1888  3097 D OplusAppSwitchListener: Detect com.android.launcher switch to foreground
06-03 23:27:27.662  1888  3097 D OplusFeatureRiderMode: onAppEnter , info = com.android.launcher
06-03 23:27:27.663  1888  3097 D OplusEapManager: mTargetEnterName :com.android.launcher
06-03 23:27:27.665  1888  3097 D VRR [OPlusFrontAppManager]: OnAppSwitchObserver: onAppEnter , info.targetName = com.android.launcher
06-03 23:27:27.677 11292 11664 W ContextImpl: Calling a method in the system process without a qualified user: android.app.ContextImpl.startService:1958 android.content.ContextWrapper.startService:837 com.oplusos.securitypermission.PermissionApplication.s:8 com.oplusos.securitypermission.PermissionApplication.l:16 com.oplusos.securitypermission.PermissionApplication.b:1 
06-03 23:27:27.690  1888  1902 E OplusDexOptimizeManager: Start app fature is off
06-03 23:27:27.694  1888  1964 D VRR [OPlusRefreshRateService]: handleFrontAppChange pkgName: com.android.launcher
06-03 23:27:27.694  1888  1964 D VRR [OPlusExternalRefreshRateManager]:  [OTI] handleTouchIdleState: reading rate 30
06-03 23:27:27.703  1888  1888 D MBrainLocalService: isVendorFreezeConditionPass is false
06-03 23:27:27.703  1888  1888 E MBrainLocalService: notifyAppSwitch failed
06-03 23:27:27.705  1888  4287 I ActivityManager: Death received, pid = 11444, processName = com.coloros.securepay for thread android.os.BinderProxy@d81226b
06-03 23:27:27.711  1888  1961 I OplusSmartBrightnessController: handleMessage MSG_POWER_BRIGHTNESS_CHANGED.
06-03 23:27:27.725  1888  1959 D ColorAutomaticBrightnessController: MSG_UPDATE_BRIGHTNESS
06-03 23:27:27.726  1888  1959 D OplusFeatureTemperatureLimitBrightness: not Apollo project uses the new rate , rate:20
06-03 23:27:27.740 11019 11019 I Quality : ActivityThread: callApplicationOnCreate delay 8245 com.heytap.market 11019
06-03 23:27:27.776  1888  2882 I ActivityManager: Flag disabled. Ignoring finishAttachApplication from uid: 10097. pid: 11019
06-03 23:27:27.799  1888  1919 D QuickBackInputPolicy: hasMultiChildrenInTask: false
06-03 23:27:27.799  1888  1919 D WindowManager: NFW_findFocusedWindowIfNeeded:Window{e639d87 u0 com.android.launcher/com.android.launcher.Launcher} mCurrentFocus:Window{e639d87 u0 com.android.launcher/com.android.launcher.Launcher}
06-03 23:27:27.801  1888  1901 I ActivityManager: Death received, pid = 10986, processName = com.coloros.phonemanager for thread android.os.BinderProxy@c3af955
06-03 23:27:27.804  1888  2552 D ActivityTaskManager: Skipping, invisible task: Task{3034aab #5 type=home I=com.android.launcher/.Launcher}
06-03 23:27:27.806  1888  2552 D ActivityTaskManager: pre-Filtered:com.aegisapp # com.google.android.apps.nbu.files # 
06-03 23:27:27.806  1888  2552 D ActivityTaskManager: after skip size 2
06-03 23:27:27.806  1888  2519 I ActivityManager: Process com.coloros.securepay (pid 11444) has died: cch+5 CEM 
06-03 23:27:27.811  1888  2021 I OplusProxyWakeLock:  handleWakeLockDeathlock:164773738 PARTIAL_WAKE_LOCK                 'com.o' DISABLED (uid=10128 pid=10986)
06-03 23:27:27.812  1888  2519 W ActivityManager: Unable to launch app com.coloros.securepay/10195 for provider com.oplus.securepay.protect: launching app became null
06-03 23:27:27.818  1888  1931 W UserAwareMgr: event can not be released, id: 2020, count: 2, releasePid: 5252
06-03 23:27:27.826  1888  1916 D DisplayManagerService: Drop pending events for gone uid 10195
06-03 23:27:27.835  5252  5461 E ActivityThread: Failed to find provider info for com.oplus.securepay.protect
06-03 23:27:27.853  1888  3497 I ActivityManager: Flag disabled. Ignoring finishAttachApplication from uid: 1000. pid: 11314
06-03 23:27:27.858  1888  1902 I ActivityManager: Death received, pid = 11081, processName = com.google.android.packageinstaller for thread android.os.BinderProxy@a51dcf8
06-03 23:27:27.858  1888  1935 W ActivityManager: Slow operation: 70ms so far, now at startProcess: returned from zygote!
06-03 23:27:27.873  1888  1902 I ActivityManager: Death received, pid = 11234, processName = com.oplus.safecenter for thread android.os.BinderProxy@5fed5d1
06-03 23:27:27.875  1888  2281 W Looper  : Slow dispatch took 745ms android.perm h=android.os.Handler c=com.android.internal.infra.ServiceConnector$Impl$$ExternalSyntheticLambda0@34ce836 m=0
06-03 23:27:27.912  1888  2552 I ActivityManager: Death received, pid = 11012, processName = com.oplus.uxdesign for thread android.os.BinderProxy@43d0a4
06-03 23:27:27.848 11464 11464 D ResourcesManagerExtImpl: applyConfigurationToAppResourcesLocked app.getDisplayId() return callback.displayId:-1
06-03 23:27:27.979  1888  2973 E OplusDexOptimizeManager: Start app fature is off
06-03 23:27:27.984  1888  2519 I ActivityManager: Process com.google.android.packageinstaller (pid 11081) has died: cch+35 CEM 
06-03 23:27:27.995  1888  2021 D ShortcutService: rescanPackageIfNeeded 0@com.heytap.market, forceRescan=false , isNewApp=false
06-03 23:27:28.015  1888  1916 D DisplayManagerService: Drop pending events for gone uid 10229
06-03 23:27:28.036  1888  2519 I ActivityManager: Process com.oplus.safecenter (pid 11234) has died: cch+15 CEM 
06-03 23:27:28.043  1888  2519 W ActivityManager: pid 1888 system sent binder code 39 with flags 1 to frozen apps and got error -32
06-03 23:27:28.050  1888  1931 I UserAwareMgr: process killed: {pkgName='com.oplus.safecenter', processName='com.oplus.safecenter', pid=11234, uid=1000, flags='', renderTid=0, hwuiTids=null, glTids=null, threadInfos=null}
06-03 23:27:28.050  1888  1931 I UserAwareMgr: handleProcessKilled, pkgName: com.oplus.safecenter, pid: 11234
06-03 23:27:28.062  1888  2974 D CompatChangeReporter: Compat change id reported: 311208629; UID 1000; state: ENABLED
06-03 23:27:28.114  1888  4771 E OplusDexOptimizeManager: Start app fature is off
06-03 23:27:28.114  1888  4771 E OplusDexOptimizeManager: Start app fature is off
06-03 23:27:28.114  1888  4771 E OplusDexOptimizeManager: Start app fature is off
06-03 23:27:28.114  1888  4771 E OplusDexOptimizeManager: Start app fature is off
06-03 23:27:28.114  1888  4771 E OplusDexOptimizeManager: Start app fature is off
06-03 23:27:28.126  1888  4771 D ActivityTaskManagerServiceExtImpl: preBindApplication record is null
06-03 23:27:28.155  1888  4771 W ActivityManager: Slow operation: 57ms so far, now at attachApplicationLocked: immediately after bindApplication
06-03 23:27:28.156  1888  4771 W ActivityManager: Slow operation: 58ms so far, now at attachApplicationLocked: after updateLruProcessLocked
06-03 23:27:28.159  1888  4771 W ActivityManager: Slow operation: 61ms so far, now at attachApplicationLocked: after updateOomAdjLocked
06-03 23:27:28.162  1888  4771 E OplusDexOptimizeManager: Start app fature is off
06-03 23:27:28.202 11561 11561 I Quality : ActivityThread: createClassLoader delay 1196 /data/app/~~AIYi41ptuID-bqJh4tmwOQ==/com.heytap.htms-wfrj6DG0mQPiLj2qJfHkFQ==/base.apk:/data/app/~~AIYi41ptuID-bqJh4tmwOQ==/com.heytap.htms-wfrj6DG0mQPiLj2qJfHkFQ==/split_kit_ads.apk:/data/app/~~AIYi41ptuID-bqJh4tmwOQ==/com.heytap.htms-wfrj6DG0mQPiLj2qJfHkFQ==/split_kit_pay.apk:/data/app/~~AIYi41ptuID-bqJh4tmwOQ==/com.heytap.htms-wfrj6DG0mQPiLj2qJfHkFQ==/split_kit_region.apk 11561
06-03 23:27:28.245  1888  2179 D ShortcutService: Saving package item com.heytap.market to /data/system_ce/0/shortcut_service/packages/com.heytap.market.xml
06-03 23:27:28.255 11660 11660 I Quality : ActivityThread: attach delay 507 attach 11660
06-03 23:27:28.256  1888  2882 E OplusDexOptimizeManager: Start app fature is off
06-03 23:27:28.256 11660 11660 I Quality : ActivityThread: activityThreadMain delay 705 activityThreadMain 11660
06-03 23:27:28.287 11561 11561 I Quality : ActivityThread: createOrUpdateClassLoaderLocked delay 1294 com.heytap.htms 11561
06-03 23:27:28.312  1888  2882 W ActivityManager: Slow operation: 524ms so far, now at startProcess: done updating battery stats
06-03 23:27:28.312  1888  2882 W ActivityManager: Slow operation: 524ms so far, now at startProcess: building log message
06-03 23:27:28.312  1888  2882 I ActivityManager: Start proc 11687:com.android.vending:background/u0a116 for broadcast {com.android.vending/com.google.android.finsky.packagemonitor.backgroundimpl.BackgroundPackageMonitorReceiverImpl$RegisteredReceiver}
06-03 23:27:28.343  1888  7048 E TaskPersister: File error accessing recents directory (directory doesn't exist?).
06-03 23:27:28.389  1888  1949 D OplusPermissionInterceptPolicy: update mini program filters
06-03 23:27:28.389  1888  1949 D OplusPermissionInterceptPolicy: update wx mini program filter: intervalTime=0, uriPattern=null, launchActivity=null, wxRealActivity=null
06-03 23:27:28.393  1888  2882 W ActivityManager: Slow operation: 605ms so far, now at startProcess: starting to update pids map
06-03 23:27:28.393  1888  2882 W ActivityManager: Slow operation: 605ms so far, now at startProcess: done updating pids map
06-03 23:27:28.438  1888  2882 E OplusDexOptimizeManager: Start app fature is off
06-03 23:27:28.438  1888  2882 W ActivityManager: Slow operation: 129ms so far, now at attachApplicationLocked: before bindApplication
06-03 23:27:28.449  1888  2882 W ActivityManager: Slow operation: 140ms so far, now at attachApplicationLocked: immediately before bindApplication
06-03 23:27:28.449  1888  2882 D ActivityTaskManagerServiceExtImpl: preBindApplication record is null
06-03 23:27:28.468  1888  2882 W ActivityManager: Slow operation: 159ms so far, now at attachApplicationLocked: immediately after bindApplication
06-03 23:27:28.468  1888  2882 W ActivityManager: Slow operation: 159ms so far, now at attachApplicationLocked: after updateLruProcessLocked
06-03 23:27:28.484 11561 11561 I Quality : GetResourcesInfo:196561615,/data/app/~~AIYi41ptuID-bqJh4tmwOQ==/com.heytap.htms-wfrj6DG0mQPiLj2qJfHkFQ==/base.apk
06-03 23:27:28.500  1888  2882 W ActivityManager: Slow operation: 191ms so far, now at attachApplicationLocked: after updateOomAdjLocked
06-03 23:27:28.516  1888  2882 E OplusDexOptimizeManager: Start app fature is off
06-03 23:27:28.556  1888  2963 D CompatChangeReporter: Compat change id reported: 297989574; UID 1000; state: ENABLED
06-03 23:27:28.625  1888  2519 I ActivityManager: Process com.oplus.uxdesign (pid 11012) has died: cch+25 CEM 
06-03 23:27:28.637  1888  1916 D DisplayManagerService: Drop pending events for gone uid 10223
06-03 23:27:28.652  5252  5252 D AppWidgetHostView: inflateAsync(rvToApply), appWidgetId: 36
06-03 23:27:28.662  1888  4209 I AppProfilerExtImpl: delay mem upgrade factor change for AS 14296
06-03 23:27:28.691  1888  6347 E OplusDexOptimizeManager: Start app fature is off
06-03 23:27:28.744 11561 11561 D ResourcesManagerExtImpl: applyConfigurationToAppResourcesLocked app.getDisplayId() return callback.displayId:-1
06-03 23:27:28.750  1888  2232 I OplusStatusBarManagerServiceEnhance:  getTopIsFullscreen mTopIsFullscreen: false
06-03 23:27:28.751  1888  1888 D NotificationService--OplusNotificationManagerServiceExtImpl: isForwardToAssistants: false, case : Is in mMcsNotInterceptPkgList or is isSystemApp
06-03 23:27:28.751  1888  1888 D NotificationService: This application enqueue notifications is not need postDelayed
06-03 23:27:28.766  1888  2542 I ActivityManager: Process com.coloros.phonemanager (pid 10986) has died: cch+45 CEM 
06-03 23:27:28.786  1888  6351 I OplusAppSwitchManagerService: appswitch registerAppSwitchObserver pName = com@@oplus@@securitypermission observer = com.oplus.app.IOplusAppSwitchObserver$Stub$Proxy@fd5b85 config = OplusAppSwitchConfig = {  mConfigs = {2=null} observerFingerPrint = 63584317}
06-03 23:27:28.793  1888  6351 I OplusAppSwitchStateDispatcher: registerAppSwitchObserver addDynamicListener OK, info = OplusAppSwitchRuleInfo = {  observer = com.oplus.app.IOplusAppSwitchObserver$Stub$Proxy@fd5b85 observerFingerPrint = 63584317} rule size =0
06-03 23:27:28.826  1888  2542 D CompatChangeReporter: Compat change id reported: 311208629; UID 10345; state: ENABLED
06-03 23:27:28.850  7067  7119 I AppWidgetManager: updateAppWidgetIds, mPackageName: com.coloros.alarmclock, appWidgetIds: [36], views:android.widget.RemoteViews@3416417
06-03 23:27:28.897  1888  1916 D DisplayManagerService: Drop pending events for gone uid 10128
06-03 23:27:28.908  1888  2163 I AppWidgetServiceImpl: handleNotifyUpdateAppWidget,appWidgetId: 36,packageName:com.coloros.alarmclock
06-03 23:27:28.908  1888  2163 D AppWidgetServiceImpl: Trying to notify widget update for package com.coloros.alarmclock with widget id: 36
06-03 23:27:28.911  5252  5252 D AppWidgetHostView: inflateAsync(rvToApply), appWidgetId: 36
06-03 23:27:28.933 11614 11614 I Quality : ActivityThread: createClassLoader delay 614 /data/app/~~78JgbVWrGtehVXrVgGbG0w==/com.oppo.quicksearchbox-R3wRX9KO8F8VXV2XHzq8Pw==/base.apk 11614
06-03 23:27:29.002 11614 11614 I Quality : ActivityThread: createOrUpdateClassLoaderLocked delay 722 com.oppo.quicksearchbox 11614
06-03 23:27:29.003 11660 11660 I Quality : ActivityThread: createOrUpdateClassLoaderLocked delay 303 com.oplus.crashbox 11660
06-03 23:27:29.017  1888  2959 V ActivityManager: Has totaly same connectionRecord, just reuse it!
06-03 23:27:29.050  1888  2279 I Quality : BitmapCompressInfo:540,1200,3,95,1338036077
06-03 23:27:29.051  1888  1901 I AppProfilerExtImpl: delay mem downgrade factor change for AS 13907
06-03 23:27:29.061  1888  2574 V ActivityManager: Has totaly same connectionRecord, just reuse it!
06-03 23:27:29.105 11660 11660 I Quality : GetResourcesInfo:100976692,/system_ext/app/CrashBox/CrashBox.apk
06-03 23:27:29.134 11614 11614 I Quality : GetResourcesInfo:131709539,/data/app/~~78JgbVWrGtehVXrVgGbG0w==/com.oppo.quicksearchbox-R3wRX9KO8F8VXV2XHzq8Pw==/base.apk
06-03 23:27:29.141  1888  2882 E OplusDexOptimizeManager: Start app fature is off
06-03 23:27:29.162  1888  1927 D AppProfilerExtImpl: Skipped pss collection for CPU busy
06-03 23:27:29.178 11292 11292 W ContextImpl: Calling a method in the system process without a qualified user: android.app.ContextImpl.startService:1958 android.content.ContextWrapper.startService:837 com.oplusos.securitypermission.permission.dialog.PermissionDialogService.t:8 com.oplusos.securitypermission.permission.dialog.PermissionDialogService.onCreate:39 android.app.ActivityThread.handleCreateService:5329 
06-03 23:27:29.204  1888  2970 E OplusDexOptimizeManager: Start app fature is off
06-03 23:27:29.247 11292 11292 W ContextImpl: Calling a method in the system process without a qualified user: android.app.ContextImpl.startService:1958 android.content.ContextWrapper.startService:837 com.oplusos.securitypermission.permission.dialog.PermissionDialogService.t:18 com.oplusos.securitypermission.permission.dialog.PermissionDialogService.onCreate:39 android.app.ActivityThread.handleCreateService:5329 
06-03 23:27:29.268 11687 11687 I Quality : ActivityThread: createClassLoader delay 413 /data/app/~~Dv5q7xp1naim_uVuxk7PmA==/com.android.vending-8bnJX1Yq1dJU9yjJcmISVw==/base.apk:/data/app/~~Dv5q7xp1naim_uVuxk7PmA==/com.android.vending-8bnJX1Yq1dJU9yjJcmISVw==/split_config.arm64_v8a.apk:/data/app/~~Dv5q7xp1naim_uVuxk7PmA==/com.android.vending-8bnJX1Yq1dJU9yjJcmISVw==/split_config.en.apk:/data/app/~~Dv5q7xp1naim_uVuxk7PmA==/com.android.vending-8bnJX1Yq1dJU9yjJcmISVw==/split_phonesky_data_loader.apk:/data/app/~~Dv5q7xp1naim_uVuxk7PmA==/com.android.vending-8bnJX1Yq1dJU9yjJcmISVw==/split_phonesky_data_loader.config.arm64_v8a.apk:/data/app/~~Dv5q7xp1naim_uVuxk7PmA==/com.android.vending-8bnJX1Yq1dJU9yjJcmISVw==/split_phonesky_webrtc_native_lib.apk:/data/app/~~Dv5q7xp1naim_uVuxk7PmA==/com.android.vending-8bnJX1Yq1dJU9yjJcmISVw==/split_phonesky_webrtc_native_lib.config.arm64_v8a.apk 11687
06-03 23:27:29.276  1888  2857 D CompatChangeReporter: Compat change id reported: 311208629; UID 10204; state: ENABLED
06-03 23:27:29.288 11687 11687 I Quality : ActivityThread: createOrUpdateClassLoaderLocked delay 440 com.android.vending 11687
06-03 23:27:29.327  1888  3745 E OplusDexOptimizeManager: Start app fature is off
06-03 23:27:29.337 11687 11687 D ResourcesManagerExtImpl: applyConfigurationToAppResourcesLocked app.getDisplayId() return callback.displayId:-1
06-03 23:27:29.347 11614 11614 D ResourcesManagerExtImpl: applyConfigurationToAppResourcesLocked app.getDisplayId() return callback.displayId:-1
06-03 23:27:29.356  1888  1901 E OplusDexOptimizeManager: Start app fature is off
06-03 23:27:29.358  1888  2020 I OplusDevicePolicyManagerService: registerOplusDevicePolicyObserver pid 11314 uid 1000
06-03 23:27:29.393  1888  2974 W ActivityManager: Receiver with filter android.content.IntentFilter@925fc9f already registered for pid 11019, callerPackage is com.heytap.market
06-03 23:27:29.449  1888  2252 D VRR [OPlusExternalRefreshRateManager]: isPkgTfcEnable: pkgName = com.heytap.market, enable = false
06-03 23:27:29.449  1888  2252 D VRR [OPlusExternalRefreshRateManager]: getTfcMinFramerate: pkgName = com.heytap.market, min framerate = 0
06-03 23:27:29.561  1888  2235 D OplusDeepThinkerExService: appType onReceive
06-03 23:27:29.596  1888  2235 D AppTypeHttpClient: getAppStoreKindInfo
06-03 23:27:29.633  1888  6347 E OplusDexOptimizeManager: Start app fature is off
06-03 23:27:29.646 11561 11561 I Quality : ActivityThread: makeApplication delay 1031 com.heytap.htms 11561
06-03 23:27:29.815 11368 11368 I Quality : InflateViewInfo:196207000,com.android.systemui.statusbar.notification.row.FeedbackInfo
06-03 23:27:29.868  1888  2857 I ActivityManager: Flag disabled. Ignoring finishAttachApplication from uid: 10345. pid: 11561
06-03 23:27:29.913  1888  1915 I Quality : BitmapCompressInfo:972,2160,3,95,3555512923
06-03 23:27:29.914  1888  1915 D OplusAppQuickStart_OplusAppQuickStart: writeBuffer success: capBitmapFile=com.aegisapp_0_33.webp cost: 4524 ms
06-03 23:27:29.914  1888  1915 W Looper  : Slow dispatch took 4572ms android.fg h=android.os.Handler c=android.view.SurfaceControl$Transaction$$ExternalSyntheticLambda4@a238f0a m=0
06-03 23:27:29.914  1888  1915 W Looper  : Slow delivery took 4552ms android.fg h=android.os.Handler c=com.android.internal.content.PackageMonitor$$ExternalSyntheticLambda0@275237b m=0
06-03 23:27:29.998 11614 11614 I Quality : ActivityThread: makeApplication delay 699 com.oppo.quicksearchbox 11614
06-03 23:27:30.018  1888  6805 D AdbDebuggingManager: Received public key: QAAAADn9sGD3HgdjUaiFG88dpln6BRAbLuedMiZGn9U5s8B7o8QttZnbCNGVVq0U6A8TNrykGPLLpJq6Iya1kI+HdtIGS8lVbVcGgZJDp+xG0X+AvUrfMubs7KCW+52z9VJeysht8Kuxl6UqZ44MAGFxObhK+g2jeBa2+Rpu0a6BRU44+k8V51o4LsVWH88bXxIEw/ZxD0F48SbG7n9Agk3RBrvOgCw6L9RmU4CrF4LIXAKIA8hOigLBJG3rJpXjBmSg1yzF5UBlF55OBsl3b6fUMAMrys2Mkff085p2K2Oyk7X2L9nfTnmaOUCJKWUH3wcTtetd4T48CvClPsQFzehpBNVYmH3LBwgdLqSKDTlN/VpVQYX3r6/MNRZY4EnbyNRavmcmmhL0FxlCporRT+upEXSjXRNUbWpa6mh1qGm9G+CwqfKBRW1ajImxi2X3mkMqD9iRwGHiLjcJZthHFVDJq+xcc5rNyD8IX+XZYJu+U3Xt1woFJ+QKkVqeODT4HBY7HtQ7D/a+zORrdNF+8KlZ2qYmWvv6f9wod7Abvve/ry5ikv3r0aC8eajGNRMEOWHhIAggXEI+J6Zo7H9+bn4Rq5kaczrsb8GN0EEA2LeC9X+KWicAaMBmJTOT8H/3ZCBk10Ufz92+TOaIAUqKTSY2bXE7y9/tcnJTMBjQkDRPRYxXgGZOaQEAAQA= kshit@UNKNOWN
06-03 23:27:30.021  1888  1915 V WindowManager: Sent Transition (#4561) createdAt=06-03 23:27:26.552 via request=TransitionRequestInfo { type = CLOSE, triggerTask = null, pipTask = null, remoteTransition = null, displayChange = null, flags = 16, debugId = 4561 }
06-03 23:27:30.021  1888  1915 V WindowManager:     startWCT=WindowContainerTransaction { changes = {} hops = [] errorCallbackToken=null taskFragmentOrganizer=null }
06-03 23:27:30.021  1888  1915 V WindowManager:     info={id=4561 t=CLOSE f=0x10 trk=0 r=[0@Point(0, 0)] c=[
06-03 23:27:30.021  1888  1915 V WindowManager:         {WCT{RemoteToken{a943940 Task{6d36a27 #1 type=home}}} m=TO_FRONT f=SHOW_WALLPAPER|MOVE_TO_TOP leash=Surface(name=Task=1)/@0x8910c18 sb=Rect(0, 0 - 1080, 2400) eb=Rect(0, 0 - 1080, 2400) d=0 taskParent=-1},
06-03 23:27:30.021  1888  1915 V WindowManager:         {WCT{RemoteToken{189be05 Task{47c3839 #759 type=standard A=10321:com.aegisapp}}} m=CLOSE f=NONE leash=Surface(name=Task=759)/@0x5902450 sb=Rect(0, 0 - 1080, 2400) eb=Rect(0, 0 - 1080, 2400) d=0 taskParent=-1},
06-03 23:27:30.021  1888  1915 V WindowManager:         {null m=TO_FRONT f=IS_WALLPAPER leash=Surface(name=WallpaperWindowToken{8cf4d5e token=android.os.Binder@548df56 showWhenLocked=false})/@0xce16f99 sb=Rect(0, 0 - 1080, 2400) eb=Rect(0, 0 - 1080, 2400) d=0}
