06-03 23:27:15.370  1888  4287 D adaptiveSmoothAnim_Main: not need resetDrawState for resident Launcher, scene:setVisibility, mDestroying = false, mAnimatingExit = false, mWindowRemovalAllowed = false ,Window{e639d87 u0 com.android.launcher/com.android.launcher.Launcher}
06-03 23:27:15.370  1888  4287 D WindowManager: NFW_setClientVisible:ActivityRecord{52367ee u0 com.android.launcher/.Launcher t5} clientVisible:true
06-03 23:27:15.373  1888  4287 D ActivityTaskManager: setVisibility(Token{4691508 ActivityRecord{52367ee u0 com.android.launcher/.Launcher t5}}, visible=true) defer commitVisibility for transition collecting
06-03 23:27:15.374  1888  4287 D FlexibleTaskController: onTaskFocusChanged prevTask:Task{e73adf1 #758 type=standard A=10095:com.google.android.apps.nbu.files} ,currentTask:Task{3034aab #5 type=home I=com.android.launcher/.Launcher}, reason: resumeTopActivity - onActivityStateChanged
06-03 23:27:15.374  1888  4287 D OplusFlexibleDCSManager: onNextPkgChanged pkg = com.android.launcher
06-03 23:27:15.375  1888  1931 I UserAwareMgr: handleTopAppChanged: com.android.launcher, pid: 5252, uid: 10207
06-03 23:27:15.441  1888  4287 D WindowManager: rotation(ROTATION_0) no changed  displayId = 0, lastOrientation = 5
06-03 23:27:15.453  1888  4287 D WindowManager: NFW_setClientVisible:WallpaperWindowToken{8cf4d5e token=android.os.Binder@548df56 showWhenLocked=false} clientVisible:true
06-03 23:27:15.463 11012 11012 I Quality : ActivityThread: createOrUpdateClassLoaderLocked delay 827 com.oplus.uxdesign 11012
06-03 23:27:15.464  1888  4287 D OplusTransitionController: onSyncFinishedDrawing, Window{e639d87 u0 com.android.launcher/com.android.launcher.Launcher}
06-03 23:27:15.464  1888  4287 D OplusAppQuickStart_AppQuickStartController: resetAboveTransition
06-03 23:27:15.464  1888  4287 D adaptiveSmoothAnim: cancle Skip finishNow for SyncGroup 4558
06-03 23:27:15.465  1888  4287 D ActivityTaskManager: commitVisibility: ActivityRecord{52367ee u0 com.android.launcher/.Launcher t5}: visible=true visibleRequested=true, isInTransition=true, runningAnimation=true 
06-03 23:27:15.465  1888  4287 D adaptiveSmoothAnim_Main: reset mDestroying when Launcher change to visible, for launcher Surface cache
06-03 23:27:15.465  1888  4287 D adaptiveSmoothAnim_Main: force show wallpaper resident surface, wallpaper=WallpaperWindowToken{8cf4d5e token=android.os.Binder@548df56 showWhenLocked=false}, child=Window{936860c u0 false com.android.systemui.wallpapers.ImageWallpaper}
06-03 23:27:15.466  1888  4287 E OplusAppQuickStart_AppQuickStartController: not start from launcher transition:TransitionRecord{3113d10 id=4558 track=0 type=TO_FRONT flags=0x80 state=1}
06-03 23:27:15.466  1888  4287 D Transition: collectOrderChanges onTopTasksEnd: [Task{6d36a27 #1 type=home}, Task{3034aab #5 type=home I=com.android.launcher/.Launcher}], reportedOnTop:null, mOnTopTasksStart: [Task{e73adf1 #758 type=standard A=10095:com.google.android.apps.nbu.files}], TDA child: [Task{3db86e6 #701 type=undefined}, Task{e73adf1 #758 type=standard A=10095:com.google.android.apps.nbu.files}, Task{6d36a27 #1 type=home}]
06-03 23:27:15.466  1888  4287 D Transition: collectOrderChanges **mParticipants add task: Task{3034aab #5 type=home I=com.android.launcher/.Launcher}
06-03 23:27:15.466  1888  4287 D Transition: collectOrderChanges **mParticipants add task: Task{6d36a27 #1 type=home}
06-03 23:27:15.475  1888  4287 D OplusFlexibleActivityTransitionManager: fixTransitType type result:3, targets: [Task{6d36a27 #1 type=home}, Task{e73adf1 #758 type=standard A=10095:com.google.android.apps.nbu.files}, WallpaperWindowToken{8cf4d5e token=android.os.Binder@548df56 showWhenLocked=false}]
06-03 23:27:15.495  1888  4287 D OplusTransitionAnimationManager: markLaunchFromDriveIfNeed: isFromDrive = false
06-03 23:27:15.495  1888  4287 D OplusTransitionAnimationManager: markLaunchFromDriveIfNeed: isFromDrive = false
06-03 23:27:15.495  1888  4287 D QuickBackInputPolicy: resetInputInterceptState for remoteTransition: true
06-03 23:27:15.496  1888  4287 D adaptiveSmoothAnim_FadeAnimController: init done, mFadeTargetTokens={WindowToken{4b3d6e8 type=2019 android.os.BinderProxy@e97cbda}=Operation{leash=null pending=false}, WindowToken{f9147c0 type=2000 android.os.BinderProxy@21a2af2}=Operation{leash=null pending=false}}, fadeInDuration=50, fadeOutDuration=0
06-03 23:27:15.496  1888  4287 D adaptiveSmoothAnim_FadeAnimController: fadeAllWindowToken show=false, transition=TransitionRecord{3113d10 id=4558 track=0 type=TO_FRONT flags=0x80 state=2} ,this= com.android.server.wm.LightOSFadeAnimController@bdc142f
06-03 23:27:15.509  1888  1921 D SurfaceAnimationRunner: onAnimationStart:Surface(name=Surface(name=WindowToken{f9147c0 type=2000 android.os.BinderProxy@21a2af2})/@0x709cc1 - animation-leash of token_transform)/@0x6351a3c
06-03 23:27:15.510  1888  1921 D SurfaceAnimationRunner: onAnimationEnd:Surface(name=Surface(name=WindowToken{f9147c0 type=2000 android.os.BinderProxy@21a2af2})/@0x709cc1 - animation-leash of token_transform)/@0x6351a3c
06-03 23:27:15.510  1888  1921 D SurfaceAnimationRunner: onAnimationStart:Surface(name=Surface(name=WindowToken{4b3d6e8 type=2019 android.os.BinderProxy@e97cbda})/@0x3fdb854 - animation-leash of token_transform)/@0x363f11a
06-03 23:27:15.511  1888  1921 D SurfaceAnimationRunner: onAnimationEnd:Surface(name=Surface(name=WindowToken{4b3d6e8 type=2019 android.os.BinderProxy@e97cbda})/@0x3fdb854 - animation-leash of token_transform)/@0x363f11a
06-03 23:27:15.537  1888  4287 D adaptiveSmoothAnim_FadeAnimController: Setup alpha0 Window{3383cf9 u0 StatusBar}, leash=Surface(name=Surface(name=WindowToken{f9147c0 type=2000 android.os.BinderProxy@21a2af2})/@0x709cc1 - animation-leash of token_transform)/@0x6351a3c
06-03 23:27:15.537  1888  4287 D adaptiveSmoothAnim_FadeAnimController: Setup alpha0 Window{de0c3d u0 NavigationBar_displayId_0}, leash=Surface(name=Surface(name=WindowToken{4b3d6e8 type=2019 android.os.BinderProxy@e97cbda})/@0x3fdb854 - animation-leash of token_transform)/@0x363f11a
06-03 23:27:15.538  1888  4287 D OplusTransitionController: onTransactionReady, transition: 4558, 
06-03 23:27:15.538  1888  4287 D OplusTransitionController:  info: {id=4558 t=TO_FRONT f=0x80 trk=0 r=[0@Point(0, 0)] c=[{WCT{RemoteToken{a943940 Task{6d36a27 #1 type=home}}} m=TO_FRONT f=SHOW_WALLPAPER|MOVE_TO_TOP leash=Surface(name=Task=1)/@0x8910c18 sb=Rect(0, 0 - 1080, 2400) eb=Rect(0, 0 - 1080, 2400) d=0 taskParent=-1},{WCT{RemoteToken{24a12dc Task{e73adf1 #758 type=standard A=10095:com.google.android.apps.nbu.files}}} m=TO_BACK f=NONE leash=Surface(name=Task=758)/@0x639ebb0 sb=Rect(0, 0 - 1080, 2400) eb=Rect(0, 0 - 1080, 2400) d=0 taskParent=-1},{null m=TO_FRONT f=IS_WALLPAPER leash=Surface(name=WallpaperWindowToken{8cf4d5e token=android.os.Binder@548df56 showWhenLocked=false})/@0xce16f99 sb=Rect(0, 0 - 1080, 2400) eb=Rect(0, 0 - 1080, 2400) d=0}] extendInfo=[OplusTransitionExtendedInfo{mTmpFinishT=null, mInOplusCompatMode=false, mIsProcessRunning=true, mHasMismatchBoundsTarget=false, mRecentsController=null, mIsTranslucentActivityToHome=false, mAvoidInterceptKeyEventToHome=false, mIsFromHome=false, mParentLeash=null, mIsOplusAnimRes=false, mIsFromOverlay=false, mIsBalAllow=false, mTaskNotInRecent=false, mIsLaunchFromSpruce=false, mIsLaunchFromDrive=false, mAssistScreenShowing=false, mUserIdTransition=0, mInRemoteScene=false, mInPreReady=false, mPreStart=false, mToken=null, mShellApplyToken=null, mRequestTransitionTaskId=-1, mAbortTransitionOnShell=0, mTransitionId=4558, mAnimStartingPosition=[0, 0, 0, 0], mIsOpeningStkDialogActivity=false}]}, 
06-03 23:27:15.538  1888  4287 D OplusTransitionController:  targets : [Task{6d36a27 #1 type=home}, Task{e73adf1 #758 type=standard A=10095:com.google.android.apps.nbu.files}, WallpaperWindowToken{8cf4d5e token=android.os.Binder@548df56 showWhenLocked=false}], 
06-03 23:27:15.538  1888  4287 D OplusTransitionController:  participants: {Task{3034aab #5 type=home I=com.android.launcher/.Launcher}, ActivityRecord{52367ee u0 com.android.launcher/.Launcher t5}, Task{6d36a27 #1 type=home}, WallpaperWindowToken{8cf4d5e token=android.os.Binder@548df56 showWhenLocked=false}, Task{e73adf1 #758 type=standard A=10095:com.google.android.apps.nbu.files}}, 
06-03 23:27:15.538  1888  4287 D OplusTransitionController:  playings:[TransitionRecord{3113d10 id=4558 track=0 type=TO_FRONT flags=0x80 state=2}]
06-03 23:27:15.538  1888  4287 D InterruptTransitionController: updateRecentsActivityForInterruptIfNeed, originHomeActivity=ActivityRecord{52367ee u0 com.android.launcher/.Launcher t5}, isMergedToRecents=false
06-03 23:27:15.542  1888  4287 D adaptiveSmoothAnim_Main: force show Launcher resident surface, win=Window{e639d87 u0 com.android.launcher/com.android.launcher.Launcher}
06-03 23:27:15.573 11368 13343 V WindowManagerShell: onTransitionReady(transaction=8108898546630)
06-03 23:27:15.585  1888  4287 I TaskOrganizerController: onTaskInfoChanged taskid 1 config { mBounds=Rect(0, 0 - 1080, 2400) mAppBounds=Rect(0, 0 - 1080, 2400) mMaxBounds=Rect(0, 0 - 1080, 2400) mDisplayRotation=ROTATION_0 mWindowingMode=fullscreen mActivityType=home mAlwaysOnTop=undefined mRotation=ROTATION_0}
06-03 23:27:15.597  1888  4287 D OplusFlexibleWindowMinimizedManagerHelper: onTaskInfoChanged taskInfo:TaskInfo{userId=0 taskId=1 displayId=0 isRunning=true baseIntent=Intent { act=android.intent.action.MAIN cat=[android.intent.category.HOME] flg=0x10000100 cmp=com.android.launcher/.Launcher mCallingUid=1000 } baseActivity=ComponentInfo{com.android.launcher/com.android.launcher.Launcher} topActivity=ComponentInfo{com.android.launcher/com.android.launcher.Launcher} origActivity=null realActivity=null numActivities=1 lastActiveTime=72157 supportsSplitScreenMultiWindow=false supportsMultiWindow=true supportsPocketStudioMultiWindow=false isInFlexibleEmbedded = false uid = 10207 pid = 5252 resizeMode=2 isResizeable=true minWidth=-1 minHeight=-1 defaultMinSize=220 token=WCT{RemoteToken{a943940 Task{6d36a27 #1 type=home}}} topActivityType=2 pictureInPictureParams=null shouldDockBigOverlays=false launchIntoPipHostTaskId=-1 lastParentTaskIdBeforePip=-1 displayCutoutSafeInsets=null topActivityInfo=ActivityInfo{a737f77 com.android.launcher.Launcher} launchCookies=[] positionInParent=Point(0, 0) parentTaskId=-1 isFocused=false isVisible=true isVisibleRequested=true isSleeping=false locusId=LocusId[17_chars] displayAreaFeatureId=1 isTopActivityTransparent=false appCompatTaskInfo=AppCompatTaskInfo { topActivityInSizeCompat=false topActivityInOplusCompatMode=false topActivityEligibleForLetterboxEducation= falseisLetterboxEducationEnabled= false isLetterboxDoubleTapEnabled= false topActivityEligibleForUserAspectRatioButton= false topActivityBoundsLetterboxed= false isFromLetterboxDoubleTap= false topActivityLetterboxVerticalPosition= -1 topActivityLetterboxHorizontalPosition= -1 topActivityLetterboxWidth=1080 topActivityLetterboxHeight=2400 isUserFullscreenOverrideEnabled=false isSystemFullscreenOverrideEnabled=false cameraCompatTaskInfo=CameraCompatTaskInfo { cameraCompatControlState=hidden freeformCameraCompatMode=inactive}} topActivityLetterboxInsets=Rect(0, 0 - 0, 0) mOplusExtraBundle = Bundle[{androidx.flexible.taskFrame=Rect(0, 0 - 0, 0), key_flexible_task_state=0, androidx.activity.LaunchScenario=0, androidx.activity.LaunchScale=1.0}]} task:Task{6d36a27 #1 type=home}
06-03 23:27:15.597  1888  4287 D OplusFlexibleDragToSplitAnimController: visibleFlexibleTaskInfos delete:1
06-03 23:27:15.602  1888  2970 I OplusJoystickManager: handleApplicationSwitch deprecated!
06-03 23:27:15.611  1888  1888 D MBrainLocalService: isVendorFreezeConditionPass is false
06-03 23:27:15.611  1888  1888 E MBrainLocalService: notifyAppSwitch failed
06-03 23:27:15.616  1888  1916 W Looper  : Slow dispatch took 168ms android.ui h=android.os.Handler c=com.android.server.wm.OplusCompactWindowTrigger$$ExternalSyntheticLambda0@7118a6c m=0
06-03 23:27:15.616  1888  3493 W ActivityManager: Slow operation: 497ms so far, now at attachApplicationLocked: immediately after bindApplication
06-03 23:27:15.616  1888  3493 W ActivityManager: Slow operation: 497ms so far, now at attachApplicationLocked: after updateLruProcessLocked
06-03 23:27:15.617  1888  1943 E OplusThermalStats: Error getting package info: com.android.launcher
06-03 23:27:15.618  1888  3493 D OplusKeepAliveManager: TOP_APP is ProcessRecord{7dfdc5b 5252:com.android.launcher/u0a207} uid is 10207
06-03 23:27:15.621  1888  2089 W MagnificationConnectionManager: requestConnection duplicated request: connect=false, mConnectionState=DISCONNECTED
06-03 23:27:15.630 11018 11018 I Quality : GetResourcesInfo:508685616,/apex/com.android.permission/priv-app/GooglePermissionController@361524160/GooglePermissionController.apk
06-03 23:27:15.637 11368 11569 V ShellRecents: [229890277] RecentsController.setTransition: id=android.os.BinderProxy@8226de0
06-03 23:27:15.644  1888  4287 D ActivityTaskManager: Skipping, invisible task: Task{3034aab #5 type=home I=com.android.launcher/.Launcher}
06-03 23:27:15.645  1888  4287 D ActivityTaskManager: pre-Filtered:com.google.android.apps.nbu.files # 
06-03 23:27:15.645  1888  4287 D ActivityTaskManager: after skip size 1
06-03 23:27:15.681 11368 11569 V WindowManagerShell: onTransitionReady (#4558) android.os.BinderProxy@8226de0: {id=4558 t=TO_FRONT f=0x80 trk=0 r=[0@Point(0, 0)] c=[{WCT{android.window.IWindowContainerToken$Stub$Proxy@66c573f} m=TO_FRONT f=SHOW_WALLPAPER|MOVE_TO_TOP leash=Surface(name=Task=1)/@0xebde74 sb=Rect(0, 0 - 1080, 2400) eb=Rect(0, 0 - 1080, 2400) d=0 taskParent=-1},{WCT{android.window.IWindowContainerToken$Stub$Proxy@870880c} m=TO_BACK f=NONE leash=Surface(name=Task=758)/@0x3ed3f9d sb=Rect(0, 0 - 1080, 2400) eb=Rect(0, 0 - 1080, 2400) d=0 taskParent=-1},{null m=TO_FRONT f=IS_WALLPAPER leash=Surface(name=WallpaperWindowToken{8cf4d5e token=android.os.Binder@548df56 showWhenLocked=false})/@0x5d41c12 sb=Rect(0, 0 - 1080, 2400) eb=Rect(0, 0 - 1080, 2400) d=0}] extendInfo=[OplusTransitionExtendedInfo{mTmpFinishT=null, mInOplusCompatMode=false, mIsProcessRunning=true, mHasMismatchBoundsTarget=false, mRecentsController=null, mIsTranslucentActivityToHome=false, mAvoidInterceptKeyEventToHome=false, mIsFromHome=false, mParentLeash=null, mIsOplusAnimRes=false, mIsFromOverlay=false, mIsBalAllow=false, mTaskNotInRecent=false, mIsLaunchFromSpruce=false, mIsLaunchFromDrive=false, mAssistScreenShowing=false, mUserIdTransition=0, mInRemoteScene=false, mInPreReady=false, mPreStart=false, mToken=null, mShellApplyToken=null, mRequestTransitionTaskId=-1, mAbortTransitionOnShell=0, mTransitionId=4558, mAnimStartingPosition=[0, 0, 0, 0], mIsOpeningStkDialogActivity=false}]}
06-03 23:27:15.684 11368 11569 V WindowManagerShell: Playing animation for (#4558) android.os.BinderProxy@8226de0@0
06-03 23:27:15.684 11368 11569 V WindowManagerShell:  try firstHandler com.android.wm.shell.recents.RecentsTransitionHandler@8278b0
06-03 23:27:15.684 11368 11569 V ShellRecents: [229890277] RecentsController.start
06-03 23:27:15.688  1888  2089 W AccessibilitySecurityPolicy: Skipping accessibility service com.lenskart.app/io.cobrowse.CobrowseAccessibilityService: it does not require the permission android.permission.BIND_ACCESSIBILITY_SERVICE
06-03 23:27:15.701 11368 11569 V ShellRecents:   adding pausing leaf taskId=758 at layer=8
06-03 23:27:15.705  1888  3493 W ActivityManager: Slow operation: 586ms so far, now at attachApplicationLocked: after updateOomAdjLocked
06-03 23:27:15.706  1888  2089 V AccessibilityManagerService: onUserStateChangedLocked for user 0 with forceUpdate: false mEnabledServices = [] mCrashedServices = []
06-03 23:27:15.707  1888  2089 W MagnificationConnectionManager: requestConnection duplicated request: connect=false, mConnectionState=DISCONNECTED
06-03 23:27:15.712  1888  3493 E OplusDexOptimizeManager: Start app fature is off
06-03 23:27:15.722 11368 11569 V ShellRecents: Applying transaction=8108898546630
06-03 23:27:15.724  1888  1888 W Looper  : Slow dispatch took 103ms main h=com.android.server.accessibility.AccessibilityManagerService$MainHandler c=com.android.server.accessibility.AccessibilityManagerService$$ExternalSyntheticLambda3@b3aed34 m=0
06-03 23:27:15.727  1888  1931 W UserAwareMgr: event can not be released, id: 2020, count: 2, releasePid: 5252
06-03 23:27:15.729 11368 11569 V ShellRecents: Trying to get a handler for takeover but the flag is disabled
06-03 23:27:15.729 11012 11012 I Quality : GetResourcesInfo:266101154,/system_ext/app/UXDesign/UXDesign.apk
06-03 23:27:15.729 11368 11569 V ShellRecents: [229890277] RecentsController.start: calling onAnimationStart with 2 apps
06-03 23:27:15.732 11019 11019 I Quality : ActivityThread: createClassLoader delay 674 /data/app/~~xZkOPzZtwtA1xKMvtifBhg==/com.heytap.market-5bCU75Ny0gPXXHUfAEZqlA==/base.apk 11019
06-03 23:27:15.743 11368 11569 V WindowManagerShell:  animated by firstHandler
06-03 23:27:15.747  1888  2574 I BLASTSyncEngine: onCommitted syncId: 4558, timeout: falseran: false
06-03 23:27:15.753  1888  1919 D adaptiveSmoothAnim_FadeAnimController: Start transaction is committed
06-03 23:27:15.754 11081 11081 I Quality : ActivityThread: attach delay 664 attach 11081
06-03 23:27:15.756 11081 11081 I Quality : ActivityThread: activityThreadMain delay 777 activityThreadMain 11081
06-03 23:27:15.762  1888  4287 W AppOpService: Ignored setUidMode call for runtime permission app op: uid = 1001, code = READ_SMS, mode = allow, callingUid = 1001, oldMode = allow
06-03 23:27:15.765  1888  4287 W AppOpService: Ignored setUidMode call for runtime permission app op: uid = 1001, code = RECEIVE_SMS, mode = allow, callingUid = 1001, oldMode = allow
06-03 23:27:15.766  1888  4287 W AppOpService: Ignored setUidMode call for runtime permission app op: uid = 1001, code = RECEIVE_WAP_PUSH, mode = allow, callingUid = 1001, oldMode = allow
06-03 23:27:15.767  1888  4287 W AppOpService: Ignored setUidMode call for runtime permission app op: uid = 1001, code = SEND_SMS, mode = allow, callingUid = 1001, oldMode = allow
06-03 23:27:15.768  1888  4287 W AppOpService: Ignored setUidMode call for runtime permission app op: uid = 1001, code = READ_CELL_BROADCASTS, mode = allow, callingUid = 1001, oldMode = allow
06-03 23:27:15.795  1888  1915 W Looper  : Slow dispatch took 216ms android.fg h=android.os.Handler c=com.android.server.wm.ActivityMetricsLogger$$ExternalSyntheticLambda0@833a8a0 m=0
06-03 23:27:15.801  1888  3097 D OplusAppSwitchListener: Detect com.google.android.apps.nbu.files switch to background
06-03 23:27:15.802  1888  3097 D OplusFeatureReduceBrightness: onAppExit , info = com.google.android.apps.nbu.files
06-03 23:27:15.807  1888  1915 V WindowManager: Sent Transition (#4558) createdAt=06-03 23:27:15.292
06-03 23:27:15.807  1888  1915 V WindowManager:     startWCT=WindowContainerTransaction { changes = {} hops = [{PendingIntent: options=Bundle[{android.activity.splashScreenStyle=-1, android.activity.sourceInfo=android.app.ActivityOptions$SourceInfo@9bc801e, deviceintegration:remotetask.launchOption=-1, android:activity.animAbortListener=null, androidx.activity.extra=Bundle[EMPTY_PARCEL], android.activity.transientLaunch=true, android:activity.mZoomLaunchFlags=0}]}] errorCallbackToken=null taskFragmentOrganizer=null }
06-03 23:27:15.807  1888  1915 V WindowManager:     info={id=4558 t=TO_FRONT f=0x80 trk=0 r=[0@Point(0, 0)] c=[
06-03 23:27:15.807  1888  1915 V WindowManager:         {WCT{RemoteToken{a943940 Task{6d36a27 #1 type=home}}} m=TO_FRONT f=SHOW_WALLPAPER|MOVE_TO_TOP leash=Surface(name=Task=1)/@0x8910c18 sb=Rect(0, 0 - 1080, 2400) eb=Rect(0, 0 - 1080, 2400) d=0 taskParent=-1},
06-03 23:27:15.807  1888  1915 V WindowManager:         {WCT{RemoteToken{24a12dc Task{e73adf1 #758 type=standard A=10095:com.google.android.apps.nbu.files}}} m=TO_BACK f=NONE leash=Surface(name=Task=758)/@0x639ebb0 sb=Rect(0, 0 - 1080, 2400) eb=Rect(0, 0 - 1080, 2400) d=0 taskParent=-1},
06-03 23:27:15.807  1888  1915 V WindowManager:         {null m=TO_FRONT f=IS_WALLPAPER leash=Surface(name=WallpaperWindowToken{8cf4d5e token=android.os.Binder@548df56 showWhenLocked=false})/@0xce16f99 sb=Rect(0, 0 - 1080, 2400) eb=Rect(0, 0 - 1080, 2400) d=0}
06-03 23:27:15.807  1888  1915 V WindowManager:     ] extendInfo=[OplusTransitionExtendedInfo{mTmpFinishT=null, mInOplusCompatMode=false, mIsProcessRunning=true, mHasMismatchBoundsTarget=false, mRecentsController=null, mIsTranslucentActivityToHome=false, mAvoidInterceptKeyEventToHome=false, mIsFromHome=false, mParentLeash=null, mIsOplusAnimRes=false, mIsFromOverlay=false, mIsBalAllow=false, mTaskNotInRecent=false, mIsLaunchFromSpruce=false, mIsLaunchFromDrive=false, mAssistScreenShowing=false, mUserIdTransition=0, mInRemoteScene=false, mInPreReady=false, mPreStart=false, mToken=null, mShellApplyToken=null, mRequestTransitionTaskId=-1, mAbortTransitionOnShell=0, mTransitionId=4558, mAnimStartingPosition=[0, 0, 0, 0], mIsOpeningStkDialogActivity=false}]}
06-03 23:27:15.807  1888  1915 W Looper  : Slow delivery took 218ms android.fg h=android.os.Handler c=com.android.server.wm.TransitionController$Logger@97fe0ff m=0
06-03 23:27:15.809 11012 11012 D ResourcesManagerExtImpl: applyConfigurationToAppResourcesLocked app.getDisplayId() return callback.displayId:-1
06-03 23:27:15.815  1888  3097 D OplusEapManager: mTargetExitName :com.google.android.apps.nbu.files
06-03 23:27:15.821  1888  1964 D VRR [OPlusRefreshRateService]: handleFrontAppChange pkgName: null
06-03 23:27:15.825  1888  1901 E OplusDexOptimizeManager: Start app fature is off
06-03 23:27:15.825  1888  1901 W ActivityManager: Slow operation: 81ms so far, now at attachApplicationLocked: before bindApplication
06-03 23:27:15.830 11018 11018 D ResourcesManagerExtImpl: applyConfigurationToAppResourcesLocked app.getDisplayId() return callback.displayId:-1
06-03 23:27:15.834  1888  1901 W ActivityManager: Slow operation: 90ms so far, now at attachApplicationLocked: immediately before bindApplication
06-03 23:27:15.834  1888  1901 D ActivityTaskManagerServiceExtImpl: preBindApplication record is null
06-03 23:27:15.840  1888  2970 W UserManagerService: Requested status bar icon for non-badged user 0
06-03 23:27:15.866  1888  1901 W ActivityManager: Slow operation: 122ms so far, now at attachApplicationLocked: immediately after bindApplication
06-03 23:27:15.866  1888  1901 W ActivityManager: Slow operation: 122ms so far, now at attachApplicationLocked: after updateLruProcessLocked
06-03 23:27:15.872  1888  1901 W ActivityManager: Slow operation: 128ms so far, now at attachApplicationLocked: after updateOomAdjLocked
06-03 23:27:15.877 11059 11059 I Quality : ActivityThread: attach delay 595 attach 11059
06-03 23:27:15.877 11059 11059 I Quality : ActivityThread: activityThreadMain delay 788 activityThreadMain 11059
06-03 23:27:15.879  1888  1915 W Looper  : Drained
06-03 23:27:15.887  1888  3147 D ActivityTaskManager: Skipping, invisible task: Task{3034aab #5 type=home I=com.android.launcher/.Launcher}
06-03 23:27:15.888  1888  3147 D ActivityTaskManager: pre-Filtered:com.google.android.apps.nbu.files # 
06-03 23:27:15.888  1888  3147 D ActivityTaskManager: after skip size 1
06-03 23:27:15.913 11019 11019 I Quality : ActivityThread: createOrUpdateClassLoaderLocked delay 895 com.heytap.market 11019
06-03 23:27:15.929  1888  2179 D ShortcutService: received package broadcast intent: Intent { act=android.intent.action.PACKAGE_CHANGED dat=package: flg=0x5000010 (has extras) }
06-03 23:27:15.930  1888  2179 D ShortcutService: changing package: com.aegisapp userId0
06-03 23:27:15.930  1888  2179 D ShortcutService: handlePackageChanged: com.aegisapp user=0
06-03 23:27:15.933  1888  2179 D ShortcutService: rescanPackageIfNeeded 0@com.aegisapp, forceRescan=true , isNewApp=true
06-03 23:27:15.945  1888  2179 D ShortcutService: Package com.aegisapp has 0 manifest shortcut(s), and 0 share target(s)
06-03 23:27:15.968  1888  1888 D OplusFlexibleWindowMinimizedManagerHelper: onReceive, intent = android.intent.action.CLOSE_SYSTEM_DIALOGS reason:recentapps state:0
06-03 23:27:15.974  1888  3147 E OplusAthenaAm: AthenaAmManagerInternal transact code hello:6,flags:0
06-03 23:27:15.975  1888  3147 E OplusAthenaAm: AthenaAmManagerInternal transact code hello:7,flags:0
06-03 23:27:15.990  1888  3147 E OplusAthenaAm: AthenaAmManagerInternal transact code hello:4,flags:0
06-03 23:27:15.990  1888  3147 E OplusAthenaAm: AthenaAmManagerInternal transact code hello:4,flags:0
06-03 23:27:15.991  1888  3147 E OplusAthenaAm: AthenaAmManagerInternal transact code hello:4,flags:0
06-03 23:27:16.010  1888  3097 D OplusAppSwitchListener: Detect com.android.launcher switch to foreground
06-03 23:27:16.010  1888  3097 D OplusFeatureRiderMode: onAppEnter , info = com.android.launcher
06-03 23:27:16.015  1888  3097 D OplusEapManager: mTargetEnterName :com.android.launcher
06-03 23:27:16.016  1888  1961 I OplusSmartBrightnessController: handleMessage MSG_POWER_BRIGHTNESS_CHANGED.
06-03 23:27:16.016  1888  3097 D VRR [OPlusFrontAppManager]: OnAppSwitchObserver: onAppEnter , info.targetName = com.android.launcher
06-03 23:27:16.019  1888  1959 D ColorAutomaticBrightnessController: MSG_UPDATE_BRIGHTNESS
06-03 23:27:16.028  1888  2274 I ActivityManager: Death received, pid = 10910, processName = com.google.android.googlequicksearchbox:search for thread android.os.BinderProxy@6972cce
06-03 23:27:16.032  1888  1959 D OplusFeatureTemperatureLimitBrightness: not Apollo project uses the new rate , rate:20
06-03 23:27:16.051  1888  1964 D VRR [OPlusRefreshRateService]: handleFrontAppChange pkgName: com.android.launcher
06-03 23:27:16.052  1888  1964 D VRR [OPlusExternalRefreshRateManager]:  [OTI] handleTouchIdleState: reading rate 30
06-03 23:27:16.056  1888  2857 I ActivityManager: Death received, pid = 10689, processName = com.android.vending for thread android.os.BinderProxy@67d47da
06-03 23:27:16.076  1888  2252 I ActivityManager: Death received, pid = 10829, processName = com.android.vending:background for thread android.os.BinderProxy@3ce0d01
06-03 23:27:16.079  1888  2252 I ActivityManager: Death received, pid = 10966, processName = com.oplus.camera for thread android.os.BinderProxy@67807a6
06-03 23:27:16.098  1888  2542 I ActivityManager: Process com.google.android.googlequicksearchbox:search (pid 10910) has died: cch+5 CEM 
06-03 23:27:16.138  1888  1931 I UserAwareMgr: process killed: {pkgName='com.google.android.googlequicksearchbox', processName='com.google.android.googlequicksearchbox:search', pid=10910, uid=10130, flags='', renderTid=0, hwuiTids=null, glTids=null, threadInfos=null}
06-03 23:27:16.138  1888  1931 I UserAwareMgr: handleProcessKilled, pkgName: com.google.android.googlequicksearchbox, pid: 10910
06-03 23:27:16.144  1888  2542 I ActivityManager: Process com.android.vending:background (pid 10829) has died: cch+15 CEM 
06-03 23:27:16.154 11064 11064 I Quality : ActivityThread: createClassLoader delay 593 /product/app/COSA/COSA.apk 11064
06-03 23:27:16.160 11019 11019 I Quality : GetResourcesInfo:246685538,/data/app/~~xZkOPzZtwtA1xKMvtifBhg==/com.heytap.market-5bCU75Ny0gPXXHUfAEZqlA==/base.apk
06-03 23:27:16.191 11064 11064 I Quality : ActivityThread: createOrUpdateClassLoaderLocked delay 657 com.oplus.cosa 11064
06-03 23:27:16.191  1888  2519 I ActivityManager: Process com.android.vending (pid 10689) has died: cch+25 CEM 
06-03 23:27:16.194 10986 10986 I Quality : ActivityThread: makeApplication delay 1027 com.coloros.phonemanager 10986
06-03 23:27:16.228  1888  1916 D DisplayManagerService: Drop pending events for gone uid 10116
06-03 23:27:16.253  1888  2542 I ActivityManager: Process com.oplus.camera (pid 10966) has died: svc SVC 
06-03 23:27:16.262 11081 11081 D ResourcesManagerExtImpl: applyConfigurationToAppResourcesLocked app.getDisplayId() return callback.displayId:-1
06-03 23:27:16.267  1888  1931 I UserAwareMgr: process killed: {pkgName='com.oplus.camera', processName='com.oplus.camera', pid=10966, uid=10227, flags='cameraapp|system_app', renderTid=0, hwuiTids=null, glTids=null, threadInfos={TaskBusThread={threadName='TaskBusThread', tid=11000, extendTids=[11001]}}}
06-03 23:27:16.267  1888  1931 I UserAwareMgr: handleProcessKilled, pkgName: com.oplus.camera, pid: 10966
06-03 23:27:16.267  1888  1931 I UserAwareMgr: event removed: 6002, pid: 10966
06-03 23:27:16.267  1888  1931 I UserAwareMgr: event removed: 6001, pid: 10966
06-03 23:27:16.270 11019 11019 D ResourcesManagerExtImpl: applyConfigurationToAppResourcesLocked app.getDisplayId() return callback.displayId:-1
06-03 23:27:16.272  1888  1916 D DisplayManagerService: Drop pending events for gone uid 10227
06-03 23:27:16.273  1888  1916 D CameraDelegate: Uid gone for 10227
06-03 23:27:16.305 11064 11064 I Quality : GetResourcesInfo:113571693,/product/app/COSA/COSA.apk
06-03 23:27:16.319 11059 11059 I Quality : ActivityThread: createClassLoader delay 382 /data/app/~~rQKSwGG1ivHbdWrH5hXEUQ==/com.heytap.mcs-dUVOPjvPl_DkjEjyf3gyvA==/base.apk 11059
06-03 23:27:16.339  1888  3497 W PackageManager: package com.google.android.permissioncontroller uid 10242 pid 11018 call SetEnabledSetting(com.google.android.permissioncontroller component = com.android.permissioncontroller.role.ui.SpecialAppAccessListActivity, 2, 0)
06-03 23:27:16.340 11059 11059 I Quality : ActivityThread: createOrUpdateClassLoaderLocked delay 409 com.heytap.mcs 11059
06-03 23:27:16.368  1888  4287 I ActivityManager: Flag disabled. Ignoring finishAttachApplication from uid: 10229. pid: 11081
06-03 23:27:16.400 11064 11064 D ResourcesManagerExtImpl: applyConfigurationToAppResourcesLocked app.getDisplayId() return callback.displayId:-1
06-03 23:27:16.413 11059 11059 I Quality : GetResourcesInfo:67478076,/data/app/~~rQKSwGG1ivHbdWrH5hXEUQ==/com.heytap.mcs-dUVOPjvPl_DkjEjyf3gyvA==/base.apk
06-03 23:27:16.428  1888  2811 W AppOpService: Ignored setUidMode call for runtime permission app op: uid = 10092, code = FINE_LOCATION, mode = allow, callingUid = 1000, oldMode = allow
06-03 23:27:16.454 11018 11018 I Quality : ActivityThread: callApplicationOnCreate delay 366 com.google.android.permissioncontroller 11018
06-03 23:27:16.461  1888  2959 I ActivityManager: Flag disabled. Ignoring finishAttachApplication from uid: 10242. pid: 11018
06-03 23:27:16.494  1888  3497 E OplusDexOptimizeManager: Start app fature is off
06-03 23:27:16.674 11012 11012 I Quality : ActivityThread: makeApplication delay 872 com.oplus.uxdesign 11012
06-03 23:27:16.691  1888  2857 W PackageManager: package com.oplus.cosa uid 10168 pid 11064 call SetEnabledSetting(com.oplus.cosa component = androidx.work.impl.background.systemjob.SystemJobService, 1, 0)
06-03 23:27:16.701  1888  2160 W ContextImpl: Calling a method in the system process without a qualified user: android.app.ContextImpl.sendBroadcast:1261 com.android.server.job.controllers.OplusCpuController.notifyHighCpuEventForApp:387 com.android.server.job.controllers.OplusCpuController.handleCpuUpdate:333 com.android.server.job.controllers.OplusCpuController.-$$Nest$mhandleCpuUpdate:0 com.android.server.job.controllers.OplusCpuController$CpuTrackerHandler.handleMessage:257 
06-03 23:27:16.761  1888  2857 D CompatChangeReporter: Compat change id reported: 271850009; UID 10223; state: ENABLED
06-03 23:27:16.762  1888  2857 D CompatChangeReporter: Compat change id reported: 253665015; UID 10223; state: ENABLED
06-03 23:27:16.811  1888  2057 V AlarmManager: sending alarm Alarm{77b15a1 type 3 origWhen 1491618296 whenElapsed 1492229052 android} uid 1000 whenElapsed 1492229052 windowLength 0 maxWhenElapsed 1492229052 repeatInterval 0 action null component null tag *CountQuotaTracker.cleanup* flags 0x8 procName system_server
06-03 23:27:16.867  1888  2857 D CompatChangeReporter: Compat change id reported: 161145287; UID 10223; state: ENABLED
06-03 23:27:16.953  1888  4287 E OplusDexOptimizeManager: Start app fature is off
06-03 23:27:16.957  1888  2964 I ActivityManager: Flag disabled. Ignoring finishAttachApplication from uid: 10168. pid: 11064
06-03 23:27:16.997  1888  2574 I ActivityManager: Flag disabled. Ignoring finishAttachApplication from uid: 10223. pid: 11012
06-03 23:27:17.001  1888  2959 E OplusDexOptimizeManager: Start app fature is off
06-03 23:27:17.003 11059 11059 I Quality : ActivityThread: makeApplication delay 554 com.heytap.mcs 11059
06-03 23:27:17.055  1888  2232 I OplusStatusBarManagerServiceEnhance:  getTopIsFullscreen mTopIsFullscreen: false
06-03 23:27:17.057  1888  1888 D NotificationService--OplusNotificationManagerServiceExtImpl: isForwardToAssistants: false, case : Is in mMcsNotInterceptPkgList or is isSystemApp
06-03 23:27:17.057  1888  1888 D NotificationService: This application enqueue notifications is not need postDelayed
06-03 23:27:17.206  1888  1888 W Looper  : Slow dispatch took 124ms main h=android.os.Handler c=null m=1
06-03 23:27:17.213  1888  1915 W Looper  : Slow dispatch took 140ms android.fg h=android.os.Handler c=<recycled PooledLambda@ca34483> m=0
06-03 23:27:17.254  1888  4287 D CompatChangeReporter: Compat change id reported: 151861875; UID 10188; state: ENABLED
06-03 23:27:17.312  1888  1935 W ActivityManager: Slow operation: 57ms so far, now at startProcess: returned from zygote!
06-03 23:27:17.316  1888  1959 D CameraDelegate: handleMessage MSG_MODE_RECOVERY_BRIGHTNESS 10227
06-03 23:27:17.318  1888  2970 I ActivityManager: Flag disabled. Ignoring finishAttachApplication from uid: 1000. pid: 11059
06-03 23:27:17.319  1888  1935 W ActivityManager: Slow operation: 64ms so far, now at startProcess: done updating battery stats
06-03 23:27:17.320  1888  1935 W ActivityManager: Slow operation: 65ms so far, now at startProcess: building log message
06-03 23:27:17.321  1888  1935 I ActivityManager: Start proc 11170:com.oplus.romupdate/u0a188 for content provider {com.oplus.romupdate/com.oplusos.romupdate.provider.RomUpdateProvider}
06-03 23:27:17.321  1888  1935 W ActivityManager: Slow operation: 66ms so far, now at startProcess: starting to update pids map
06-03 23:27:17.323  1888  1935 W ActivityManager: Slow operation: 68ms so far, now at startProcess: done updating pids map
06-03 23:27:17.361  1888  3497 D CompatChangeReporter: Compat change id reported: 297989574; UID 1000; state: ENABLED
06-03 23:27:17.557  1888  1919 D adaptiveSmoothAnim_FadeAnimController: light os fade anim timeout, isRecentPlaying=true, isFinishByRecent=false, reason=unfinished windows {WindowToken{4b3d6e8 type=2019 android.os.BinderProxy@e97cbda}=Operation{leash=Surface(name=Surface(name=WindowToken{4b3d6e8 type=2019 android.os.BinderProxy@e97cbda})/@0x3fdb854 - animation-leash of token_transform)/@0x363f11a pending=false}, WindowToken{f9147c0 type=2000 android.os.BinderProxy@21a2af2}=Operation{leash=Surface(name=Surface(name=WindowToken{f9147c0 type=2000 android.os.BinderProxy@21a2af2})/@0x709cc1 - animation-leash of token_transform)/@0x6351a3c pending=false}}
06-03 23:27:17.665  1888  1916 D WindowManager: request show transient bar, navigationBar already visible
06-03 23:27:17.698  1888  1960 D PowerManagerService: userActivityNoUpdateLocked: groupId=0, eventTime=718660822, event=touch, flags=0x0, uid=1000
06-03 23:27:17.722  1888  1960 D PowerManagerService: userActivityNoUpdateLocked: groupId=0, eventTime=718660922, event=touch, flags=0x0, uid=1000
06-03 23:27:17.755  1888  3495 I ActivityManager: Flag disabled. Ignoring finishAttachApplication from uid: 10128. pid: 10986
06-03 23:27:17.773  1888  3497 E OplusDexOptimizeManager: Start app fature is off
06-03 23:27:17.774  1888  3497 E OplusDexOptimizeManager: Start app fature is off
06-03 23:27:17.775  1888  3497 W ActivityManager: Slow operation: 115ms so far, now at attachApplicationLocked: before bindApplication
06-03 23:27:17.780  1888  3497 W ActivityManager: Slow operation: 120ms so far, now at attachApplicationLocked: immediately before bindApplication
06-03 23:27:17.788  1888  3497 D ActivityTaskManagerServiceExtImpl: preBindApplication record is null
06-03 23:27:17.803  1888  3497 W ActivityManager: Slow operation: 143ms so far, now at attachApplicationLocked: immediately after bindApplication
06-03 23:27:17.804  1888  3497 W ActivityManager: Slow operation: 144ms so far, now at attachApplicationLocked: after updateLruProcessLocked
06-03 23:27:17.809  1888  3497 W ActivityManager: Slow operation: 148ms so far, now at attachApplicationLocked: after updateOomAdjLocked
06-03 23:27:17.835  1888  1901 W ActivityManager: Receiver with filter android.content.IntentFilter@b3ad2b6 already registered for pid 11059, callerPackage is com.heytap.mcs
06-03 23:27:17.912  1888  2964 E OplusDexOptimizeManager: Start app fature is off
06-03 23:27:17.958 11064 11218 I MirageDisplayWindow: OplusActivityManager createMirageWindowSession
06-03 23:27:17.972  1888  3495 V OplusMiragerDisplaySession: add mUid: 10168 mPid: 11064 com.android.server.display.OplusMiragerDisplaySession@b13839d
06-03 23:27:18.032  1888  4287 W ActivityManager: Receiver with filter android.content.IntentFilter@8f27040 already registered for pid 11059, callerPackage is com.heytap.mcs
06-03 23:27:18.090  1888  3495 I GameManagerServiceExt-GameRemoteCallbackManager: setCosaCallback: android.os.BinderProxy@653e64c
06-03 23:27:18.190  1888  3495 D CompatChangeReporter: Compat change id reported: 151861875; UID 1000; state: ENABLED
06-03 23:27:18.219  1888  3497 E OplusDexOptimizeManager: Start app fature is off
06-03 23:27:18.273  1888  1935 W ActivityManager: Slow operation: 80ms so far, now at startProcess: returned from zygote!
06-03 23:27:18.274  1888  1935 W ActivityManager: Slow operation: 81ms so far, now at startProcess: done updating battery stats
06-03 23:27:18.274  1888  1935 W ActivityManager: Slow operation: 82ms so far, now at startProcess: building log message
06-03 23:27:18.274  1888  1935 I ActivityManager: Start proc 11234:com.oplus.safecenter/1000 for content provider {com.oplus.safecenter/com.oplus.safecenter.olock.provider.SecurityLockProvider}
06-03 23:27:18.275  1888  1935 W ActivityManager: Slow operation: 82ms so far, now at startProcess: starting to update pids map
06-03 23:27:18.275  1888  1935 W ActivityManager: Slow operation: 82ms so far, now at startProcess: done updating pids map
06-03 23:27:18.283 11170 11170 D ResourcesManagerExtImpl: applyConfigurationToAppResourcesLocked app.getDisplayId() return callback.displayId:-1
06-03 23:27:18.340  1888  2574 W AppOpService: Ignored setUidMode call for runtime permission app op: uid = 1001, code = READ_SMS, mode = allow, callingUid = 1001, oldMode = allow
06-03 23:27:18.348  1888  2964 W AppOpService: Ignored setUidMode call for runtime permission app op: uid = 1001, code = RECEIVE_SMS, mode = allow, callingUid = 1001, oldMode = allow
06-03 23:27:18.353  1888  2964 W AppOpService: Ignored setUidMode call for runtime permission app op: uid = 1001, code = RECEIVE_WAP_PUSH, mode = allow, callingUid = 1001, oldMode = allow
06-03 23:27:18.356  1888  2964 W AppOpService: Ignored setUidMode call for runtime permission app op: uid = 1001, code = SEND_SMS, mode = allow, callingUid = 1001, oldMode = allow
06-03 23:27:18.358  1888  2964 W AppOpService: Ignored setUidMode call for runtime permission app op: uid = 1001, code = READ_CELL_BROADCASTS, mode = allow, callingUid = 1001, oldMode = allow
06-03 23:27:18.383 11170 11170 I Quality : SlowSqliteOp:open,/data/user_de/0/com.oplus.romupdate/databases/rom_update.db,false,false,29
06-03 23:27:18.493  1888  2574 E OplusDexOptimizeManager: Start app fature is off
06-03 23:27:18.495  1888  2574 E OplusDexOptimizeManager: Start app fature is off
06-03 23:27:18.495  1888  2574 E OplusDexOptimizeManager: Start app fature is off
06-03 23:27:18.496  1888  2574 E OplusDexOptimizeManager: Start app fature is off
06-03 23:27:18.496  1888  2574 E OplusDexOptimizeManager: Start app fature is off
06-03 23:27:18.496  1888  2574 E OplusDexOptimizeManager: Start app fature is off
06-03 23:27:18.497  1888  2574 E OplusDexOptimizeManager: Start app fature is off
06-03 23:27:18.497  1888  2574 E OplusDexOptimizeManager: Start app fature is off
06-03 23:27:18.498  1888  2574 E OplusDexOptimizeManager: Start app fature is off
06-03 23:27:18.498  1888  2574 E OplusDexOptimizeManager: Start app fature is off
06-03 23:27:18.499  1888  2574 E OplusDexOptimizeManager: Start app fature is off
06-03 23:27:18.501  1888  2574 D ActivityTaskManagerServiceExtImpl: preBindApplication record is null
06-03 23:27:18.626  1888  4287 I ActivityManager: Flag disabled. Ignoring finishAttachApplication from uid: 10188. pid: 11170
06-03 23:27:18.673 11019 11019 I Quality : ActivityThread: makeApplication delay 2418 com.heytap.market 11019
06-03 23:27:18.857 10986 10986 W AnrLogEnhancementHelperImpl: app side detected 10986 static_receiver cost time = 1093
06-03 23:27:18.891  1888  1942 E OplusDexOptimizeManager: Start app fature is off
06-03 23:27:18.903  1888  1901 D VRR [OPlusExternalRefreshRateManager]: isPkgTfcEnable: pkgName = com.coloros.phonemanager, enable = false
06-03 23:27:18.906  1888  1901 D VRR [OPlusExternalRefreshRateManager]: getTfcMinFramerate: pkgName = com.coloros.phonemanager, min framerate = 0
06-03 23:27:18.907  1888  1942 D CompatChangeReporter: Compat change id reported: 151861875; UID 1000; state: ENABLED
06-03 23:27:18.926  1888  1942 E OplusDexOptimizeManager: Start app fature is off
06-03 23:27:19.018  1888  3495 W PackageManager: package com.heytap.market uid 10097 pid 11019 call SetEnabledSetting(com.heytap.market component = androidx.work.impl.background.systemjob.SystemJobService, 1, 0)
06-03 23:27:19.019  1888  1935 W ActivityManager: Slow operation: 58ms so far, now at startProcess: returned from zygote!
06-03 23:27:19.021  1888  1942 E OplusDexOptimizeManager: Start app fature is off
06-03 23:27:19.023 11234 11234 I Quality : ActivityThread: createOrUpdateClassLoaderLocked delay 335 com.oplus.safecenter 11234
06-03 23:27:19.067  1888  1927 D AppProfilerExtImpl: Skipped pss collection for CPU busy
06-03 23:27:19.074  1888  1935 W ActivityManager: Slow operation: 163ms so far, now at startProcess: done updating battery stats
06-03 23:27:19.083  1888  1935 W ActivityManager: Slow operation: 176ms so far, now at startProcess: building log message
06-03 23:27:19.083  1888  1935 I ActivityManager: Start proc 11292:com.oplus.securitypermission/1000 for broadcast {com.oplus.securitypermission/com.oplusos.securitypermission.permission.OplusPermissionReceiver}
06-03 23:27:19.083  1888  1935 W ActivityManager: Slow operation: 176ms so far, now at startProcess: starting to update pids map
06-03 23:27:19.083  1888  1935 W ActivityManager: Slow operation: 176ms so far, now at startProcess: done updating pids map
06-03 23:27:19.129  1888  1942 E OplusDexOptimizeManager: Start app fature is off
06-03 23:27:19.208  1888  1935 W ActivityManager: Slow operation: 56ms so far, now at startProcess: returned from zygote!
06-03 23:27:19.209  1888  1935 W ActivityManager: Slow operation: 57ms so far, now at startProcess: done updating battery stats
06-03 23:27:19.209  1888  1935 W ActivityManager: Slow operation: 57ms so far, now at startProcess: building log message
06-03 23:27:19.209  1888  1935 I ActivityManager: Start proc 11314:com.oplus.notificationmanager/1000 for service {com.oplus.notificationmanager/com.oplus.notification.NotificationCenterService}
06-03 23:27:19.209  1888  1935 W ActivityManager: Slow operation: 57ms so far, now at startProcess: starting to update pids map
06-03 23:27:19.209  1888  1935 W ActivityManager: Slow operation: 57ms so far, now at startProcess: done updating pids map
06-03 23:27:19.551  1888  3495 W PackageManager: package com.heytap.market uid 10097 pid 11019 call SetEnabledSetting(com.heytap.market component = com.oplus.market.search.desktopcard.widget.DesktopSearchWidget, 1, 0)
06-03 23:27:19.551  1888  4287 E OplusDexOptimizeManager: Start app fature is off
06-03 23:27:19.551  1888  4287 E OplusDexOptimizeManager: Start app fature is off
06-03 23:27:19.566  1888  4287 E OplusDexOptimizeManager: Start app fature is off
06-03 23:27:19.566  1888  4287 E OplusDexOptimizeManager: Start app fature is off
06-03 23:27:19.573 11368 11569 V ShellRecents: RecentsTransitionHandler.startRecentsTransition
06-03 23:27:19.580 11368 11569 V WindowManagerShell: Directly starting a new transition type=3 wct=WindowContainerTransaction { changes = {} hops = [{PendingIntent: options=Bundle[mParcelledData.dataSize=648]}] errorCallbackToken=null taskFragmentOrganizer=null } handler=com.android.wm.shell.recents.RecentsTransitionHandler@8278b0
06-03 23:27:19.618  1888  2970 D FlexibleTaskController: hideZoomWindow flag = 12 ,caller = 5252
06-03 23:27:19.646 11234 11234 I Quality : GetResourcesInfo:573692307,/system_ext/app/SafeCenter/SafeCenter.apk
06-03 23:27:19.649  1888  4287 W ActivityManager: Slow operation: 61ms so far, now at attachApplicationLocked: immediately before bindApplication
06-03 23:27:19.686  1888  5204 D CompatChangeReporter: Compat change id reported: 311402873; UID 10204; state: ENABLED
06-03 23:27:19.686  1888  1919 D adaptiveSmoothAnim: checkSecondaryPageStartupStatus not support sourcePackage=com.android.launcher
06-03 23:27:19.694  1888  1919 W ActivityTaskManager: callingPackage for (uid=1000, pid=1888) is ambiguous: [android, com.oplus.appplatform, com.android.providers.settings, com.android.server.telecom, com.oplus.athena, com.android.location.fused, com.mediatek.location.lppe.main]
06-03 23:27:19.696  6530  6530 I Quality : GetResourcesInfo:252380923,/product/priv-app/OPSynergy/OPSynergy.apk
06-03 23:27:19.710  1888  5204 D CompatChangeReporter: Compat change id reported: 323349338; UID 10204; state: ENABLED
06-03 23:27:19.773  5252  5252 D ActivityThread: ComponentInfo{com.android.launcher/com.android.launcher.Launcher} checkFinished=false 2
06-03 23:27:19.774  5252  5252 D ResourcesManagerExtImpl: applyConfigurationToAppResourcesLocked app.getDisplayId() return callback.displayId:0
06-03 23:27:19.775  1888  2057 V AlarmManager: sending alarm Alarm{bd1c8a1 type 2 origWhen 1492231989 whenElapsed 1492232034 android} uid 1000 whenElapsed 1492232034 windowLength 0 maxWhenElapsed 1492232034 repeatInterval 0 action null component null tag *job.deadline* flags 0x0 procName system_server
06-03 23:27:19.789  1888  1919 W ActivityStartInterceptor: Starting home with component specified, uid=10207
06-03 23:27:19.821  1888  1960 D PowerManagerService: userActivityNoUpdateLocked: groupId=0, eventTime=718662959, event=touch, flags=0x0, uid=1000
06-03 23:27:19.832  1888  2970 D FlexibleTaskController: hideZoomWindow flag = 12 ,caller = 5252
06-03 23:27:19.911  1888  2057 V AlarmManager: sending alarm Alarm{f9aac6 type 3 origWhen 1492231788 whenElapsed 1492231788 com.google.android.gms} uid 10134 whenElapsed 1492231788 windowLength 57456 maxWhenElapsed 1492289244 repeatInterval 0 action com.google.android.gms.gcm.ACTION_CHECK_QUEUE component ComponentInfo{com.google.android.gms/com.google.android.gms.gcm.nts.SchedulerInternalReceiver} flags 0x0 procName com.google.android.gms.persistent
06-03 23:27:20.014  1888  3493 D UsageStatsService: User[0] type=0 b=1780509337249 e=1780509439868 cb=1780508520804 ce=1780509439147 disk=0 all=23
06-03 23:27:20.020  1888  3493 W OplusSelfProtectManager: [addProtectRecord] com.coloros.phonemanager not in whitelist, can't add to protect
06-03 23:27:20.077  1888  5204 I OplusAppSwitchManagerService: appswitch unregisterAppSwitchObserver pkgName = com.oplus.nas config = OplusAppSwitchConfig = {  mConfigs = {} observerFingerPrint = 63190612}
06-03 23:27:20.078  1888  5204 I OplusAppSwitchStateDispatcher: unregisterAppSwitchObserver ok, pkgName = com.oplus.nas info = OplusAppSwitchRuleInfo = {  observer = null observerFingerPrint = 63190612}
06-03 23:27:20.139  1888  1919 D WindowManager: NFW_setClientVisible:ActivityRecord{d822ef0 u0 com.android.launcher/.Launcher clientVisible:true
06-03 23:27:20.170 11368 11368 I Quality : GetResourcesInfo:254066077,/data/app/~~CZOx3-D6Xo-QENtwi9CGMA==/com.aegisapp-a8dQhe3fmwoATRvh6l42PA==/base.apk
06-03 23:27:20.223  1888  1919 D FlexibleTaskController: isSupportFlexibleWindow target = com.android.launcher/.Launcher callPkg = FlexibleTaskController support = false ,caller = 1888
06-03 23:27:20.236  1888  1919 D FlexibleWindowManagerService: isIgnoreAppearedAcrossTask:false
06-03 23:27:20.249  1888  1919 D ActivityStarterExtImpl: setForceUpdateWindow, targetTask = Task{3034aab #5 type=home I=com.android.launcher/.Launcher} r = ActivityRecord{d822ef0 u0 com.android.launcher/.Launcher t-1} notFinish =false
06-03 23:27:20.249  1888  1919 D FlexibleWindowManagerService: isIgnoreAppearedAcrossTask:false
06-03 23:27:20.250  1888  1919 D FlexibleTaskController: adjustOptionsForFlexibleTask skip adjust options reason:1
06-03 23:27:20.250  1888  1919 I TaskFragmentExtImpl: reset pause in recents anim for mTaskFragment: Task{3034aab #5 type=home I=com.android.launcher/.Launcher}
06-03 23:27:20.250  1888  1919 D FlexibleTaskController: isSupportFlexibleWindow target = com.android.launcher/.Launcher callPkg = FlexibleTaskController support = false ,caller = 1888
06-03 23:27:20.250  1888  1919 D FlexibleTaskController: shouldKeepFlexibleTask flexibleTask not active.
06-03 23:27:20.272  1888  1919 D ActivityStarterExtImpl: isLaunchingRootActivity = true
06-03 23:27:20.273  1888  1919 D OplusAppQuickStart_AppQuickStartController: set SyncGroup 4559 TransitionLaunch true.
